%!Adobe-FontList 1.04

%BeginFont
Handler:DirectoryHandler
FontType:Type1
FontName:Courier-BoldOblique
FamilyName:Courier
StyleName:Bold Oblique
FullName:Courier Bold Oblique
WritingScript:Roman
OutlineFileName:\cobo____.pfb
DataFormat:Plain
UsesStandardEncoding:yes
isCFF:no
FileLength:50532
WeightClass:700
WidthClass:5
AngleClass:1
%EndFont

%BeginFont
Handler:DirectoryHandler
FontType:Type1
FontName:Courier-Bold
FamilyName:Courier
StyleName:Bold
FullName:Courier Bold
WritingScript:Roman
OutlineFileName:\cob_____.pfb
DataFormat:Plain
UsesStandardEncoding:yes
isCFF:no
FileLength:35500
WeightClass:700
WidthClass:5
AngleClass:0
%EndFont

%BeginFont
Handler:DirectoryHandler
FontType:Type1
FontName:Courier
FamilyName:Courier
StyleName:Regular
FullName:Courier
WritingScript:Roman
OutlineFileName:\com_____.pfb
DataFormat:Plain
UsesStandardEncoding:yes
isCFF:no
FileLength:34585
WeightClass:400
WidthClass:5
AngleClass:0
%EndFont

%BeginFont
Handler:DirectoryHandler
FontType:Type1
FontName:Courier-Oblique
FamilyName:Courier
StyleName:Oblique
FullName:Courier Oblique
WritingScript:Roman
OutlineFileName:\coo_____.pfb
DataFormat:Plain
UsesStandardEncoding:yes
isCFF:no
FileLength:48468
WeightClass:400
WidthClass:5
AngleClass:1
%EndFont

%BeginFont
Handler:DirectoryHandler
FontType:Type1
FontName:Symbol
FamilyName:Symbol
StyleName:Regular
FullName:Symbol
WritingScript:Roman
OutlineFileName:\SY______.PFB
DataFormat:Plain
UsesStandardEncoding:no
isCFF:no
FileLength:34705
WeightClass:400
WidthClass:5
AngleClass:0
%EndFont

%BeginFont
Handler:DirectoryHandler
FontType:Type1
FontName:ZapfDingbats
FamilyName:ITC Zapf Dingbats
StyleName:Regular
FullName:ITC Zapf Dingbats
WritingScript:Roman
OutlineFileName:\ZD______.PFB
DataFormat:Plain
UsesStandardEncoding:no
isCFF:no
FileLength:49593
WeightClass:400
WidthClass:5
AngleClass:0
%EndFont

%BeginFont
Handler:DirectoryHandler
FontType:Type1
FontName:AdobeSansMM
FamilyName:Adobe Sans MM
StyleName:Regular
FullName:Adobe Sans MM
WritingScript:Roman
OutlineFileName:\ZX______.PFB
DataFormat:Plain
MMAxisName:Weight
MMAxisName:Width
UsesStandardEncoding:yes
isCFF:no
FileLength:75573
WeightClass:400
WidthClass:5
AngleClass:0
%EndFont

%BeginFont
Handler:DirectoryHandler
FontType:Type1
FontName:AdobeSerifMM
FamilyName:Adobe Serif MM
StyleName:Regular
FullName:Adobe Serif MM
WritingScript:Roman
OutlineFileName:\ZY______.PFB
DataFormat:Plain
MMAxisName:Weight
MMAxisName:Width
UsesStandardEncoding:yes
isCFF:no
FileLength:96418
WeightClass:400
WidthClass:5
AngleClass:0
%EndFont

%BeginFont
Handler:DirectoryHandler
FontType:Type1
FontName:Arial-BoldItalicMT
FamilyName:Arial MT
StyleName:Bold Italic
FullName:Arial MT Bold Italic
WritingScript:Roman
OutlineFileName:\_ABI____.PFB
DataFormat:Plain
UsesStandardEncoding:yes
isCFF:no
FileLength:32019
WeightClass:700
WidthClass:5
AngleClass:1
%EndFont

%BeginFont
Handler:DirectoryHandler
FontType:Type1
FontName:Arial-BoldMT
FamilyName:Arial MT
StyleName:Bold
FullName:Arial MT Bold
WritingScript:Roman
OutlineFileName:\_AB_____.PFB
DataFormat:Plain
UsesStandardEncoding:yes
isCFF:no
FileLength:31966
WeightClass:700
WidthClass:5
AngleClass:0
%EndFont

%BeginFont
Handler:DirectoryHandler
FontType:Type1
FontName:Arial-ItalicMT
FamilyName:Arial MT
StyleName:Italic
FullName:Arial MT Italic
WritingScript:Roman
OutlineFileName:\_AI_____.PFB
DataFormat:Plain
UsesStandardEncoding:yes
isCFF:no
FileLength:32115
WeightClass:400
WidthClass:5
AngleClass:1
%EndFont

%BeginFont
Handler:DirectoryHandler
FontType:Type1
FontName:ArialMT
FamilyName:Arial MT
StyleName:Regular
FullName:Arial MT
WritingScript:Roman
OutlineFileName:\_A______.PFB
DataFormat:Plain
UsesStandardEncoding:yes
isCFF:no
FileLength:32084
WeightClass:400
WidthClass:5
AngleClass:0
%EndFont

%BeginFont
Handler:DirectoryHandler
FontType:Type1
FontName:TimesNewRomanPS-BoldItalicMT
FamilyName:Times New Roman PS
StyleName:Bold Italic
FullName:Times New Roman PS Bold Italic
WritingScript:Roman
OutlineFileName:\_ebi____.pfb
DataFormat:Plain
UsesStandardEncoding:yes
isCFF:no
FileLength:38543
WeightClass:700
WidthClass:5
AngleClass:1
%EndFont

%BeginFont
Handler:DirectoryHandler
FontType:Type1
FontName:TimesNewRomanPS-BoldMT
FamilyName:Times New Roman PS
StyleName:Bold
FullName:Times New Roman PS Bold
WritingScript:Roman
OutlineFileName:\_eb_____.pfb
DataFormat:Plain
UsesStandardEncoding:yes
isCFF:no
FileLength:35377
WeightClass:700
WidthClass:5
AngleClass:0
%EndFont

%BeginFont
Handler:DirectoryHandler
FontType:Type1
FontName:TimesNewRomanPS-ItalicMT
FamilyName:Times New Roman PS
StyleName:Italic
FullName:Times New Roman PS Italic
WritingScript:Roman
OutlineFileName:\_ei_____.pfb
DataFormat:Plain
UsesStandardEncoding:yes
isCFF:no
FileLength:37518
WeightClass:400
WidthClass:5
AngleClass:1
%EndFont

%BeginFont
Handler:DirectoryHandler
FontType:Type1
FontName:TimesNewRomanPSMT
FamilyName:Times New Roman PS
StyleName:Regular
FullName:Times New Roman PS
WritingScript:Roman
OutlineFileName:\_er_____.pfb
DataFormat:Plain
UsesStandardEncoding:yes
isCFF:no
FileLength:35380
WeightClass:400
WidthClass:5
AngleClass:0
%EndFont

%BeginFont
Handler:DirectoryHandler
FontType:PFM
FontName:Courier-BoldOblique
NumMMAxes:0
OutlineFileName:\PFM\COBO____.PFM
FileLength:686
%EndFont

%BeginFont
Handler:DirectoryHandler
FontType:PFM
FontName:Courier-Bold
NumMMAxes:0
OutlineFileName:\PFM\COB_____.PFM
FileLength:679
%EndFont

%BeginFont
Handler:DirectoryHandler
FontType:PFM
FontName:Courier
NumMMAxes:0
OutlineFileName:\PFM\COM_____.PFM
FileLength:674
%EndFont

%BeginFont
Handler:DirectoryHandler
FontType:PFM
FontName:Courier-Oblique
NumMMAxes:0
OutlineFileName:\PFM\COO_____.PFM
FileLength:682
%EndFont

%BeginFont
Handler:DirectoryHandler
FontType:PFM
FontName:Symbol
NumMMAxes:0
OutlineFileName:\PFM\SY______.PFM
FileLength:672
%EndFont

%BeginFont
Handler:DirectoryHandler
FontType:PFM
FontName:ZapfDingbats
NumMMAxes:0
OutlineFileName:\PFM\ZD______.PFM
FileLength:684
%EndFont

%BeginFont
Handler:DirectoryHandler
FontType:PFM
FontName:AdobeSansMM
NumMMAxes:2
OutlineFileName:\PFM\ZX______.MMM
FileLength:7248
%EndFont

%BeginFont
Handler:DirectoryHandler
FontType:PFM
FontName:AdobeSansMM
NumMMAxes:0
OutlineFileName:\PFM\zx______.pfm
FileLength:683
%EndFont

%BeginFont
Handler:DirectoryHandler
FontType:PFM
FontName:AdobeSerifMM
NumMMAxes:2
OutlineFileName:\PFM\ZY______.MMM
FileLength:7248
%EndFont

%BeginFont
Handler:DirectoryHandler
FontType:PFM
FontName:AdobeSerifMM
NumMMAxes:0
OutlineFileName:\PFM\zy______.pfm
FileLength:684
%EndFont

%BeginFont
Handler:DirectoryHandler
FontType:PFM
FontName:Arial-BoldItalicMT
NumMMAxes:0
OutlineFileName:\PFM\_ABI____.PFM
FileLength:5336
%EndFont

%BeginFont
Handler:DirectoryHandler
FontType:PFM
FontName:Arial-BoldMT
NumMMAxes:0
OutlineFileName:\PFM\_AB_____.PFM
FileLength:5330
%EndFont

%BeginFont
Handler:DirectoryHandler
FontType:PFM
FontName:Arial-ItalicMT
NumMMAxes:0
OutlineFileName:\PFM\_AI_____.PFM
FileLength:5816
%EndFont

%BeginFont
Handler:DirectoryHandler
FontType:PFM
FontName:ArialMT
NumMMAxes:0
OutlineFileName:\PFM\_A______.PFM
FileLength:5809
%EndFont

%BeginFont
Handler:DirectoryHandler
FontType:PFM
FontName:TimesNewRomanPS-BoldItalicMT
NumMMAxes:0
OutlineFileName:\PFM\_ebi____.pfm
FileLength:4683
%EndFont

%BeginFont
Handler:DirectoryHandler
FontType:PFM
FontName:TimesNewRomanPS-BoldMT
NumMMAxes:0
OutlineFileName:\PFM\_eb_____.pfm
FileLength:4941
%EndFont

%BeginFont
Handler:DirectoryHandler
FontType:PFM
FontName:TimesNewRomanPS-ItalicMT
NumMMAxes:0
OutlineFileName:\PFM\_ei_____.pfm
FileLength:4815
%EndFont

%BeginFont
Handler:DirectoryHandler
FontType:PFM
FontName:TimesNewRomanPSMT
NumMMAxes:0
OutlineFileName:\PFM\_er_____.pfm
FileLength:4692
%EndFont

