******************************************************************************
             TMS320C2000 Linker PC v6.1.3                      
******************************************************************************
>> Linked Mon Mar 20 10:35:30 2017

OUTPUT FILE NAME:   <./Debug/Example_Flash28333_API.out>
ENTRY POINT SYMBOL: "code_start"  address: 0033fff6


MEMORY CONFIGURATION

         name            origin    length      used     unused   attr    fill
----------------------  --------  ---------  --------  --------  ----  --------
PAGE 0:
  ZONE0                 00004000   00001000  00000000  00001000  RWIX
  RAML0                 00008000   00001000  000006c5  0000093b  RWIX
  RAML1                 00009000   00001000  00000000  00001000  RWIX
  RAML2                 0000a000   00001000  00000000  00001000  RWIX
  RAML3                 0000b000   00001000  00000000  00001000  RWIX
  ZONE6                 00100000   00100000  00000000  00100000  RWIX
  ZONE7A                00200000   0000fc00  00000000  0000fc00  RWIX
  FLASHH                00300000   00008000  00000000  00008000  RWIX
  FLASHG                00308000   00008000  00000000  00008000  RWIX
  FLASHF                00310000   00008000  00000000  00008000  RWIX
  FLASHE                00318000   00008000  00000000  00008000  RWIX
  FLASHD                00320000   00008000  000006c5  0000793b  RWIX
  FLASHC                00328000   00008000  00000000  00008000  RWIX
  FLASHA                00338000   00007f80  0000023c  00007d44  RWIX
  CSM_RSVD              0033ff80   00000076  00000076  00000000  RWIX
  BEGIN                 0033fff6   00000002  00000002  00000000  RWIX
  CSM_PWL               0033fff8   00000008  00000008  00000000  RWIX
  ADC_CAL               00380080   00000009  00000000  00000009  RWIX
  OTP                   00380400   00000400  00000000  00000400  RWIX
  IQTABLES              003fe000   00000b50  00000000  00000b50  RWIX
  IQTABLES2             003feb50   0000008c  00000000  0000008c  RWIX
  FPUTABLES             003febdc   000006a0  00000000  000006a0  RWIX
  ROM                   003ff27c   00000d44  00000000  00000d44  RWIX
  RESET                 003fffc0   00000002  00000000  00000002  RWIX
  VECTORS               003fffc2   0000003e  00000000  0000003e  RWIX

PAGE 1:
  BOOT_RSVD             00000000   00000050  00000000  00000050  RWIX
  RAMM0                 00000050   000003b0  00000000  000003b0  RWIX
  RAMM1                 00000400   00000400  00000400  00000000  RWIX
  DEV_EMU               00000880   00000180  00000000  00000180  RWIX
  FLASH_REGS            00000a80   00000060  00000008  00000058  RWIX
  CSM                   00000ae0   00000010  00000010  00000000  RWIX
  ADC_MIRROR            00000b00   00000010  00000000  00000010  RWIX
  XINTF                 00000b20   00000020  00000000  00000020  RWIX
  CPU_TIMER0            00000c00   00000008  00000000  00000008  RWIX
  CPU_TIMER1            00000c08   00000008  00000000  00000008  RWIX
  CPU_TIMER2            00000c10   00000008  00000000  00000008  RWIX
  PIE_CTRL              00000ce0   00000020  00000000  00000020  RWIX
  PIE_VECT              00000d00   00000100  00000000  00000100  RWIX
  DMA                   00001000   00000200  00000000  00000200  RWIX
  MCBSPA                00005000   00000040  00000000  00000040  RWIX
  MCBSPB                00005040   00000040  00000000  00000040  RWIX
  ECANA                 00006000   00000040  00000000  00000040  RWIX
  ECANA_LAM             00006040   00000040  00000000  00000040  RWIX
  ECANA_MOTS            00006080   00000040  00000000  00000040  RWIX
  ECANA_MOTO            000060c0   00000040  00000000  00000040  RWIX
  ECANA_MBOX            00006100   00000100  00000000  00000100  RWIX
  ECANB                 00006200   00000040  00000000  00000040  RWIX
  ECANB_LAM             00006240   00000040  00000000  00000040  RWIX
  ECANB_MOTS            00006280   00000040  00000000  00000040  RWIX
  ECANB_MOTO            000062c0   00000040  00000000  00000040  RWIX
  ECANB_MBOX            00006300   00000100  00000000  00000100  RWIX
  EPWM1                 00006800   00000022  00000000  00000022  RWIX
  EPWM2                 00006840   00000022  00000000  00000022  RWIX
  EPWM3                 00006880   00000022  00000000  00000022  RWIX
  EPWM4                 000068c0   00000022  00000000  00000022  RWIX
  EPWM5                 00006900   00000022  00000000  00000022  RWIX
  EPWM6                 00006940   00000022  00000000  00000022  RWIX
  ECAP1                 00006a00   00000020  00000000  00000020  RWIX
  ECAP2                 00006a20   00000020  00000000  00000020  RWIX
  ECAP3                 00006a40   00000020  00000000  00000020  RWIX
  ECAP4                 00006a60   00000020  00000000  00000020  RWIX
  ECAP5                 00006a80   00000020  00000000  00000020  RWIX
  ECAP6                 00006aa0   00000020  00000000  00000020  RWIX
  EQEP1                 00006b00   00000040  00000000  00000040  RWIX
  EQEP2                 00006b40   00000040  00000000  00000040  RWIX
  GPIOCTRL              00006f80   00000040  0000002e  00000012  RWIX
  GPIODAT               00006fc0   00000020  00000020  00000000  RWIX
  GPIOINT               00006fe0   00000020  00000000  00000020  RWIX
  SYSTEM                00007010   00000020  00000020  00000000  RWIX
  SPIA                  00007040   00000010  00000000  00000010  RWIX
  SCIA                  00007050   00000010  00000000  00000010  RWIX
  XINTRUPT              00007070   00000010  00000000  00000010  RWIX
  ADC                   00007100   00000020  00000000  00000020  RWIX
  SCIB                  00007750   00000010  00000000  00000010  RWIX
  SCIC                  00007770   00000010  00000000  00000010  RWIX
  I2CA                  00007900   00000040  00000000  00000040  RWIX
  RAML4                 0000c000   00001000  0000054c  00000ab4  RWIX
  RAML5                 0000d000   00001000  00000000  00001000  RWIX
  RAML6                 0000e000   00001000  00000000  00001000  RWIX
  RAML7                 0000f000   00001000  00000000  00001000  RWIX
  ZONE7B                0020fc00   00000400  00000000  00000400  RWIX
  FLASHB                00330000   00008000  00000000  00008000  RWIX
  CSM_PWL               0033fff8   00000008  00000008  00000000  RWIX
  PARTID                00380090   00000001  00000000  00000001  RWIX


SECTION ALLOCATION MAP

 output                                  attributes/
section   page    origin      length       input sections
--------  ----  ----------  ----------   ----------------
.pinit     0    00338000    00000000     UNINITIALIZED

Flash28_API 
*          0    00320000    00000560     RUN ADDR = 00008000
                  00320000    00000020     Flash28333_API_V210.lib : Flash28_Erase.obj (.econst:_Sector$1)
                  00320020    00000008                             : Flash28_Erase.obj (.econst:_SecKey$2)
                  00320028    000000aa                             : Flash28_Prog.obj (.text)
                  003200d2    000000a0                             : Flash28_Erase.obj (.text)
                  00320172    0000009a                             : Flash28_Erase_Pulse.obj (.text)
                  0032020c    00000084                             : Flash28_Internals.obj (.text)
                  00320290    00000080                             : Flash28_Prog_Pulse.obj (.text)
                  00320310    0000007d                             : Flash28_Compact_Pulse.obj (.text)
                  0032038d    0000005a                             : Flash28_EraseSector.obj (.text)
                  003203e7    00000053                             : Flash28_CompactSector.obj (.text)
                  0032043a    00000044                             : Flash28_Verify.obj (.text)
                  0032047e    00000041                             : Flash28_ClearLoop.obj (.text)
                  003204bf    00000033                             : Flash28_ClearSector.obj (.text)
                  003204f2    00000029                             : Flash28_Init.obj (.text)
                  0032051b    00000015                             : Flash28_ToggleTest.obj (.text)
                  00320530    00000014                             : Flash28_Utils.obj (.text)
                  00320544    0000000d                             : Flash28_Delay.obj (.text)
                  00320551    00000007                             : Flash28_DisInt.obj (.text)
                  00320558    00000005                             : Flash28_Version.obj (.text)
                  0032055d    00000003                             : Flash28_Version_Hex.obj (.text)

ramfuncs   0    00320560    00000165     RUN ADDR = 00008560
                  00320560    00000165     Example_Flash2833x_API.obj (ramfuncs)

.text      0    00338000    000001f9     
                  00338000    0000015d     Example_Flash2833x_API.obj (.text)
                  0033815d    00000046     rts2800_fpu32.lib : boot.obj (.text)
                  003381a3    00000019                       : args_main.obj (.text)
                  003381bc    00000019                       : exit.obj (.text)
                  003381d5    0000000b     DSP2833x_CSMPasswords.obj (.text)
                  003381e0    00000009     rts2800_fpu32.lib : _lock.obj (.text)
                  003381e9    00000008     DSP2833x_CodeStartBranch.obj (.text)
                  003381f1    00000008     Example_Flash2833x_CsmKeys.obj (.text)

.cinit     0    003381f9    00000043     
                  003381f9    00000023     Example_Flash2833x_API.obj (.cinit)
                  0033821c    0000000a     Flash28333_API_V210.lib : Flash28_Globals.obj (.cinit)
                  00338226    0000000a     rts2800_fpu32.lib : _lock.obj (.cinit)
                  00338230    0000000a                       : exit.obj (.cinit)
                  0033823a    00000002     --HOLE-- [fill = 0]

csm_rsvd   0    0033ff80    00000076     
                  0033ff80    00000076     DSP2833x_CSMPasswords.obj (csm_rsvd)

codestart 
*          0    0033fff6    00000002     
                  0033fff6    00000002     DSP2833x_CodeStartBranch.obj (codestart)

csmpasswds 
*          0    0033fff8    00000008     
                  0033fff8    00000008     DSP2833x_CSMPasswords.obj (csmpasswds)

.reset     0    003fffc0    00000002     DSECT
                  003fffc0    00000002     rts2800_fpu32.lib : boot.obj (.reset)

vectors    0    003fffc2    00000000     DSECT

.stack     1    00000400    00000400     UNINITIALIZED
                  00000400    00000400     --HOLE--

FlashRegsFile 
*          1    00000a80    00000008     UNINITIALIZED
                  00000a80    00000008     Example_Flash2833x_GlobalVariableDefs.obj (FlashRegsFile)

CsmRegsFile 
*          1    00000ae0    00000010     UNINITIALIZED
                  00000ae0    00000010     Example_Flash2833x_GlobalVariableDefs.obj (CsmRegsFile)

GpioCtrlRegsFile 
*          1    00006f80    0000002e     UNINITIALIZED
                  00006f80    0000002e     Example_Flash2833x_GlobalVariableDefs.obj (GpioCtrlRegsFile)

GpioDataRegsFile 
*          1    00006fc0    00000020     UNINITIALIZED
                  00006fc0    00000020     Example_Flash2833x_GlobalVariableDefs.obj (GpioDataRegsFile)

SysCtrlRegsFile 
*          1    00007010    00000020     UNINITIALIZED
                  00007010    00000020     Example_Flash2833x_GlobalVariableDefs.obj (SysCtrlRegsFile)

.ebss      1    0000c000    0000054c     UNINITIALIZED
                  0000c000    00000540     Example_Flash2833x_API.obj (.ebss)
                  0000c540    00000004     Flash28333_API_V210.lib : Flash28_Globals.obj (.ebss)
                  0000c544    00000004     rts2800_fpu32.lib : _lock.obj (.ebss)
                  0000c548    00000004                       : exit.obj (.ebss)

CsmPwlFile 
*          1    0033fff8    00000008     UNINITIALIZED
                  0033fff8    00000008     Example_Flash2833x_GlobalVariableDefs.obj (CsmPwlFile)


GLOBAL SYMBOLS: SORTED ALPHABETICALLY BY Name 

address    name
--------   ----
00338000   .text
003381bc   C$$EXIT
0000c040   _Buffer
0033fff8   _CsmPwl
003381d5   _CsmPwlDummyRead
00000ae0   _CsmRegs
00008560   _Example_CallFlashAPI
0033804d   _Example_CsmUnlock
000086b9   _Example_Done
000086b2   _Example_Error
00338148   _Example_MemCopy
0033809c   _Example_ToggleTest
000084bf   _Fl28333_ClearSector
000083e7   _Fl28333_CompactSector
0000838d   _Fl28333_EraseSector
000084f2   _Fl28333_Init
0000847e   _Fl28x_ClearLoop
0000826e   _Fl28x_ClosePulse
0000834a   _Fl28x_CompactPulse
00008310   _Fl28x_CompactVerify
00008544   _Fl28x_Delay
00008551   _Fl28x_DisableInt
00008538   _Fl28x_DisableNMI
00008219   _Fl28x_EnterCmdMode
000081ba   _Fl28x_ErasePulse
00008172   _Fl28x_EraseVerify
0000823e   _Fl28x_FlashRegSleep
0000820c   _Fl28x_LeaveCmdMode
00008285   _Fl28x_MaskAll
0000825d   _Fl28x_OpenPulse
000082ce   _Fl28x_ProgPulse
00008290   _Fl28x_ProgVerify
00008555   _Fl28x_RestoreInt
00008530   _Fl28x_WatchDogDisable
00008558   _Flash28333_APIVersion
0000855d   _Flash28333_APIVersionHex
000080d2   _Flash28333_Erase
00008028   _Flash28333_Program
0000851b   _Flash28333_ToggleTest
0000843a   _Flash28333_Verify
00320560   _Flash28_API_LoadEnd
00320000   _Flash28_API_LoadStart
00008000   _Flash28_API_RunStart
00000a80   _FlashRegs
0000c002   _FlashStatus
0000c542   _Flash_CPUScaleFactor
0000c540   _Flash_CallbackPtr
00006f80   _GpioCtrlRegs
00006fc0   _GpioDataRegs
0000c000   _MyCallbackCounter
000086bd   _MyCallbackFunction
003381f1   _PRG_key0
003381f2   _PRG_key1
003381f3   _PRG_key2
003381f4   _PRG_key3
003381f5   _PRG_key4
003381f6   _PRG_key5
003381f7   _PRG_key6
003381f8   _PRG_key7
003206c5   _RamfuncsLoadEnd
00320560   _RamfuncsLoadStart
00008560   _RamfuncsRunStart
0000c006   _Sector
00007010   _SysCtrlRegs
00000800   __STACK_END
00000400   __STACK_SIZE
00000001   __TI_args_main
ffffffff   ___binit__
ffffffff   ___c_args__
003381f9   ___cinit__
003381f9   ___etext__
ffffffff   ___pinit__
00338000   ___text__
003381a3   __args_main
0000c548   __cleanup_ptr
0000c54a   __dtors_ptr
0000c546   __lock
003381e8   __nop
003381e4   __register_lock
003381e0   __register_unlock
00000400   __stack
0000c544   __unlock
003381bc   _abort
0033815d   _c_int00
003381be   _exit
00338000   _main
ffffffff   binit
003381f9   cinit
0033fff6   code_start
003381f9   etext
ffffffff   pinit


GLOBAL SYMBOLS: SORTED BY Symbol Address 

address    name
--------   ----
00000001   __TI_args_main
00000400   __STACK_SIZE
00000400   __stack
00000800   __STACK_END
00000a80   _FlashRegs
00000ae0   _CsmRegs
00006f80   _GpioCtrlRegs
00006fc0   _GpioDataRegs
00007010   _SysCtrlRegs
00008000   _Flash28_API_RunStart
00008028   _Flash28333_Program
000080d2   _Flash28333_Erase
00008172   _Fl28x_EraseVerify
000081ba   _Fl28x_ErasePulse
0000820c   _Fl28x_LeaveCmdMode
00008219   _Fl28x_EnterCmdMode
0000823e   _Fl28x_FlashRegSleep
0000825d   _Fl28x_OpenPulse
0000826e   _Fl28x_ClosePulse
00008285   _Fl28x_MaskAll
00008290   _Fl28x_ProgVerify
000082ce   _Fl28x_ProgPulse
00008310   _Fl28x_CompactVerify
0000834a   _Fl28x_CompactPulse
0000838d   _Fl28333_EraseSector
000083e7   _Fl28333_CompactSector
0000843a   _Flash28333_Verify
0000847e   _Fl28x_ClearLoop
000084bf   _Fl28333_ClearSector
000084f2   _Fl28333_Init
0000851b   _Flash28333_ToggleTest
00008530   _Fl28x_WatchDogDisable
00008538   _Fl28x_DisableNMI
00008544   _Fl28x_Delay
00008551   _Fl28x_DisableInt
00008555   _Fl28x_RestoreInt
00008558   _Flash28333_APIVersion
0000855d   _Flash28333_APIVersionHex
00008560   _Example_CallFlashAPI
00008560   _RamfuncsRunStart
000086b2   _Example_Error
000086b9   _Example_Done
000086bd   _MyCallbackFunction
0000c000   _MyCallbackCounter
0000c002   _FlashStatus
0000c006   _Sector
0000c040   _Buffer
0000c540   _Flash_CallbackPtr
0000c542   _Flash_CPUScaleFactor
0000c544   __unlock
0000c546   __lock
0000c548   __cleanup_ptr
0000c54a   __dtors_ptr
00320000   _Flash28_API_LoadStart
00320560   _Flash28_API_LoadEnd
00320560   _RamfuncsLoadStart
003206c5   _RamfuncsLoadEnd
00338000   .text
00338000   ___text__
00338000   _main
0033804d   _Example_CsmUnlock
0033809c   _Example_ToggleTest
00338148   _Example_MemCopy
0033815d   _c_int00
003381a3   __args_main
003381bc   C$$EXIT
003381bc   _abort
003381be   _exit
003381d5   _CsmPwlDummyRead
003381e0   __register_unlock
003381e4   __register_lock
003381e8   __nop
003381f1   _PRG_key0
003381f2   _PRG_key1
003381f3   _PRG_key2
003381f4   _PRG_key3
003381f5   _PRG_key4
003381f6   _PRG_key5
003381f7   _PRG_key6
003381f8   _PRG_key7
003381f9   ___cinit__
003381f9   ___etext__
003381f9   cinit
003381f9   etext
0033fff6   code_start
0033fff8   _CsmPwl
ffffffff   ___binit__
ffffffff   ___c_args__
ffffffff   ___pinit__
ffffffff   binit
ffffffff   pinit

[91 symbols]
