******************************************************************************
TMS320C1x/C2x/C2xx/C5x COFF Linker           Version 7.00                   
******************************************************************************
>> Linked Fri Jul 20 22:05:50 2001

OUTPUT FILE NAME:   <sine1.out>
ENTRY POINT SYMBOL: "_c_int0"  address: 000000bb


MEMORY CONFIGURATION

           name     origin    length      used    attributes    fill
         --------  --------  ---------  --------  ----------  --------
PAGE 0: VECS      00000000  00000003f  00000030     RWIX      
         CODE      00000040  000000dc0  000001cf     RWIX      

PAGE 1: Ext_Ram   00008000  000001000  00000464     RWIX      


SECTION ALLOCATION MAP

 output                                  attributes/
section   page    origin      length       input sections
--------  ----  ----------  ----------   ----------------
vectors    0    00000000    00000030     
                  00000000    00000030     Vectors.obj (vectors)

.text      0    00000040    00000184     
                  00000040    0000007b     sine.obj (.text)
                  000000bb    00000000     Vectors.obj (.text)
                  000000bb    0000003f     Boot.obj (.text)
                  000000fa    0000007a     System.obj (.text)
                  00000174    00000050     rts2xx.lib : exit.obj (.text)

.switch    0    00000040    00000000     UNINITIALIZED

.data      1    00008000    00000000     UNINITIALIZED
                  00008000    00000000     sine.obj (.data)
                  00008000    00000000     rts2xx.lib : exit.obj (.data)
                  00008000    00000000     System.obj (.data)
                  00008000    00000000     Boot.obj (.data)
                  00008000    00000000     Vectors.obj (.data)

.bss       1    00008000    00000064     UNINITIALIZED
                  00008000    00000041     sine.obj (.bss)
                  00008041    00000000     Boot.obj (.bss)
                  00008041    00000000     Vectors.obj (.bss)
                  00008041    00000022     rts2xx.lib : exit.obj (.bss)
                  00008063    00000001     System.obj (.bss)

.heap      1    00008000    00000000     UNINITIALIZED

.stack     1    00008064    00000400     UNINITIALIZED
                  00008064    00000000     Boot.obj (.stack)

.cinit     0    000001c4    0000004b     
                  000001c4    00000044     sine.obj (.cinit)
                  00000208    00000006     rts2xx.lib : exit.obj (.cinit)
                  0000020e    00000001     --HOLE-- [fill = 0000]


GLOBAL SYMBOLS

address  name                             address  name
-------- ----                             -------- ----
00008000 .bss                             00000000 _vector
00008000 .data                            00000040 _init_GPT1
00000040 .text                            00000040 .text
000001c1 C$$EXIT                          00000061 _init_GPT2
00000400 __STACK_SIZE                     00000082 _main
00008042 __cleanup_ptr                    000000bb _c_int0
000001c1 _abort                           000000fa _bad_trap
000001a2 _atexit                          00000101 _init_system
000000fa _bad_trap                        0000011f _wait_ms
000000bb _c_int0                          00000174 _exit
00008063 _configdata                      000001a2 _atexit
00008020 _cosine                          000001c1 C$$EXIT
00000174 _exit                            000001c1 _abort
00000040 _init_GPT1                       000001c4 cinit
00000061 _init_GPT2                       000001c4 etext
00000101 _init_system                     00000400 __STACK_SIZE
00000082 _main                            00008000 .data
00008000 _sine                            00008000 _sine
00000000 _vector                          00008000 .bss
0000011f _wait_ms                         00008000 edata
00008040 _x                               00008020 _cosine
000001c4 cinit                            00008040 _x
00008000 edata                            00008042 __cleanup_ptr
00008064 end                              00008063 _configdata
000001c4 etext                            00008064 end
ffffffff pinit                            ffffffff pinit

[26 symbols]
