******************************************************************************
             TMS320C2000 Linker PC v18.12.2                    
******************************************************************************
>> Linked Wed May 26 13:30:07 2021

OUTPUT FILE NAME:   <../adc_oku.out>
ENTRY POINT SYMBOL: "_c_int00"  address: 0030062d


MEMORY CONFIGURATION

         name            origin    length      used     unused   attr    fill
----------------------  --------  ---------  --------  --------  ----  --------
PAGE 0:
  BEGINRAM              00000000   00000002  00000000  00000002  RWIX
  RAMM0                 00000002   000003fe  00000000  000003fe  RWIX
  RAML0L3               00008000   00004000  0000001f  00003fe1  RWIX
  ZONE7P                00200000   00010000  00000000  00010000  RWIX
  FLASH                 00300000   0003fff6  00000ae7  0003f50f  RWIX
  BEGINFLASH            0033fff6   00000002  00000002  00000000  RWIX
  ADC_CAL               00380080   00000009  00000007  00000002  RWIX
  OTP                   00380400   00000400  00000000  00000400  RWIX
  CSM_PWL               003f7ff8   00000008  00000000  00000008  RWIX
  IQTABLES              003fe000   00000b50  00000000  00000b50  RWIX
  IQTABLES2             003feb50   0000008c  00000000  0000008c  RWIX
  FPUTABLES             003febdc   000006a0  000006a0  00000000  RWIX
  ROM                   003ff27c   00000d44  00000000  00000d44  RWIX
  RESET                 003fffc0   00000002  00000000  00000002  RWIX
  VECTORS               003fffc2   0000003e  00000000  0000003e  RWIX

PAGE 1:
  RAMM1                 00000400   00000400  00000400  00000000  RWIX
  DEV_EMU               00000880   00000180  000000d0  000000b0  RWIX
  FLASH_REGS            00000a80   00000060  00000008  00000058  RWIX
  CSM                   00000ae0   00000010  00000010  00000000  RWIX
  ADC_MIRROR            00000b00   00000010  00000010  00000000  RWIX
  XINTF                 00000b20   00000020  0000001e  00000002  RWIX
  CPU_TIMER0            00000c00   00000008  00000008  00000000  RWIX
  CPU_TIMER1            00000c08   00000008  00000008  00000000  RWIX
  CPU_TIMER2            00000c10   00000008  00000008  00000000  RWIX
  PIE_CTRL              00000ce0   00000020  0000001a  00000006  RWIX
  PIE_VECT              00000d00   00000100  00000100  00000000  RWIX
  DMA                   00001000   00000200  000000e0  00000120  RWIX
  MCBSPA                00005000   00000040  00000025  0000001b  RWIX
  MCBSPB                00005040   00000040  00000025  0000001b  RWIX
  ECANA                 00006000   00000040  00000034  0000000c  RWIX
  ECANA_LAM             00006040   00000040  00000040  00000000  RWIX
  ECANA_MOTS            00006080   00000040  00000040  00000000  RWIX
  ECANA_MOTO            000060c0   00000040  00000040  00000000  RWIX
  ECANA_MBOX            00006100   00000100  00000100  00000000  RWIX
  ECANB                 00006200   00000040  00000034  0000000c  RWIX
  ECANB_LAM             00006240   00000040  00000040  00000000  RWIX
  ECANB_MOTS            00006280   00000040  00000040  00000000  RWIX
  ECANB_MOTO            000062c0   00000040  00000040  00000000  RWIX
  ECANB_MBOX            00006300   00000100  00000100  00000000  RWIX
  EPWM1                 00006800   00000022  00000022  00000000  RWIX
  EPWM2                 00006840   00000022  00000022  00000000  RWIX
  EPWM3                 00006880   00000022  00000022  00000000  RWIX
  EPWM4                 000068c0   00000022  00000022  00000000  RWIX
  EPWM5                 00006900   00000022  00000022  00000000  RWIX
  EPWM6                 00006940   00000022  00000022  00000000  RWIX
  ECAP1                 00006a00   00000020  00000020  00000000  RWIX
  ECAP2                 00006a20   00000020  00000020  00000000  RWIX
  ECAP3                 00006a40   00000020  00000020  00000000  RWIX
  ECAP4                 00006a60   00000020  00000020  00000000  RWIX
  ECAP5                 00006a80   00000020  00000020  00000000  RWIX
  ECAP6                 00006aa0   00000020  00000020  00000000  RWIX
  EQEP1                 00006b00   00000040  00000040  00000000  RWIX
  EQEP2                 00006b40   00000040  00000040  00000000  RWIX
  GPIOCTRL              00006f80   00000040  0000002e  00000012  RWIX
  GPIODAT               00006fc0   00000020  00000020  00000000  RWIX
  GPIOINT               00006fe0   00000020  0000000a  00000016  RWIX
  SYSTEM                00007010   00000020  00000020  00000000  RWIX
  SPIA                  00007040   00000010  00000010  00000000  RWIX
  SCIA                  00007050   00000010  00000010  00000000  RWIX
  XINTRUPT              00007070   00000010  00000010  00000000  RWIX
  ADC                   00007100   00000020  0000001e  00000002  RWIX
  SCIB                  00007750   00000010  00000010  00000000  RWIX
  SCIC                  00007770   00000010  00000010  00000000  RWIX
  I2CA                  00007900   00000040  00000022  0000001e  RWIX
  RAML4L7               0000c000   00004000  00000034  00003fcc  RWIX
  ZONE7D                00210000   00010000  00000000  00010000  RWIX
  CSM_PWL               0033fff8   00000008  00000008  00000000  RWIX


SECTION ALLOCATION MAP

 output                                  attributes/
section   page    origin      length       input sections
--------  ----  ----------  ----------   ----------------
DevEmuRegsFile 
*          1    00000880    000000d0     UNINITIALIZED
                  00000880    000000d0     DSP2833x_GlobalVariableDefs.obj (DevEmuRegsFile)

FlashRegsFile 
*          1    00000a80    00000008     UNINITIALIZED
                  00000a80    00000008     DSP2833x_GlobalVariableDefs.obj (FlashRegsFile)

CsmRegsFile 
*          1    00000ae0    00000010     UNINITIALIZED
                  00000ae0    00000010     DSP2833x_GlobalVariableDefs.obj (CsmRegsFile)

AdcMirrorFile 
*          1    00000b00    00000010     UNINITIALIZED
                  00000b00    00000010     DSP2833x_GlobalVariableDefs.obj (AdcMirrorFile)

XintfRegsFile 
*          1    00000b20    0000001e     UNINITIALIZED
                  00000b20    0000001e     DSP2833x_GlobalVariableDefs.obj (XintfRegsFile)

CpuTimer0RegsFile 
*          1    00000c00    00000008     UNINITIALIZED
                  00000c00    00000008     DSP2833x_GlobalVariableDefs.obj (CpuTimer0RegsFile)

CpuTimer1RegsFile 
*          1    00000c08    00000008     UNINITIALIZED
                  00000c08    00000008     DSP2833x_GlobalVariableDefs.obj (CpuTimer1RegsFile)

CpuTimer2RegsFile 
*          1    00000c10    00000008     UNINITIALIZED
                  00000c10    00000008     DSP2833x_GlobalVariableDefs.obj (CpuTimer2RegsFile)

PieCtrlRegsFile 
*          1    00000ce0    0000001a     UNINITIALIZED
                  00000ce0    0000001a     DSP2833x_GlobalVariableDefs.obj (PieCtrlRegsFile)

PieVectTableFile 
*          1    00000d00    00000100     UNINITIALIZED
                  00000d00    00000100     DSP2833x_GlobalVariableDefs.obj (PieVectTableFile)

DmaRegsFile 
*          1    00001000    000000e0     UNINITIALIZED
                  00001000    000000e0     DSP2833x_GlobalVariableDefs.obj (DmaRegsFile)

McbspaRegsFile 
*          1    00005000    00000025     UNINITIALIZED
                  00005000    00000025     DSP2833x_GlobalVariableDefs.obj (McbspaRegsFile)

McbspbRegsFile 
*          1    00005040    00000025     UNINITIALIZED
                  00005040    00000025     DSP2833x_GlobalVariableDefs.obj (McbspbRegsFile)

ECanaRegsFile 
*          1    00006000    00000034     UNINITIALIZED
                  00006000    00000034     DSP2833x_GlobalVariableDefs.obj (ECanaRegsFile)

ECanaLAMRegsFile 
*          1    00006040    00000040     UNINITIALIZED
                  00006040    00000040     DSP2833x_GlobalVariableDefs.obj (ECanaLAMRegsFile)

ECanaMOTSRegsFile 
*          1    00006080    00000040     UNINITIALIZED
                  00006080    00000040     DSP2833x_GlobalVariableDefs.obj (ECanaMOTSRegsFile)

ECanaMOTORegsFile 
*          1    000060c0    00000040     UNINITIALIZED
                  000060c0    00000040     DSP2833x_GlobalVariableDefs.obj (ECanaMOTORegsFile)

ECanaMboxesFile 
*          1    00006100    00000100     UNINITIALIZED
                  00006100    00000100     DSP2833x_GlobalVariableDefs.obj (ECanaMboxesFile)

ECanbRegsFile 
*          1    00006200    00000034     UNINITIALIZED
                  00006200    00000034     DSP2833x_GlobalVariableDefs.obj (ECanbRegsFile)

ECanbLAMRegsFile 
*          1    00006240    00000040     UNINITIALIZED
                  00006240    00000040     DSP2833x_GlobalVariableDefs.obj (ECanbLAMRegsFile)

ECanbMOTSRegsFile 
*          1    00006280    00000040     UNINITIALIZED
                  00006280    00000040     DSP2833x_GlobalVariableDefs.obj (ECanbMOTSRegsFile)

ECanbMOTORegsFile 
*          1    000062c0    00000040     UNINITIALIZED
                  000062c0    00000040     DSP2833x_GlobalVariableDefs.obj (ECanbMOTORegsFile)

ECanbMboxesFile 
*          1    00006300    00000100     UNINITIALIZED
                  00006300    00000100     DSP2833x_GlobalVariableDefs.obj (ECanbMboxesFile)

EPwm1RegsFile 
*          1    00006800    00000022     UNINITIALIZED
                  00006800    00000022     DSP2833x_GlobalVariableDefs.obj (EPwm1RegsFile)

EPwm2RegsFile 
*          1    00006840    00000022     UNINITIALIZED
                  00006840    00000022     DSP2833x_GlobalVariableDefs.obj (EPwm2RegsFile)

EPwm3RegsFile 
*          1    00006880    00000022     UNINITIALIZED
                  00006880    00000022     DSP2833x_GlobalVariableDefs.obj (EPwm3RegsFile)

EPwm4RegsFile 
*          1    000068c0    00000022     UNINITIALIZED
                  000068c0    00000022     DSP2833x_GlobalVariableDefs.obj (EPwm4RegsFile)

EPwm5RegsFile 
*          1    00006900    00000022     UNINITIALIZED
                  00006900    00000022     DSP2833x_GlobalVariableDefs.obj (EPwm5RegsFile)

EPwm6RegsFile 
*          1    00006940    00000022     UNINITIALIZED
                  00006940    00000022     DSP2833x_GlobalVariableDefs.obj (EPwm6RegsFile)

ECap1RegsFile 
*          1    00006a00    00000020     UNINITIALIZED
                  00006a00    00000020     DSP2833x_GlobalVariableDefs.obj (ECap1RegsFile)

ECap2RegsFile 
*          1    00006a20    00000020     UNINITIALIZED
                  00006a20    00000020     DSP2833x_GlobalVariableDefs.obj (ECap2RegsFile)

ECap3RegsFile 
*          1    00006a40    00000020     UNINITIALIZED
                  00006a40    00000020     DSP2833x_GlobalVariableDefs.obj (ECap3RegsFile)

ECap4RegsFile 
*          1    00006a60    00000020     UNINITIALIZED
                  00006a60    00000020     DSP2833x_GlobalVariableDefs.obj (ECap4RegsFile)

ECap5RegsFile 
*          1    00006a80    00000020     UNINITIALIZED
                  00006a80    00000020     DSP2833x_GlobalVariableDefs.obj (ECap5RegsFile)

ECap6RegsFile 
*          1    00006aa0    00000020     UNINITIALIZED
                  00006aa0    00000020     DSP2833x_GlobalVariableDefs.obj (ECap6RegsFile)

EQep1RegsFile 
*          1    00006b00    00000040     UNINITIALIZED
                  00006b00    00000040     DSP2833x_GlobalVariableDefs.obj (EQep1RegsFile)

EQep2RegsFile 
*          1    00006b40    00000040     UNINITIALIZED
                  00006b40    00000040     DSP2833x_GlobalVariableDefs.obj (EQep2RegsFile)

GpioCtrlRegsFile 
*          1    00006f80    0000002e     UNINITIALIZED
                  00006f80    0000002e     DSP2833x_GlobalVariableDefs.obj (GpioCtrlRegsFile)

GpioDataRegsFile 
*          1    00006fc0    00000020     UNINITIALIZED
                  00006fc0    00000020     DSP2833x_GlobalVariableDefs.obj (GpioDataRegsFile)

GpioIntRegsFile 
*          1    00006fe0    0000000a     UNINITIALIZED
                  00006fe0    0000000a     DSP2833x_GlobalVariableDefs.obj (GpioIntRegsFile)

SysCtrlRegsFile 
*          1    00007010    00000020     UNINITIALIZED
                  00007010    00000020     DSP2833x_GlobalVariableDefs.obj (SysCtrlRegsFile)

SpiaRegsFile 
*          1    00007040    00000010     UNINITIALIZED
                  00007040    00000010     DSP2833x_GlobalVariableDefs.obj (SpiaRegsFile)

SciaRegsFile 
*          1    00007050    00000010     UNINITIALIZED
                  00007050    00000010     DSP2833x_GlobalVariableDefs.obj (SciaRegsFile)

XIntruptRegsFile 
*          1    00007070    00000010     UNINITIALIZED
                  00007070    00000010     DSP2833x_GlobalVariableDefs.obj (XIntruptRegsFile)

AdcRegsFile 
*          1    00007100    0000001e     UNINITIALIZED
                  00007100    0000001e     DSP2833x_GlobalVariableDefs.obj (AdcRegsFile)

ScibRegsFile 
*          1    00007750    00000010     UNINITIALIZED
                  00007750    00000010     DSP2833x_GlobalVariableDefs.obj (ScibRegsFile)

ScicRegsFile 
*          1    00007770    00000010     UNINITIALIZED
                  00007770    00000010     DSP2833x_GlobalVariableDefs.obj (ScicRegsFile)

I2caRegsFile 
*          1    00007900    00000022     UNINITIALIZED
                  00007900    00000022     DSP2833x_GlobalVariableDefs.obj (I2caRegsFile)

CsmPwlFile 
*          1    0033fff8    00000008     UNINITIALIZED
                  0033fff8    00000008     DSP2833x_GlobalVariableDefs.obj (CsmPwlFile)

.text      0    0030001f    00000995     
                  0030001f    00000316     DSP2833x_DefaultIsr.obj (.text:retain)
                  00300335    000000f6     DSP2833x_SysCtrl.obj (.text)
                  0030042b    000000a8     adc_oku.obj (.text)
                  003004d3    00000082     MW_c28xx_board.obj (.text)
                  00300555    0000007b     DSP2833x_CpuTimers.obj (.text)
                  003005d0    0000005d     ert_main.obj (.text)
                  0030062d    00000056     rts2800_fpu32.lib : boot28.asm.obj (.text)
                  00300683    00000050     c2833xSchedulerTimer0.obj (.text)
                  003006d3    0000004f     rts2800_fpu32_fast_supplement.lib : atan2_f32.obj (.text)
                  00300722    0000004a                                       : atan_f32.obj (.text)
                  0030076c    00000044     c2833xSchedulerTimer0.obj (.text:retain)
                  003007b0    00000039     MW_c28xx_adc.obj (.text)
                  003007e9    00000034     c2833xBoard_Realtime_Support.obj (.text)
                  0030081d    00000034     rts2800_fpu32_fast_supplement.lib : cos_f32.obj (.text)
                  00300851    00000034                                       : sin_f32.obj (.text)
                  00300885    00000029     rts2800_fpu32.lib : exit.c.obj (.text)
                  003008ae    00000028     DSP2833x_PieCtrl.obj (.text)
                  003008d6    00000024     rts2800_fpu32.lib : cpy_tbl.c.obj (.text)
                  003008fa    00000021     rts2800_fpu32_fast_supplement.lib : sqrt_f32.obj (.text)
                  0030091b    00000020     DSP2833x_PieVect.obj (.text)
                  0030093b    0000001d     rts2800_fpu32.lib : memcpy.c.obj (.text)
                  00300958    00000019                       : args_main.c.obj (.text)
                  00300971    00000014     DSP2833x_Adc.obj (.text)
                  00300985    00000011     MW_c28xGlobalInterrupts.obj (.text)
                  00300996    0000000a     MW_c28xx_pwm.obj (.text)
                  003009a0    00000009     rts2800_fpu32.lib : _lock.c.obj (.text)
                  003009a9    00000008     DSP2833x_CodeStartBranch.obj (.text)
                  003009b1    00000002     rts2800_fpu32.lib : pre_init.c.obj (.text)
                  003009b3    00000001                       : startup.c.obj (.text)

.bss       1    0000c000    00000000     UNINITIALIZED

.ebss      1    0000c000    00000034     UNINITIALIZED
                  0000c000    00000018     DSP2833x_CpuTimers.obj (.ebss)
                  0000c018    00000008     adc_oku.obj (.ebss)
                  0000c020    00000006     rts2800_fpu32.lib : exit.c.obj (.ebss)
                  0000c026    00000004     adc_oku_data.obj (.ebss)
                  0000c02a    00000004     ert_main.obj (.ebss)
                  0000c02e    00000002     rts2800_fpu32.lib : _lock.c.obj (.ebss:__lock)
                  0000c030    00000002                       : _lock.c.obj (.ebss:__unlock)
                  0000c032    00000001     MW_c28xGPIO.obj (.ebss)
                  0000c033    00000001     MW_c28xGlobalInterrupts.obj (.ebss)

.cinit     0    00300ab6    00000031     
                  00300ab6    0000000e     rts2800_fpu32.lib : exit.c.obj (.cinit)
                  00300ac4    00000008     ert_main.obj (.cinit)
                  00300acc    00000007     adc_oku_data.obj (.cinit)
                  00300ad3    00000005     rts2800_fpu32.lib : _lock.c.obj (.cinit:__lock)
                  00300ad8    00000005                       : _lock.c.obj (.cinit:__unlock)
                  00300add    00000004     MW_c28xGPIO.obj (.cinit)
                  00300ae1    00000004     adc_oku.obj (.cinit)
                  00300ae5    00000002     --HOLE-- [fill = 0]

.pinit     0    00300000    00000000     UNINITIALIZED

.econst    0    003009b4    00000102     
                  003009b4    00000100     DSP2833x_PieVect.obj (.econst:_PieVectTableInit)
                  00300ab4    00000002     adc_oku.obj (.econst)

.reset     0    003fffc0    00000002     DSECT
                  003fffc0    00000002     rts2800_fpu32.lib : boot28.asm.obj (.reset)

.data      1    0000c000    00000000     UNINITIALIZED

.stack     1    00000400    00000400     UNINITIALIZED
                  00000400    00000400     --HOLE--

codestart 
*          0    0033fff6    00000002     
                  0033fff6    00000002     DSP2833x_CodeStartBranch.obj (codestart)

ramfuncs   0    00300000    0000001f     RUN ADDR = 00008000
                  00300000    0000001b     DSP2833x_SysCtrl.obj (ramfuncs)
                  0030001b    00000004     DSP2833x_usDelay.obj (ramfuncs)

.adc_cal   0    00380080    00000007     NOLOAD SECTION
                  00380080    00000007     DSP2833x_ADC_cal.obj (.adc_cal)

FPUmathTables 
*          0    003febdc    000006a0     NOLOAD SECTION
                  003febdc    000006a0     rts2800_fpu32_fast_supplement.lib : FPUmathTables.obj (FPUmathTables)

MODULE SUMMARY

       Module                             code   initialized data   uninitialized data
       ------                             ----   ----------------   ------------------
    <current directory>
       DSP2833x_GlobalVariableDefs.obj    0      0                  2678              
       DSP2833x_DefaultIsr.obj            790    0                  0                 
       DSP2833x_SysCtrl.obj               300    0                  0                 
       DSP2833x_PieVect.obj               32     256                0                 
       adc_oku.obj                        168    6                  8                 
       c2833xSchedulerTimer0.obj          148    0                  0                 
       DSP2833x_CpuTimers.obj             123    0                  24                
       MW_c28xx_board.obj                 130    0                  0                 
       ert_main.obj                       93     8                  4                 
       MW_c28xx_adc.obj                   57     0                  0                 
       c2833xBoard_Realtime_Support.obj   52     0                  0                 
       DSP2833x_PieCtrl.obj               40     0                  0                 
       DSP2833x_Adc.obj                   20     0                  0                 
       MW_c28xGlobalInterrupts.obj        17     0                  1                 
       adc_oku_data.obj                   0      7                  4                 
       DSP2833x_CodeStartBranch.obj       10     0                  0                 
       MW_c28xx_pwm.obj                   10     0                  0                 
       DSP2833x_usDelay.obj               8      0                  0                 
       DSP2833x_ADC_cal.obj               7      0                  0                 
       MW_c28xGPIO.obj                    0      4                  1                 
    +--+----------------------------------+------+------------------+--------------------+
       Total:                             2005   281                2720              
                                                                                      
    C:/ProgramData/MATLAB/SupportPackages/R2020b/3P.instrset/tic2000codegentools.instrset/ti-cgt-c2000_18.12.2.LTS/lib/rts2800_fpu32.lib
       boot28.asm.obj                     86     0                  0                 
       exit.c.obj                         41     14                 6                 
       cpy_tbl.c.obj                      36     0                  0                 
       memcpy.c.obj                       29     0                  0                 
       args_main.c.obj                    25     0                  0                 
       _lock.c.obj                        9      10                 4                 
       pre_init.c.obj                     2      0                  0                 
       startup.c.obj                      1      0                  0                 
    +--+----------------------------------+------+------------------+--------------------+
       Total:                             229    24                 10                
                                                                                      
    C:/ti/controlSUITE/libs/math/FPUfastRTS/V100/lib/rts2800_fpu32_fast_supplement.lib
       FPUmathTables.obj                  0      1696               0                 
       atan2_f32.obj                      79     0                  0                 
       atan_f32.obj                       74     0                  0                 
       cos_f32.obj                        52     0                  0                 
       sin_f32.obj                        52     0                  0                 
       sqrt_f32.obj                       33     0                  0                 
    +--+----------------------------------+------+------------------+--------------------+
       Total:                             290    1696               0                 
                                                                                      
       Stack:                             0      0                  1024              
    +--+----------------------------------+------+------------------+--------------------+
       Grand Total:                       2524   2001               3754              


GLOBAL DATA SYMBOLS: SORTED BY DATA PAGE

address     data page           name
--------    ----------------    ----
00000400      10 (00000400)     __stack

00000880      22 (00000880)     _DevEmuRegs

00000a80      2a (00000a80)     _FlashRegs

00000ae0      2b (00000ac0)     _CsmRegs

00000b00      2c (00000b00)     _AdcMirror
00000b20      2c (00000b00)     _XintfRegs

00000c00      30 (00000c00)     _CpuTimer0Regs
00000c08      30 (00000c00)     _CpuTimer1Regs
00000c10      30 (00000c00)     _CpuTimer2Regs

00000ce0      33 (00000cc0)     _PieCtrlRegs

00000d00      34 (00000d00)     _PieVectTable

00001000      40 (00001000)     _DmaRegs

00005000     140 (00005000)     _McbspaRegs

00005040     141 (00005040)     _McbspbRegs

00006000     180 (00006000)     _ECanaRegs

00006040     181 (00006040)     _ECanaLAMRegs

00006080     182 (00006080)     _ECanaMOTSRegs

000060c0     183 (000060c0)     _ECanaMOTORegs

00006100     184 (00006100)     _ECanaMboxes

00006200     188 (00006200)     _ECanbRegs

00006240     189 (00006240)     _ECanbLAMRegs

00006280     18a (00006280)     _ECanbMOTSRegs

000062c0     18b (000062c0)     _ECanbMOTORegs

00006300     18c (00006300)     _ECanbMboxes

00006800     1a0 (00006800)     _EPwm1Regs

00006840     1a1 (00006840)     _EPwm2Regs

00006880     1a2 (00006880)     _EPwm3Regs

000068c0     1a3 (000068c0)     _EPwm4Regs

00006900     1a4 (00006900)     _EPwm5Regs

00006940     1a5 (00006940)     _EPwm6Regs

00006a00     1a8 (00006a00)     _ECap1Regs
00006a20     1a8 (00006a00)     _ECap2Regs

00006a40     1a9 (00006a40)     _ECap3Regs
00006a60     1a9 (00006a40)     _ECap4Regs

00006a80     1aa (00006a80)     _ECap5Regs
00006aa0     1aa (00006a80)     _ECap6Regs

00006b00     1ac (00006b00)     _EQep1Regs

00006b40     1ad (00006b40)     _EQep2Regs

00006f80     1be (00006f80)     _GpioCtrlRegs

00006fc0     1bf (00006fc0)     _GpioDataRegs
00006fe0     1bf (00006fc0)     _GpioIntRegs

00007010     1c0 (00007000)     _SysCtrlRegs

00007040     1c1 (00007040)     _SpiaRegs
00007050     1c1 (00007040)     _SciaRegs
00007070     1c1 (00007040)     _XIntruptRegs

00007100     1c4 (00007100)     _AdcRegs

00007750     1dd (00007740)     _ScibRegs
00007770     1dd (00007740)     _ScicRegs

00007900     1e4 (00007900)     _I2caRegs

0000c000     300 (0000c000)     _CpuTimer0
0000c008     300 (0000c000)     _CpuTimer1
0000c010     300 (0000c000)     _CpuTimer2
0000c018     300 (0000c000)     _MW_adcInitFlag
0000c01c     300 (0000c000)     _adc_oku_B
0000c020     300 (0000c000)     ___TI_enable_exit_profile_output
0000c022     300 (0000c000)     ___TI_cleanup_ptr
0000c024     300 (0000c000)     ___TI_dtors_ptr
0000c026     300 (0000c000)     _adc_oku_P
0000c02a     300 (0000c000)     _IsrOverrun
0000c02c     300 (0000c000)     _stopRequested
0000c02d     300 (0000c000)     _runModel
0000c02e     300 (0000c000)     __lock
0000c030     300 (0000c000)     __unlock
0000c032     300 (0000c000)     _GPIO_oneTimeInit
0000c033     300 (0000c000)     _MW_InterruptDisableLock

003009b4    c026 (00300980)     _PieVectTableInit

00300ab4    c02a (00300a80)     _adc_oku_M

0033fff8    cfff (0033ffc0)     _CsmPwl

003febdc    ffaf (003febc0)     _FPUsinTable

003fecdc    ffb3 (003fecc0)     _FPUcosTable

003fefdc    ffbf (003fefc0)     _FPUsinTableEnd

003ff0de    ffc3 (003ff0c0)     _FPUatan2HalfPITable
003ff0de    ffc3 (003ff0c0)     _FPUcosTableEnd
003ff0e2    ffc3 (003ff0c0)     _FPUatan2Table

003ff268    ffc9 (003ff240)     _FPUatan2TableEnd


GLOBAL SYMBOLS: SORTED ALPHABETICALLY BY Name 

page  address   name                            
----  -------   ----                            
1     0000c000  .bss                            
1     0000c000  .data                           
0     0030001f  .text                           
0     00300885  C$$EXIT                         
0     00300105  _ADCINT_ISR                     
0     00380080  _ADC_cal                        
1     00000b00  _AdcMirror                      
1     00007100  _AdcRegs                        
0     00300596  _ConfigCpuTimer                 
1     0000c000  _CpuTimer0                      
1     00000c00  _CpuTimer0Regs                  
1     0000c008  _CpuTimer1                      
1     00000c08  _CpuTimer1Regs                  
1     0000c010  _CpuTimer2                      
1     00000c10  _CpuTimer2Regs                  
1     0033fff8  _CsmPwl                         
1     00000ae0  _CsmRegs                        
0     003003fa  _CsmUnlock                      
0     00300033  _DATALOG_ISR                    
0     00300227  _DINTCH1_ISR                    
0     00300231  _DINTCH2_ISR                    
0     0030023b  _DINTCH3_ISR                    
0     00300245  _DINTCH4_ISR                    
0     0030024f  _DINTCH5_ISR                    
0     00300259  _DINTCH6_ISR                    
0     0000801b  _DSP28x_usDelay                 
1     00000880  _DevEmuRegs                     
0     00300348  _DisableDog                     
1     00001000  _DmaRegs                        
0     003002b3  _ECAN0INTA_ISR                  
0     003002c7  _ECAN0INTB_ISR                  
0     003002bd  _ECAN1INTA_ISR                  
0     003002d1  _ECAN1INTB_ISR                  
0     0030019b  _ECAP1_INT_ISR                  
0     003001a5  _ECAP2_INT_ISR                  
0     003001af  _ECAP3_INT_ISR                  
0     003001b9  _ECAP4_INT_ISR                  
0     003001c3  _ECAP5_INT_ISR                  
0     003001cd  _ECAP6_INT_ISR                  
1     00006040  _ECanaLAMRegs                   
1     000060c0  _ECanaMOTORegs                  
1     00006080  _ECanaMOTSRegs                  
1     00006100  _ECanaMboxes                    
1     00006000  _ECanaRegs                      
1     00006240  _ECanbLAMRegs                   
1     000062c0  _ECanbMOTORegs                  
1     00006280  _ECanbMOTSRegs                  
1     00006300  _ECanbMboxes                    
1     00006200  _ECanbRegs                      
1     00006a00  _ECap1Regs                      
1     00006a20  _ECap2Regs                      
1     00006a40  _ECap3Regs                      
1     00006a60  _ECap4Regs                      
1     00006a80  _ECap5Regs                      
1     00006aa0  _ECap6Regs                      
0     00300047  _EMUINT_ISR                     
0     0030015f  _EPWM1_INT_ISR                  
0     00300123  _EPWM1_TZINT_ISR                
0     00300169  _EPWM2_INT_ISR                  
0     0030012d  _EPWM2_TZINT_ISR                
0     00300173  _EPWM3_INT_ISR                  
0     00300137  _EPWM3_TZINT_ISR                
0     0030017d  _EPWM4_INT_ISR                  
0     00300141  _EPWM4_TZINT_ISR                
0     00300187  _EPWM5_INT_ISR                  
0     0030014b  _EPWM5_TZINT_ISR                
0     00300191  _EPWM6_INT_ISR                  
0     00300155  _EPWM6_TZINT_ISR                
1     00006800  _EPwm1Regs                      
1     00006840  _EPwm2Regs                      
1     00006880  _EPwm3Regs                      
1     000068c0  _EPwm4Regs                      
1     00006900  _EPwm5Regs                      
1     00006940  _EPwm6Regs                      
0     003001d7  _EQEP1_INT_ISR                  
0     003001e1  _EQEP2_INT_ISR                  
1     00006b00  _EQep1Regs                      
1     00006b40  _EQep2Regs                      
0     003008cd  _EnableInterrupts               
0     003ff0de  _FPUatan2HalfPITable            
0     003ff0e2  _FPUatan2Table                  
0     003ff268  _FPUatan2TableEnd               
0     003fecdc  _FPUcosTable                    
0     003ff0de  _FPUcosTableEnd                 
0     003febdc  _FPUsinTable                    
0     003fefdc  _FPUsinTableEnd                 
1     00000a80  _FlashRegs                      
1     0000c032  _GPIO_oneTimeInit               
1     00006f80  _GpioCtrlRegs                   
1     00006fc0  _GpioDataRegs                   
1     00006fe0  _GpioIntRegs                    
0     00300263  _I2CINT1A_ISR                   
0     0030026d  _I2CINT2A_ISR                   
1     00007900  _I2caRegs                       
0     0030005b  _ILLEGAL_ISR                    
0     0030001f  _INT13_ISR                      
0     00300029  _INT14_ISR                      
0     00300971  _InitAdc                        
0     00300555  _InitCpuTimers                  
0     00008000  _InitFlash                      
0     003003a1  _InitPeripheralClocks           
0     003008ae  _InitPieCtrl                    
0     0030091b  _InitPieVectTable               
0     00300350  _InitPll                        
0     00300335  _InitSysCtrl                    
0     00300536  _InitXintf16Gpio                
1     0000c02a  _IsrOverrun                     
0     00300317  _LUF_ISR                        
0     0030030d  _LVF_ISR                        
0     00300213  _MRINTA_ISR                     
0     003001ff  _MRINTB_ISR                     
1     0000c033  _MW_InterruptDisableLock        
1     0000c018  _MW_adcInitFlag                 
0     0030021d  _MXINTA_ISR                     
0     00300209  _MXINTB_ISR                     
1     00005000  _McbspaRegs                     
1     00005040  _McbspbRegs                     
0     00300051  _NMI_ISR                        
0     00300321  _PIE_RESERVED                   
1     00000ce0  _PieCtrlRegs                    
1     00000d00  _PieVectTable                   
0     003009b4  _PieVectTableInit               
0     0030003d  _RTOSINT_ISR                    
0     0030001f  _RamfuncsLoadEnd                
0     00300000  _RamfuncsLoadStart              
0     00008000  _RamfuncsRunStart               
0     0030028b  _SCIRXINTA_ISR                  
0     0030029f  _SCIRXINTB_ISR                  
0     00300277  _SCIRXINTC_ISR                  
0     00300295  _SCITXINTA_ISR                  
0     003002a9  _SCITXINTB_ISR                  
0     00300281  _SCITXINTC_ISR                  
0     003000dd  _SEQ1INT_ISR                    
0     003000e7  _SEQ2INT_ISR                    
0     003001eb  _SPIRXINTA_ISR                  
0     003001f5  _SPITXINTA_ISR                  
1     00007050  _SciaRegs                       
1     00007750  _ScibRegs                       
1     00007770  _ScicRegs                       
0     0030033e  _ServiceDog                     
1     00007040  _SpiaRegs                       
1     00007010  _SysCtrlRegs                    
0     0030010f  _TINT0_ISR                      
0     0030076c  _TINT0_isr                      
0     003000bf  _USER10_ISR                     
0     003000c9  _USER11_ISR                     
0     003000d3  _USER12_ISR                     
0     00300065  _USER1_ISR                      
0     0030006f  _USER2_ISR                      
0     00300079  _USER3_ISR                      
0     00300083  _USER4_ISR                      
0     0030008d  _USER5_ISR                      
0     00300097  _USER6_ISR                      
0     003000a1  _USER7_ISR                      
0     003000ab  _USER8_ISR                      
0     003000b5  _USER9_ISR                      
0     00300119  _WAKEINT_ISR                    
0     003000f1  _XINT1_ISR                      
0     003000fb  _XINT2_ISR                      
0     003002db  _XINT3_ISR                      
0     003002e5  _XINT4_ISR                      
0     003002ef  _XINT5_ISR                      
0     003002f9  _XINT6_ISR                      
0     00300303  _XINT7_ISR                      
1     00007070  _XIntruptRegs                   
1     00000b20  _XintfRegs                      
1     00000800  __STACK_END                     
abs   00000400  __STACK_SIZE                    
1     0000c022  ___TI_cleanup_ptr               
1     0000c024  ___TI_dtors_ptr                 
1     0000c020  ___TI_enable_exit_profile_output
abs   ffffffff  ___TI_pprof_out_hndl            
abs   ffffffff  ___TI_prof_data_size            
abs   ffffffff  ___TI_prof_data_start           
abs   ffffffff  ___binit__                      
1     0000c000  ___bss__                        
abs   ffffffff  ___c_args__                     
0     00300ab6  ___cinit__                      
1     0000c000  ___data__                       
1     0000c000  ___edata__                      
1     0000c000  ___end__                        
0     003009b4  ___etext__                      
abs   ffffffff  ___pinit__                      
0     0030001f  ___text__                       
0     00300958  __args_main                     
1     0000c02e  __lock                          
0     003009a8  __nop                           
0     003009a4  __register_lock                 
0     003009a0  __register_unlock               
1     00000400  __stack                         
0     003009b3  __system_post_cinit             
0     003009b1  __system_pre_init               
1     0000c030  __unlock                        
0     00300885  _abort                          
1     0000c01c  _adc_oku_B                      
0     00300ab4  _adc_oku_M                      
1     0000c026  _adc_oku_P                      
0     00300474  _adc_oku_initialize             
0     0030042b  _adc_oku_step                   
0     003004d2  _adc_oku_terminate              
0     00300722  _atan                           
0     003006d3  _atan2                          
0     00300805  _atan2f                         
0     003007fe  _atanf                          
0     0030080e  _c2000_flash_init               
0     0030062d  _c_int00                        
0     003007b0  _config_ADC_A                   
0     00300996  _config_ePWM_GPIO               
0     00300683  _configureTimer0                
0     003008d6  _copy_in                        
0     0030081d  _cos                            
0     003007e9  _cosf                           
0     003006b2  _disableTimer0Interrupt         
0     003006aa  _enableTimer0Interrupt          
0     00300887  _exit                           
0     0030098d  _globalInterruptDisable         
0     00300985  _globalInterruptEnable          
0     003004d3  _init_board                     
0     003005e4  _main                           
0     0030093b  _memcpy                         
0     003006c8  _restoreTimer0Interrupt         
0     0030032b  _rsvd_ISR                       
0     003005d0  _rt_OneStep                     
1     0000c02d  _runModel                       
0     00300851  _sin                            
0     003007f0  _sinf                           
0     003008fa  _sqrt                           
0     003007f7  _sqrtf                          
1     0000c02c  _stopRequested                  
abs   ffffffff  binit                           
0     00300ab6  cinit                           
0     0033fff6  code_start                      
1     0000c000  edata                           
1     0000c000  end                             
0     003009b4  etext                           
abs   ffffffff  pinit                           


GLOBAL SYMBOLS: SORTED BY Symbol Address 

page  address   name                            
----  -------   ----                            
0     00008000  _InitFlash                      
0     00008000  _RamfuncsRunStart               
0     0000801b  _DSP28x_usDelay                 
0     00300000  _RamfuncsLoadStart              
0     0030001f  .text                           
0     0030001f  _INT13_ISR                      
0     0030001f  _RamfuncsLoadEnd                
0     0030001f  ___text__                       
0     00300029  _INT14_ISR                      
0     00300033  _DATALOG_ISR                    
0     0030003d  _RTOSINT_ISR                    
0     00300047  _EMUINT_ISR                     
0     00300051  _NMI_ISR                        
0     0030005b  _ILLEGAL_ISR                    
0     00300065  _USER1_ISR                      
0     0030006f  _USER2_ISR                      
0     00300079  _USER3_ISR                      
0     00300083  _USER4_ISR                      
0     0030008d  _USER5_ISR                      
0     00300097  _USER6_ISR                      
0     003000a1  _USER7_ISR                      
0     003000ab  _USER8_ISR                      
0     003000b5  _USER9_ISR                      
0     003000bf  _USER10_ISR                     
0     003000c9  _USER11_ISR                     
0     003000d3  _USER12_ISR                     
0     003000dd  _SEQ1INT_ISR                    
0     003000e7  _SEQ2INT_ISR                    
0     003000f1  _XINT1_ISR                      
0     003000fb  _XINT2_ISR                      
0     00300105  _ADCINT_ISR                     
0     0030010f  _TINT0_ISR                      
0     00300119  _WAKEINT_ISR                    
0     00300123  _EPWM1_TZINT_ISR                
0     0030012d  _EPWM2_TZINT_ISR                
0     00300137  _EPWM3_TZINT_ISR                
0     00300141  _EPWM4_TZINT_ISR                
0     0030014b  _EPWM5_TZINT_ISR                
0     00300155  _EPWM6_TZINT_ISR                
0     0030015f  _EPWM1_INT_ISR                  
0     00300169  _EPWM2_INT_ISR                  
0     00300173  _EPWM3_INT_ISR                  
0     0030017d  _EPWM4_INT_ISR                  
0     00300187  _EPWM5_INT_ISR                  
0     00300191  _EPWM6_INT_ISR                  
0     0030019b  _ECAP1_INT_ISR                  
0     003001a5  _ECAP2_INT_ISR                  
0     003001af  _ECAP3_INT_ISR                  
0     003001b9  _ECAP4_INT_ISR                  
0     003001c3  _ECAP5_INT_ISR                  
0     003001cd  _ECAP6_INT_ISR                  
0     003001d7  _EQEP1_INT_ISR                  
0     003001e1  _EQEP2_INT_ISR                  
0     003001eb  _SPIRXINTA_ISR                  
0     003001f5  _SPITXINTA_ISR                  
0     003001ff  _MRINTB_ISR                     
0     00300209  _MXINTB_ISR                     
0     00300213  _MRINTA_ISR                     
0     0030021d  _MXINTA_ISR                     
0     00300227  _DINTCH1_ISR                    
0     00300231  _DINTCH2_ISR                    
0     0030023b  _DINTCH3_ISR                    
0     00300245  _DINTCH4_ISR                    
0     0030024f  _DINTCH5_ISR                    
0     00300259  _DINTCH6_ISR                    
0     00300263  _I2CINT1A_ISR                   
0     0030026d  _I2CINT2A_ISR                   
0     00300277  _SCIRXINTC_ISR                  
0     00300281  _SCITXINTC_ISR                  
0     0030028b  _SCIRXINTA_ISR                  
0     00300295  _SCITXINTA_ISR                  
0     0030029f  _SCIRXINTB_ISR                  
0     003002a9  _SCITXINTB_ISR                  
0     003002b3  _ECAN0INTA_ISR                  
0     003002bd  _ECAN1INTA_ISR                  
0     003002c7  _ECAN0INTB_ISR                  
0     003002d1  _ECAN1INTB_ISR                  
0     003002db  _XINT3_ISR                      
0     003002e5  _XINT4_ISR                      
0     003002ef  _XINT5_ISR                      
0     003002f9  _XINT6_ISR                      
0     00300303  _XINT7_ISR                      
0     0030030d  _LVF_ISR                        
0     00300317  _LUF_ISR                        
0     00300321  _PIE_RESERVED                   
0     0030032b  _rsvd_ISR                       
0     00300335  _InitSysCtrl                    
0     0030033e  _ServiceDog                     
0     00300348  _DisableDog                     
0     00300350  _InitPll                        
0     003003a1  _InitPeripheralClocks           
0     003003fa  _CsmUnlock                      
0     0030042b  _adc_oku_step                   
0     00300474  _adc_oku_initialize             
0     003004d2  _adc_oku_terminate              
0     003004d3  _init_board                     
0     00300536  _InitXintf16Gpio                
0     00300555  _InitCpuTimers                  
0     00300596  _ConfigCpuTimer                 
0     003005d0  _rt_OneStep                     
0     003005e4  _main                           
0     0030062d  _c_int00                        
0     00300683  _configureTimer0                
0     003006aa  _enableTimer0Interrupt          
0     003006b2  _disableTimer0Interrupt         
0     003006c8  _restoreTimer0Interrupt         
0     003006d3  _atan2                          
0     00300722  _atan                           
0     0030076c  _TINT0_isr                      
0     003007b0  _config_ADC_A                   
0     003007e9  _cosf                           
0     003007f0  _sinf                           
0     003007f7  _sqrtf                          
0     003007fe  _atanf                          
0     00300805  _atan2f                         
0     0030080e  _c2000_flash_init               
0     0030081d  _cos                            
0     00300851  _sin                            
0     00300885  C$$EXIT                         
0     00300885  _abort                          
0     00300887  _exit                           
0     003008ae  _InitPieCtrl                    
0     003008cd  _EnableInterrupts               
0     003008d6  _copy_in                        
0     003008fa  _sqrt                           
0     0030091b  _InitPieVectTable               
0     0030093b  _memcpy                         
0     00300958  __args_main                     
0     00300971  _InitAdc                        
0     00300985  _globalInterruptEnable          
0     0030098d  _globalInterruptDisable         
0     00300996  _config_ePWM_GPIO               
0     003009a0  __register_unlock               
0     003009a4  __register_lock                 
0     003009a8  __nop                           
0     003009b1  __system_pre_init               
0     003009b3  __system_post_cinit             
0     003009b4  _PieVectTableInit               
0     003009b4  ___etext__                      
0     003009b4  etext                           
0     00300ab4  _adc_oku_M                      
0     00300ab6  ___cinit__                      
0     00300ab6  cinit                           
0     0033fff6  code_start                      
0     00380080  _ADC_cal                        
0     003febdc  _FPUsinTable                    
0     003fecdc  _FPUcosTable                    
0     003fefdc  _FPUsinTableEnd                 
0     003ff0de  _FPUatan2HalfPITable            
0     003ff0de  _FPUcosTableEnd                 
0     003ff0e2  _FPUatan2Table                  
0     003ff268  _FPUatan2TableEnd               
1     00000400  __stack                         
1     00000800  __STACK_END                     
1     00000880  _DevEmuRegs                     
1     00000a80  _FlashRegs                      
1     00000ae0  _CsmRegs                        
1     00000b00  _AdcMirror                      
1     00000b20  _XintfRegs                      
1     00000c00  _CpuTimer0Regs                  
1     00000c08  _CpuTimer1Regs                  
1     00000c10  _CpuTimer2Regs                  
1     00000ce0  _PieCtrlRegs                    
1     00000d00  _PieVectTable                   
1     00001000  _DmaRegs                        
1     00005000  _McbspaRegs                     
1     00005040  _McbspbRegs                     
1     00006000  _ECanaRegs                      
1     00006040  _ECanaLAMRegs                   
1     00006080  _ECanaMOTSRegs                  
1     000060c0  _ECanaMOTORegs                  
1     00006100  _ECanaMboxes                    
1     00006200  _ECanbRegs                      
1     00006240  _ECanbLAMRegs                   
1     00006280  _ECanbMOTSRegs                  
1     000062c0  _ECanbMOTORegs                  
1     00006300  _ECanbMboxes                    
1     00006800  _EPwm1Regs                      
1     00006840  _EPwm2Regs                      
1     00006880  _EPwm3Regs                      
1     000068c0  _EPwm4Regs                      
1     00006900  _EPwm5Regs                      
1     00006940  _EPwm6Regs                      
1     00006a00  _ECap1Regs                      
1     00006a20  _ECap2Regs                      
1     00006a40  _ECap3Regs                      
1     00006a60  _ECap4Regs                      
1     00006a80  _ECap5Regs                      
1     00006aa0  _ECap6Regs                      
1     00006b00  _EQep1Regs                      
1     00006b40  _EQep2Regs                      
1     00006f80  _GpioCtrlRegs                   
1     00006fc0  _GpioDataRegs                   
1     00006fe0  _GpioIntRegs                    
1     00007010  _SysCtrlRegs                    
1     00007040  _SpiaRegs                       
1     00007050  _SciaRegs                       
1     00007070  _XIntruptRegs                   
1     00007100  _AdcRegs                        
1     00007750  _ScibRegs                       
1     00007770  _ScicRegs                       
1     00007900  _I2caRegs                       
1     0000c000  .bss                            
1     0000c000  .data                           
1     0000c000  _CpuTimer0                      
1     0000c000  ___bss__                        
1     0000c000  ___data__                       
1     0000c000  ___edata__                      
1     0000c000  ___end__                        
1     0000c000  edata                           
1     0000c000  end                             
1     0000c008  _CpuTimer1                      
1     0000c010  _CpuTimer2                      
1     0000c018  _MW_adcInitFlag                 
1     0000c01c  _adc_oku_B                      
1     0000c020  ___TI_enable_exit_profile_output
1     0000c022  ___TI_cleanup_ptr               
1     0000c024  ___TI_dtors_ptr                 
1     0000c026  _adc_oku_P                      
1     0000c02a  _IsrOverrun                     
1     0000c02c  _stopRequested                  
1     0000c02d  _runModel                       
1     0000c02e  __lock                          
1     0000c030  __unlock                        
1     0000c032  _GPIO_oneTimeInit               
1     0000c033  _MW_InterruptDisableLock        
1     0033fff8  _CsmPwl                         
abs   00000400  __STACK_SIZE                    
abs   ffffffff  ___TI_pprof_out_hndl            
abs   ffffffff  ___TI_prof_data_size            
abs   ffffffff  ___TI_prof_data_start           
abs   ffffffff  ___binit__                      
abs   ffffffff  ___c_args__                     
abs   ffffffff  ___pinit__                      
abs   ffffffff  binit                           
abs   ffffffff  pinit                           

[236 symbols]
