<?xml version="1.0"?>
<link_info>
   <banner>TMS320C2000 Linker PC v6.4.4</banner>
   <copyright>Copyright (c) 1996-2015 Texas Instruments Incorporated</copyright>
   <link_time>0x55560184</link_time>
   <link_errors>0x0</link_errors>
   <output_file>Example_Flash2806x_API.out</output_file>
   <entry_point>
      <name>_c_int00</name>
      <address>0x3f4444</address>
   </entry_point>
   <input_file_list>
      <input_file id="fl-2">
         <path>.\</path>
         <kind>object</kind>
         <file>Example_Flash2806x_API.obj</file>
         <name>Example_Flash2806x_API.obj</name>
      </input_file>
      <input_file id="fl-3">
         <path>.\</path>
         <kind>object</kind>
         <file>Example_Flash2806x_CsmKeys.obj</file>
         <name>Example_Flash2806x_CsmKeys.obj</name>
      </input_file>
      <input_file id="fl-4">
         <path>.\</path>
         <kind>object</kind>
         <file>F2806x_CodeStartBranch.obj</file>
         <name>F2806x_CodeStartBranch.obj</name>
      </input_file>
      <input_file id="fl-5">
         <path>.\</path>
         <kind>object</kind>
         <file>F2806x_GlobalVariableDefs.obj</file>
         <name>F2806x_GlobalVariableDefs.obj</name>
      </input_file>
      <input_file id="fl-6">
         <path>.\</path>
         <kind>object</kind>
         <file>F2806x_SysCtrl.obj</file>
         <name>F2806x_SysCtrl.obj</name>
      </input_file>
      <input_file id="fl-7">
         <path>.\</path>
         <kind>object</kind>
         <file>F2806x_usDelay.obj</file>
         <name>F2806x_usDelay.obj</name>
      </input_file>
      <input_file id="fl-11">
         <path>C:\ti\controlSUITE\libs\utilities\flash_api\2806x\v100a\lib\</path>
         <kind>archive</kind>
         <file>Flash2806x_API_V100.lib</file>
         <name>Flash28_Erase.obj</name>
      </input_file>
      <input_file id="fl-12">
         <path>C:\ti\controlSUITE\libs\utilities\flash_api\2806x\v100a\lib\</path>
         <kind>archive</kind>
         <file>Flash2806x_API_V100.lib</file>
         <name>Flash28_EraseSector.obj</name>
      </input_file>
      <input_file id="fl-13">
         <path>C:\ti\controlSUITE\libs\utilities\flash_api\2806x\v100a\lib\</path>
         <kind>archive</kind>
         <file>Flash2806x_API_V100.lib</file>
         <name>Flash28_Init.obj</name>
      </input_file>
      <input_file id="fl-14">
         <path>C:\ti\controlSUITE\libs\utilities\flash_api\2806x\v100a\lib\</path>
         <kind>archive</kind>
         <file>Flash2806x_API_V100.lib</file>
         <name>Flash28_Internals.obj</name>
      </input_file>
      <input_file id="fl-15">
         <path>C:\ti\controlSUITE\libs\utilities\flash_api\2806x\v100a\lib\</path>
         <kind>archive</kind>
         <file>Flash2806x_API_V100.lib</file>
         <name>Flash28_Prog.obj</name>
      </input_file>
      <input_file id="fl-16">
         <path>C:\ti\controlSUITE\libs\utilities\flash_api\2806x\v100a\lib\</path>
         <kind>archive</kind>
         <file>Flash2806x_API_V100.lib</file>
         <name>Flash28_Prog_Pulse.obj</name>
      </input_file>
      <input_file id="fl-17">
         <path>C:\ti\controlSUITE\libs\utilities\flash_api\2806x\v100a\lib\</path>
         <kind>archive</kind>
         <file>Flash2806x_API_V100.lib</file>
         <name>Flash28_ToggleTest.obj</name>
      </input_file>
      <input_file id="fl-18">
         <path>C:\ti\controlSUITE\libs\utilities\flash_api\2806x\v100a\lib\</path>
         <kind>archive</kind>
         <file>Flash2806x_API_V100.lib</file>
         <name>Flash28_Utils.obj</name>
      </input_file>
      <input_file id="fl-19">
         <path>C:\ti\controlSUITE\libs\utilities\flash_api\2806x\v100a\lib\</path>
         <kind>archive</kind>
         <file>Flash2806x_API_V100.lib</file>
         <name>Flash28_Verify.obj</name>
      </input_file>
      <input_file id="fl-1a">
         <path>C:\ti\controlSUITE\libs\utilities\flash_api\2806x\v100a\lib\</path>
         <kind>archive</kind>
         <file>Flash2806x_API_V100.lib</file>
         <name>Flash28_Version_Hex.obj</name>
      </input_file>
      <input_file id="fl-1b">
         <path>C:\ti\controlSUITE\libs\utilities\flash_api\2806x\v100a\lib\</path>
         <kind>archive</kind>
         <file>Flash2806x_API_V100.lib</file>
         <name>Flash28_ClearSector.obj</name>
      </input_file>
      <input_file id="fl-1c">
         <path>C:\ti\controlSUITE\libs\utilities\flash_api\2806x\v100a\lib\</path>
         <kind>archive</kind>
         <file>Flash2806x_API_V100.lib</file>
         <name>Flash28_CompactSector.obj</name>
      </input_file>
      <input_file id="fl-1d">
         <path>C:\ti\controlSUITE\libs\utilities\flash_api\2806x\v100a\lib\</path>
         <kind>archive</kind>
         <file>Flash2806x_API_V100.lib</file>
         <name>Flash28_Delay.obj</name>
      </input_file>
      <input_file id="fl-1e">
         <path>C:\ti\controlSUITE\libs\utilities\flash_api\2806x\v100a\lib\</path>
         <kind>archive</kind>
         <file>Flash2806x_API_V100.lib</file>
         <name>Flash28_DisInt.obj</name>
      </input_file>
      <input_file id="fl-1f">
         <path>C:\ti\controlSUITE\libs\utilities\flash_api\2806x\v100a\lib\</path>
         <kind>archive</kind>
         <file>Flash2806x_API_V100.lib</file>
         <name>Flash28_Erase_Pulse.obj</name>
      </input_file>
      <input_file id="fl-20">
         <path>C:\ti\controlSUITE\libs\utilities\flash_api\2806x\v100a\lib\</path>
         <kind>archive</kind>
         <file>Flash2806x_API_V100.lib</file>
         <name>Flash28_ClearLoop.obj</name>
      </input_file>
      <input_file id="fl-21">
         <path>C:\ti\controlSUITE\libs\utilities\flash_api\2806x\v100a\lib\</path>
         <kind>archive</kind>
         <file>Flash2806x_API_V100.lib</file>
         <name>Flash28_Compact_Pulse.obj</name>
      </input_file>
      <input_file id="fl-27">
         <path>C:\ti\ccsv6\tools\compiler\ti-cgt-c2000_6.4.4\lib\</path>
         <kind>archive</kind>
         <file>rts2800_ml.lib</file>
         <name>boot.obj</name>
      </input_file>
      <input_file id="fl-28">
         <path>C:\ti\ccsv6\tools\compiler\ti-cgt-c2000_6.4.4\lib\</path>
         <kind>archive</kind>
         <file>rts2800_ml.lib</file>
         <name>exit.obj</name>
      </input_file>
      <input_file id="fl-29">
         <path>C:\ti\ccsv6\tools\compiler\ti-cgt-c2000_6.4.4\lib\</path>
         <kind>archive</kind>
         <file>rts2800_ml.lib</file>
         <name>_lock.obj</name>
      </input_file>
      <input_file id="fl-2a">
         <path>C:\ti\ccsv6\tools\compiler\ti-cgt-c2000_6.4.4\lib\</path>
         <kind>archive</kind>
         <file>rts2800_ml.lib</file>
         <name>args_main.obj</name>
      </input_file>
   </input_file_list>
   <object_component_list>
      <object_component id="oc-a7">
         <name>.econst</name>
         <load_address>0x3e8000</load_address>
         <run_address>0x8000</run_address>
         <size>0x28</size>
         <input_file_ref idref="fl-11"/>
      </object_component>
      <object_component id="oc-ab">
         <name>.text</name>
         <load_address>0x3e8028</load_address>
         <run_address>0x8028</run_address>
         <size>0xe1</size>
         <input_file_ref idref="fl-15"/>
      </object_component>
      <object_component id="oc-a6">
         <name>.text</name>
         <load_address>0x3e8109</load_address>
         <run_address>0x8109</run_address>
         <size>0xc7</size>
         <input_file_ref idref="fl-11"/>
      </object_component>
      <object_component id="oc-b5">
         <name>.text</name>
         <load_address>0x3e81d0</load_address>
         <run_address>0x81d0</run_address>
         <size>0x9a</size>
         <input_file_ref idref="fl-1f"/>
      </object_component>
      <object_component id="oc-aa">
         <name>.text</name>
         <load_address>0x3e826a</load_address>
         <run_address>0x826a</run_address>
         <size>0x84</size>
         <input_file_ref idref="fl-14"/>
      </object_component>
      <object_component id="oc-ac">
         <name>.text</name>
         <load_address>0x3e82ee</load_address>
         <run_address>0x82ee</run_address>
         <size>0x80</size>
         <input_file_ref idref="fl-16"/>
      </object_component>
      <object_component id="oc-b7">
         <name>.text</name>
         <load_address>0x3e836e</load_address>
         <run_address>0x836e</run_address>
         <size>0x7d</size>
         <input_file_ref idref="fl-21"/>
      </object_component>
      <object_component id="oc-a8">
         <name>.text</name>
         <load_address>0x3e83eb</load_address>
         <run_address>0x83eb</run_address>
         <size>0x5c</size>
         <input_file_ref idref="fl-12"/>
      </object_component>
      <object_component id="oc-b2">
         <name>.text</name>
         <load_address>0x3e8447</load_address>
         <run_address>0x8447</run_address>
         <size>0x54</size>
         <input_file_ref idref="fl-1c"/>
      </object_component>
      <object_component id="oc-b6">
         <name>.text</name>
         <load_address>0x3e849b</load_address>
         <run_address>0x849b</run_address>
         <size>0x41</size>
         <input_file_ref idref="fl-20"/>
      </object_component>
      <object_component id="oc-af">
         <name>.text</name>
         <load_address>0x3e84dc</load_address>
         <run_address>0x84dc</run_address>
         <size>0x39</size>
         <input_file_ref idref="fl-19"/>
      </object_component>
      <object_component id="oc-b1">
         <name>.text</name>
         <load_address>0x3e8515</load_address>
         <run_address>0x8515</run_address>
         <size>0x34</size>
         <input_file_ref idref="fl-1b"/>
      </object_component>
      <object_component id="oc-a9">
         <name>.text</name>
         <load_address>0x3e8549</load_address>
         <run_address>0x8549</run_address>
         <size>0x16</size>
         <input_file_ref idref="fl-13"/>
      </object_component>
      <object_component id="oc-ad">
         <name>.text</name>
         <load_address>0x3e855f</load_address>
         <run_address>0x855f</run_address>
         <size>0x15</size>
         <input_file_ref idref="fl-17"/>
      </object_component>
      <object_component id="oc-ae">
         <name>.text</name>
         <load_address>0x3e8574</load_address>
         <run_address>0x8574</run_address>
         <size>0x14</size>
         <input_file_ref idref="fl-18"/>
      </object_component>
      <object_component id="oc-b3">
         <name>.text</name>
         <load_address>0x3e8588</load_address>
         <run_address>0x8588</run_address>
         <size>0xd</size>
         <input_file_ref idref="fl-1d"/>
      </object_component>
      <object_component id="oc-b4">
         <name>.text</name>
         <load_address>0x3e8595</load_address>
         <run_address>0x8595</run_address>
         <size>0x7</size>
         <input_file_ref idref="fl-1e"/>
      </object_component>
      <object_component id="oc-b0">
         <name>.text</name>
         <load_address>0x3e859c</load_address>
         <run_address>0x859c</run_address>
         <size>0x3</size>
         <input_file_ref idref="fl-1a"/>
      </object_component>
      <object_component id="oc-54">
         <name>.cinit</name>
         <load_address>0x3f44d3</load_address>
         <run_address>0x3f44d3</run_address>
         <size>0x23</size>
         <input_file_ref idref="fl-2"/>
      </object_component>
      <object_component id="oc-bf">
         <name>.cinit</name>
         <load_address>0x3f44f6</load_address>
         <run_address>0x3f44f6</run_address>
         <size>0xa</size>
         <input_file_ref idref="fl-28"/>
      </object_component>
      <object_component id="oc-d3">
         <name>.cinit:__lock</name>
         <load_address>0x3f4500</load_address>
         <run_address>0x3f4500</run_address>
         <size>0x5</size>
         <input_file_ref idref="fl-29"/>
      </object_component>
      <object_component id="oc-d7">
         <name>.cinit:__unlock</name>
         <load_address>0x3f4505</load_address>
         <run_address>0x3f4505</run_address>
         <size>0x5</size>
         <input_file_ref idref="fl-29"/>
      </object_component>
      <object_component id="oc-d4">
         <name>.text</name>
         <load_address>0x3f417e</load_address>
         <run_address>0x3f417e</run_address>
         <size>0x18c</size>
         <input_file_ref idref="fl-6"/>
      </object_component>
      <object_component id="oc-d1">
         <name>.text</name>
         <load_address>0x3f430a</load_address>
         <run_address>0x3f430a</run_address>
         <size>0x13a</size>
         <input_file_ref idref="fl-2"/>
      </object_component>
      <object_component id="oc-52">
         <name>.text</name>
         <load_address>0x3f4444</load_address>
         <run_address>0x3f4444</run_address>
         <size>0x44</size>
         <input_file_ref idref="fl-27"/>
      </object_component>
      <object_component id="oc-cf">
         <name>.text</name>
         <load_address>0x3f4488</load_address>
         <run_address>0x3f4488</run_address>
         <size>0x19</size>
         <input_file_ref idref="fl-2a"/>
      </object_component>
      <object_component id="oc-d0">
         <name>.text</name>
         <load_address>0x3f44a1</load_address>
         <run_address>0x3f44a1</run_address>
         <size>0x19</size>
         <input_file_ref idref="fl-28"/>
      </object_component>
      <object_component id="oc-d6">
         <name>.text</name>
         <load_address>0x3f44ba</load_address>
         <run_address>0x3f44ba</run_address>
         <size>0x9</size>
         <input_file_ref idref="fl-29"/>
      </object_component>
      <object_component id="oc-5a">
         <name>.text</name>
         <load_address>0x3f44c3</load_address>
         <run_address>0x3f44c3</run_address>
         <size>0x8</size>
         <input_file_ref idref="fl-3"/>
      </object_component>
      <object_component id="oc-5b">
         <name>.text</name>
         <load_address>0x3f44cb</load_address>
         <run_address>0x3f44cb</run_address>
         <size>0x8</size>
         <input_file_ref idref="fl-4"/>
      </object_component>
      <object_component id="oc-5c">
         <name>codestart</name>
         <load_address>0x3f7ff6</load_address>
         <run_address>0x3f7ff6</run_address>
         <size>0x2</size>
         <input_file_ref idref="fl-4"/>
      </object_component>
      <object_component id="oc-d5">
         <name>ramfuncs</name>
         <load_address>0x3f4000</load_address>
         <run_address>0x859f</run_address>
         <size>0x17a</size>
         <input_file_ref idref="fl-2"/>
      </object_component>
      <object_component id="oc-a1">
         <name>ramfuncs</name>
         <load_address>0x3f417a</load_address>
         <run_address>0x8719</run_address>
         <size>0x4</size>
         <input_file_ref idref="fl-7"/>
      </object_component>
      <object_component id="oc-b8">
         <name>.stack</name>
         <uninitialized>true</uninitialized>
         <run_address>0x50</run_address>
         <size>0x0</size>
         <input_file_ref idref="fl-27"/>
      </object_component>
      <object_component id="oc-12f">
         <name>.stack</name>
         <uninitialized>true</uninitialized>
         <run_address>0x50</run_address>
         <size>0x0</size>
      </object_component>
      <object_component id="oc-55">
         <name>.ebss</name>
         <uninitialized>true</uninitialized>
         <run_address>0x8800</run_address>
         <size>0x140</size>
         <input_file_ref idref="fl-2"/>
      </object_component>
      <object_component id="oc-c0">
         <name>.ebss</name>
         <uninitialized>true</uninitialized>
         <run_address>0x8940</run_address>
         <size>0x4</size>
         <input_file_ref idref="fl-28"/>
      </object_component>
      <object_component id="oc-d8">
         <name>.ebss:__unlock</name>
         <uninitialized>true</uninitialized>
         <run_address>0x8946</run_address>
         <size>0x2</size>
         <input_file_ref idref="fl-29"/>
      </object_component>
      <object_component id="oc-d2">
         <name>.ebss:__lock</name>
         <uninitialized>true</uninitialized>
         <run_address>0x8944</run_address>
         <size>0x2</size>
         <input_file_ref idref="fl-29"/>
      </object_component>
      <object_component id="oc-b9">
         <name>.reset</name>
         <load_address>0x3fffc0</load_address>
         <run_address>0x3fffc0</run_address>
         <size>0x2</size>
         <input_file_ref idref="fl-27"/>
      </object_component>
      <object_component id="oc-98">
         <name>PieVectTableFile</name>
         <uninitialized>true</uninitialized>
         <run_address>0xd00</run_address>
         <size>0x100</size>
         <input_file_ref idref="fl-5"/>
      </object_component>
      <object_component id="oc-63">
         <name>EmuKeyVar</name>
         <uninitialized>true</uninitialized>
         <run_address>0xd00</run_address>
         <size>0x1</size>
         <input_file_ref idref="fl-5"/>
      </object_component>
      <object_component id="oc-64">
         <name>EmuBModeVar</name>
         <uninitialized>true</uninitialized>
         <run_address>0xd01</run_address>
         <size>0x1</size>
         <input_file_ref idref="fl-5"/>
      </object_component>
      <object_component id="oc-65">
         <name>FlashCallbackVar</name>
         <uninitialized>true</uninitialized>
         <run_address>0xd02</run_address>
         <size>0x2</size>
         <input_file_ref idref="fl-5"/>
      </object_component>
      <object_component id="oc-66">
         <name>FlashScalingVar</name>
         <uninitialized>true</uninitialized>
         <run_address>0xd04</run_address>
         <size>0x2</size>
         <input_file_ref idref="fl-5"/>
      </object_component>
      <object_component id="oc-68">
         <name>DevEmuRegsFile</name>
         <uninitialized>true</uninitialized>
         <run_address>0x880</run_address>
         <size>0x4</size>
         <input_file_ref idref="fl-5"/>
      </object_component>
      <object_component id="oc-67">
         <name>SysPwrCtrlRegsFile</name>
         <uninitialized>true</uninitialized>
         <run_address>0x985</run_address>
         <size>0x3</size>
         <input_file_ref idref="fl-5"/>
      </object_component>
      <object_component id="oc-69">
         <name>FlashRegsFile</name>
         <uninitialized>true</uninitialized>
         <run_address>0xa80</run_address>
         <size>0x8</size>
         <input_file_ref idref="fl-5"/>
      </object_component>
      <object_component id="oc-73">
         <name>CsmRegsFile</name>
         <uninitialized>true</uninitialized>
         <run_address>0xae0</run_address>
         <size>0x10</size>
         <input_file_ref idref="fl-5"/>
      </object_component>
      <object_component id="oc-70">
         <name>AdcResultFile</name>
         <uninitialized>true</uninitialized>
         <run_address>0xb00</run_address>
         <size>0x10</size>
         <input_file_ref idref="fl-5"/>
      </object_component>
      <object_component id="oc-6a">
         <name>CpuTimer0RegsFile</name>
         <uninitialized>true</uninitialized>
         <run_address>0xc00</run_address>
         <size>0x8</size>
         <input_file_ref idref="fl-5"/>
      </object_component>
      <object_component id="oc-6d">
         <name>CpuTimer1RegsFile</name>
         <uninitialized>true</uninitialized>
         <run_address>0xc08</run_address>
         <size>0x8</size>
         <input_file_ref idref="fl-5"/>
      </object_component>
      <object_component id="oc-6b">
         <name>CpuTimer2RegsFile</name>
         <uninitialized>true</uninitialized>
         <run_address>0xc10</run_address>
         <size>0x8</size>
         <input_file_ref idref="fl-5"/>
      </object_component>
      <object_component id="oc-79">
         <name>PieCtrlRegsFile</name>
         <uninitialized>true</uninitialized>
         <run_address>0xce0</run_address>
         <size>0x1a</size>
         <input_file_ref idref="fl-5"/>
      </object_component>
      <object_component id="oc-8e">
         <name>Cla1RegsFile</name>
         <uninitialized>true</uninitialized>
         <run_address>0x1400</run_address>
         <size>0x40</size>
         <input_file_ref idref="fl-5"/>
      </object_component>
      <object_component id="oc-97">
         <name>DmaRegsFile</name>
         <uninitialized>true</uninitialized>
         <run_address>0x1000</run_address>
         <size>0xe0</size>
         <input_file_ref idref="fl-5"/>
      </object_component>
      <object_component id="oc-88">
         <name>ECanaRegsFile</name>
         <uninitialized>true</uninitialized>
         <run_address>0x6000</run_address>
         <size>0x34</size>
         <input_file_ref idref="fl-5"/>
      </object_component>
      <object_component id="oc-8c">
         <name>ECanaLAMRegsFile</name>
         <uninitialized>true</uninitialized>
         <run_address>0x6040</run_address>
         <size>0x40</size>
         <input_file_ref idref="fl-5"/>
      </object_component>
      <object_component id="oc-99">
         <name>ECanaMboxesFile</name>
         <uninitialized>true</uninitialized>
         <run_address>0x6100</run_address>
         <size>0x100</size>
         <input_file_ref idref="fl-5"/>
      </object_component>
      <object_component id="oc-8d">
         <name>ECanaMOTSRegsFile</name>
         <uninitialized>true</uninitialized>
         <run_address>0x6080</run_address>
         <size>0x40</size>
         <input_file_ref idref="fl-5"/>
      </object_component>
      <object_component id="oc-89">
         <name>ECanaMOTORegsFile</name>
         <uninitialized>true</uninitialized>
         <run_address>0x60c0</run_address>
         <size>0x40</size>
         <input_file_ref idref="fl-5"/>
      </object_component>
      <object_component id="oc-81">
         <name>ECap1RegsFile</name>
         <uninitialized>true</uninitialized>
         <run_address>0x6a00</run_address>
         <size>0x20</size>
         <input_file_ref idref="fl-5"/>
      </object_component>
      <object_component id="oc-80">
         <name>ECap2RegsFile</name>
         <uninitialized>true</uninitialized>
         <run_address>0x6a20</run_address>
         <size>0x20</size>
         <input_file_ref idref="fl-5"/>
      </object_component>
      <object_component id="oc-82">
         <name>ECap3RegsFile</name>
         <uninitialized>true</uninitialized>
         <run_address>0x6a40</run_address>
         <size>0x20</size>
         <input_file_ref idref="fl-5"/>
      </object_component>
      <object_component id="oc-85">
         <name>EQep1RegsFile</name>
         <uninitialized>true</uninitialized>
         <run_address>0x6b00</run_address>
         <size>0x22</size>
         <input_file_ref idref="fl-5"/>
      </object_component>
      <object_component id="oc-83">
         <name>EQep2RegsFile</name>
         <uninitialized>true</uninitialized>
         <run_address>0x6b40</run_address>
         <size>0x22</size>
         <input_file_ref idref="fl-5"/>
      </object_component>
      <object_component id="oc-91">
         <name>GpioCtrlRegsFile</name>
         <uninitialized>true</uninitialized>
         <run_address>0x6f80</run_address>
         <size>0x40</size>
         <input_file_ref idref="fl-5"/>
      </object_component>
      <object_component id="oc-7b">
         <name>GpioDataRegsFile</name>
         <uninitialized>true</uninitialized>
         <run_address>0x6fc0</run_address>
         <size>0x20</size>
         <input_file_ref idref="fl-5"/>
      </object_component>
      <object_component id="oc-7a">
         <name>GpioIntRegsFile</name>
         <uninitialized>true</uninitialized>
         <run_address>0x6fe0</run_address>
         <size>0x20</size>
         <input_file_ref idref="fl-5"/>
      </object_component>
      <object_component id="oc-7e">
         <name>HRCap1RegsFile</name>
         <uninitialized>true</uninitialized>
         <run_address>0x6ac0</run_address>
         <size>0x20</size>
         <input_file_ref idref="fl-5"/>
      </object_component>
      <object_component id="oc-7f">
         <name>HRCap2RegsFile</name>
         <uninitialized>true</uninitialized>
         <run_address>0x6ae0</run_address>
         <size>0x20</size>
         <input_file_ref idref="fl-5"/>
      </object_component>
      <object_component id="oc-7c">
         <name>HRCap3RegsFile</name>
         <uninitialized>true</uninitialized>
         <run_address>0x6c80</run_address>
         <size>0x20</size>
         <input_file_ref idref="fl-5"/>
      </object_component>
      <object_component id="oc-7d">
         <name>HRCap4RegsFile</name>
         <uninitialized>true</uninitialized>
         <run_address>0x6ca0</run_address>
         <size>0x20</size>
         <input_file_ref idref="fl-5"/>
      </object_component>
      <object_component id="oc-87">
         <name>SysCtrlRegsFile</name>
         <uninitialized>true</uninitialized>
         <run_address>0x7010</run_address>
         <size>0x30</size>
         <input_file_ref idref="fl-5"/>
      </object_component>
      <object_component id="oc-6f">
         <name>SpiaRegsFile</name>
         <uninitialized>true</uninitialized>
         <run_address>0x7040</run_address>
         <size>0x10</size>
         <input_file_ref idref="fl-5"/>
      </object_component>
      <object_component id="oc-74">
         <name>SpibRegsFile</name>
         <uninitialized>true</uninitialized>
         <run_address>0x7740</run_address>
         <size>0x10</size>
         <input_file_ref idref="fl-5"/>
      </object_component>
      <object_component id="oc-71">
         <name>SciaRegsFile</name>
         <uninitialized>true</uninitialized>
         <run_address>0x7050</run_address>
         <size>0x10</size>
         <input_file_ref idref="fl-5"/>
      </object_component>
      <object_component id="oc-6e">
         <name>ScibRegsFile</name>
         <uninitialized>true</uninitialized>
         <run_address>0x7750</run_address>
         <size>0x10</size>
         <input_file_ref idref="fl-5"/>
      </object_component>
      <object_component id="oc-72">
         <name>NmiIntruptRegsFile</name>
         <uninitialized>true</uninitialized>
         <run_address>0x7060</run_address>
         <size>0x10</size>
         <input_file_ref idref="fl-5"/>
      </object_component>
      <object_component id="oc-75">
         <name>XIntruptRegsFile</name>
         <uninitialized>true</uninitialized>
         <run_address>0x7070</run_address>
         <size>0x10</size>
         <input_file_ref idref="fl-5"/>
      </object_component>
      <object_component id="oc-96">
         <name>AdcRegsFile</name>
         <uninitialized>true</uninitialized>
         <run_address>0x7100</run_address>
         <size>0x50</size>
         <input_file_ref idref="fl-5"/>
      </object_component>
      <object_component id="oc-84">
         <name>I2caRegsFile</name>
         <uninitialized>true</uninitialized>
         <run_address>0x7900</run_address>
         <size>0x22</size>
         <input_file_ref idref="fl-5"/>
      </object_component>
      <object_component id="oc-77">
         <name>Comp1RegsFile</name>
         <uninitialized>true</uninitialized>
         <run_address>0x6400</run_address>
         <size>0x14</size>
         <input_file_ref idref="fl-5"/>
      </object_component>
      <object_component id="oc-76">
         <name>Comp2RegsFile</name>
         <uninitialized>true</uninitialized>
         <run_address>0x6420</run_address>
         <size>0x14</size>
         <input_file_ref idref="fl-5"/>
      </object_component>
      <object_component id="oc-78">
         <name>Comp3RegsFile</name>
         <uninitialized>true</uninitialized>
         <run_address>0x6440</run_address>
         <size>0x14</size>
         <input_file_ref idref="fl-5"/>
      </object_component>
      <object_component id="oc-8b">
         <name>EPwm1RegsFile</name>
         <uninitialized>true</uninitialized>
         <run_address>0x6800</run_address>
         <size>0x40</size>
         <input_file_ref idref="fl-5"/>
      </object_component>
      <object_component id="oc-8a">
         <name>EPwm2RegsFile</name>
         <uninitialized>true</uninitialized>
         <run_address>0x6840</run_address>
         <size>0x40</size>
         <input_file_ref idref="fl-5"/>
      </object_component>
      <object_component id="oc-95">
         <name>EPwm3RegsFile</name>
         <uninitialized>true</uninitialized>
         <run_address>0x6880</run_address>
         <size>0x40</size>
         <input_file_ref idref="fl-5"/>
      </object_component>
      <object_component id="oc-93">
         <name>EPwm4RegsFile</name>
         <uninitialized>true</uninitialized>
         <run_address>0x68c0</run_address>
         <size>0x40</size>
         <input_file_ref idref="fl-5"/>
      </object_component>
      <object_component id="oc-94">
         <name>EPwm5RegsFile</name>
         <uninitialized>true</uninitialized>
         <run_address>0x6900</run_address>
         <size>0x40</size>
         <input_file_ref idref="fl-5"/>
      </object_component>
      <object_component id="oc-90">
         <name>EPwm6RegsFile</name>
         <uninitialized>true</uninitialized>
         <run_address>0x6940</run_address>
         <size>0x40</size>
         <input_file_ref idref="fl-5"/>
      </object_component>
      <object_component id="oc-8f">
         <name>EPwm7RegsFile</name>
         <uninitialized>true</uninitialized>
         <run_address>0x6980</run_address>
         <size>0x40</size>
         <input_file_ref idref="fl-5"/>
      </object_component>
      <object_component id="oc-92">
         <name>EPwm8RegsFile</name>
         <uninitialized>true</uninitialized>
         <run_address>0x69c0</run_address>
         <size>0x40</size>
         <input_file_ref idref="fl-5"/>
      </object_component>
      <object_component id="oc-86">
         <name>McbspaRegsFile</name>
         <uninitialized>true</uninitialized>
         <run_address>0x5000</run_address>
         <size>0x24</size>
         <input_file_ref idref="fl-5"/>
      </object_component>
      <object_component id="oc-9a">
         <name>Usb0RegsFile</name>
         <uninitialized>true</uninitialized>
         <run_address>0x4000</run_address>
         <size>0x454</size>
         <input_file_ref idref="fl-5"/>
      </object_component>
      <object_component id="oc-6c">
         <name>CsmPwlFile</name>
         <uninitialized>true</uninitialized>
         <run_address>0x3f7ff8</run_address>
         <size>0x8</size>
         <input_file_ref idref="fl-5"/>
      </object_component>
      <object_component id="oc-62">
         <name>PartIdRegsFile</name>
         <uninitialized>true</uninitialized>
         <run_address>0x3d7e80</run_address>
         <size>0x1</size>
         <input_file_ref idref="fl-5"/>
      </object_component>
      <object_component id="oc-53">
         <name>.debug_info</name>
         <load_address>0x0</load_address>
         <run_address>0x0</run_address>
         <size>0x2bab</size>
         <input_file_ref idref="fl-2"/>
      </object_component>
      <object_component id="oc-5d">
         <name>.debug_info</name>
         <load_address>0x2bab</load_address>
         <run_address>0x2bab</run_address>
         <size>0x204</size>
         <input_file_ref idref="fl-4"/>
      </object_component>
      <object_component id="oc-61">
         <name>.debug_info</name>
         <load_address>0x2daf</load_address>
         <run_address>0x2daf</run_address>
         <size>0x1b08e</size>
         <input_file_ref idref="fl-5"/>
      </object_component>
      <object_component id="oc-9c">
         <name>.debug_info</name>
         <load_address>0x1de3d</load_address>
         <run_address>0x1de3d</run_address>
         <size>0x2ded</size>
         <input_file_ref idref="fl-6"/>
      </object_component>
      <object_component id="oc-a2">
         <name>.debug_info</name>
         <load_address>0x20c2a</load_address>
         <run_address>0x20c2a</run_address>
         <size>0x18f</size>
         <input_file_ref idref="fl-7"/>
      </object_component>
      <object_component id="oc-ba">
         <name>.debug_info</name>
         <load_address>0x20db9</load_address>
         <run_address>0x20db9</run_address>
         <size>0x110</size>
         <input_file_ref idref="fl-27"/>
      </object_component>
      <object_component id="oc-be">
         <name>.debug_info</name>
         <load_address>0x20ec9</load_address>
         <run_address>0x20ec9</run_address>
         <size>0x407</size>
         <input_file_ref idref="fl-28"/>
      </object_component>
      <object_component id="oc-c5">
         <name>.debug_info</name>
         <load_address>0x212d0</load_address>
         <run_address>0x212d0</run_address>
         <size>0x431</size>
         <input_file_ref idref="fl-29"/>
      </object_component>
      <object_component id="oc-ca">
         <name>.debug_info</name>
         <load_address>0x21701</load_address>
         <run_address>0x21701</run_address>
         <size>0x3fe</size>
         <input_file_ref idref="fl-2a"/>
      </object_component>
      <object_component id="oc-130">
         <name>.debug_info</name>
         <load_address>0x21aff</load_address>
         <run_address>0x21aff</run_address>
         <size>0xcc</size>
      </object_component>
      <object_component id="oc-56">
         <name>.debug_frame</name>
         <load_address>0x0</load_address>
         <run_address>0x0</run_address>
         <size>0x132</size>
         <input_file_ref idref="fl-2"/>
      </object_component>
      <object_component id="oc-9d">
         <name>.debug_frame</name>
         <load_address>0x132</load_address>
         <run_address>0x132</run_address>
         <size>0x15d</size>
         <input_file_ref idref="fl-6"/>
      </object_component>
      <object_component id="oc-c1">
         <name>.debug_frame</name>
         <load_address>0x28f</load_address>
         <run_address>0x28f</run_address>
         <size>0x95</size>
         <input_file_ref idref="fl-28"/>
      </object_component>
      <object_component id="oc-c6">
         <name>.debug_frame</name>
         <load_address>0x324</load_address>
         <run_address>0x324</run_address>
         <size>0xa1</size>
         <input_file_ref idref="fl-29"/>
      </object_component>
      <object_component id="oc-cb">
         <name>.debug_frame</name>
         <load_address>0x3c5</load_address>
         <run_address>0x3c5</run_address>
         <size>0x77</size>
         <input_file_ref idref="fl-2a"/>
      </object_component>
      <object_component id="oc-57">
         <name>.debug_line</name>
         <load_address>0x0</load_address>
         <run_address>0x0</run_address>
         <size>0x256</size>
         <input_file_ref idref="fl-2"/>
      </object_component>
      <object_component id="oc-5e">
         <name>.debug_line</name>
         <load_address>0x256</load_address>
         <run_address>0x256</run_address>
         <size>0x9f</size>
         <input_file_ref idref="fl-4"/>
      </object_component>
      <object_component id="oc-9e">
         <name>.debug_line</name>
         <load_address>0x2f5</load_address>
         <run_address>0x2f5</run_address>
         <size>0x23e</size>
         <input_file_ref idref="fl-6"/>
      </object_component>
      <object_component id="oc-a3">
         <name>.debug_line</name>
         <load_address>0x533</load_address>
         <run_address>0x533</run_address>
         <size>0x86</size>
         <input_file_ref idref="fl-7"/>
      </object_component>
      <object_component id="oc-bb">
         <name>.debug_line</name>
         <load_address>0x5b9</load_address>
         <run_address>0x5b9</run_address>
         <size>0x73</size>
         <input_file_ref idref="fl-27"/>
      </object_component>
      <object_component id="oc-c2">
         <name>.debug_line</name>
         <load_address>0x62c</load_address>
         <run_address>0x62c</run_address>
         <size>0x5d</size>
         <input_file_ref idref="fl-28"/>
      </object_component>
      <object_component id="oc-c7">
         <name>.debug_line</name>
         <load_address>0x689</load_address>
         <run_address>0x689</run_address>
         <size>0x5e</size>
         <input_file_ref idref="fl-29"/>
      </object_component>
      <object_component id="oc-cc">
         <name>.debug_line</name>
         <load_address>0x6e7</load_address>
         <run_address>0x6e7</run_address>
         <size>0x59</size>
         <input_file_ref idref="fl-2a"/>
      </object_component>
      <object_component id="oc-58">
         <name>.debug_abbrev</name>
         <load_address>0x0</load_address>
         <run_address>0x0</run_address>
         <size>0x1d3</size>
         <input_file_ref idref="fl-2"/>
      </object_component>
      <object_component id="oc-5f">
         <name>.debug_abbrev</name>
         <load_address>0x1d3</load_address>
         <run_address>0x1d3</run_address>
         <size>0x21</size>
         <input_file_ref idref="fl-4"/>
      </object_component>
      <object_component id="oc-9b">
         <name>.debug_abbrev</name>
         <load_address>0x1f4</load_address>
         <run_address>0x1f4</run_address>
         <size>0xc4</size>
         <input_file_ref idref="fl-5"/>
      </object_component>
      <object_component id="oc-9f">
         <name>.debug_abbrev</name>
         <load_address>0x2b8</load_address>
         <run_address>0x2b8</run_address>
         <size>0x1a3</size>
         <input_file_ref idref="fl-6"/>
      </object_component>
      <object_component id="oc-a4">
         <name>.debug_abbrev</name>
         <load_address>0x45b</load_address>
         <run_address>0x45b</run_address>
         <size>0x2f</size>
         <input_file_ref idref="fl-7"/>
      </object_component>
      <object_component id="oc-bc">
         <name>.debug_abbrev</name>
         <load_address>0x48a</load_address>
         <run_address>0x48a</run_address>
         <size>0x46</size>
         <input_file_ref idref="fl-27"/>
      </object_component>
      <object_component id="oc-c3">
         <name>.debug_abbrev</name>
         <load_address>0x4d0</load_address>
         <run_address>0x4d0</run_address>
         <size>0x117</size>
         <input_file_ref idref="fl-28"/>
      </object_component>
      <object_component id="oc-c8">
         <name>.debug_abbrev</name>
         <load_address>0x5e7</load_address>
         <run_address>0x5e7</run_address>
         <size>0xb2</size>
         <input_file_ref idref="fl-29"/>
      </object_component>
      <object_component id="oc-cd">
         <name>.debug_abbrev</name>
         <load_address>0x699</load_address>
         <run_address>0x699</run_address>
         <size>0xfe</size>
         <input_file_ref idref="fl-2a"/>
      </object_component>
      <object_component id="oc-131">
         <name>.debug_abbrev</name>
         <load_address>0x797</load_address>
         <run_address>0x797</run_address>
         <size>0xf</size>
      </object_component>
      <object_component id="oc-59">
         <name>.debug_aranges</name>
         <load_address>0x0</load_address>
         <run_address>0x0</run_address>
         <size>0x58</size>
         <input_file_ref idref="fl-2"/>
      </object_component>
      <object_component id="oc-60">
         <name>.debug_aranges</name>
         <load_address>0x58</load_address>
         <run_address>0x58</run_address>
         <size>0x28</size>
         <input_file_ref idref="fl-4"/>
      </object_component>
      <object_component id="oc-a0">
         <name>.debug_aranges</name>
         <load_address>0x80</load_address>
         <run_address>0x80</run_address>
         <size>0x70</size>
         <input_file_ref idref="fl-6"/>
      </object_component>
      <object_component id="oc-a5">
         <name>.debug_aranges</name>
         <load_address>0xf0</load_address>
         <run_address>0xf0</run_address>
         <size>0x20</size>
         <input_file_ref idref="fl-7"/>
      </object_component>
      <object_component id="oc-bd">
         <name>.debug_aranges</name>
         <load_address>0x110</load_address>
         <run_address>0x110</run_address>
         <size>0x20</size>
         <input_file_ref idref="fl-27"/>
      </object_component>
      <object_component id="oc-c4">
         <name>.debug_aranges</name>
         <load_address>0x130</load_address>
         <run_address>0x130</run_address>
         <size>0x28</size>
         <input_file_ref idref="fl-28"/>
      </object_component>
      <object_component id="oc-c9">
         <name>.debug_aranges</name>
         <load_address>0x158</load_address>
         <run_address>0x158</run_address>
         <size>0x30</size>
         <input_file_ref idref="fl-29"/>
      </object_component>
      <object_component id="oc-ce">
         <name>.debug_aranges</name>
         <load_address>0x188</load_address>
         <run_address>0x188</run_address>
         <size>0x20</size>
         <input_file_ref idref="fl-2a"/>
      </object_component>
   </object_component_list>
   <logical_group_list>
      <logical_group id="lg-4" display="no" color="cyan">
         <name>Flash28_API.2</name>
         <load_address>0x3e8028</load_address>
         <run_address>0x8028</run_address>
         <size>0x577</size>
         <contents>
            <object_component_ref idref="oc-ab"/>
            <object_component_ref idref="oc-a6"/>
            <object_component_ref idref="oc-b5"/>
            <object_component_ref idref="oc-aa"/>
            <object_component_ref idref="oc-ac"/>
            <object_component_ref idref="oc-b7"/>
            <object_component_ref idref="oc-a8"/>
            <object_component_ref idref="oc-b2"/>
            <object_component_ref idref="oc-b6"/>
            <object_component_ref idref="oc-af"/>
            <object_component_ref idref="oc-b1"/>
            <object_component_ref idref="oc-a9"/>
            <object_component_ref idref="oc-ad"/>
            <object_component_ref idref="oc-ae"/>
            <object_component_ref idref="oc-b3"/>
            <object_component_ref idref="oc-b4"/>
            <object_component_ref idref="oc-b0"/>
         </contents>
      </logical_group>
      <logical_group id="lg-2" display="no" color="cyan">
         <name>Flash28_API</name>
         <load_address>0x3e8000</load_address>
         <run_address>0x8000</run_address>
         <size>0x59f</size>
         <contents>
            <object_component_ref idref="oc-a7"/>
            <logical_group_ref idref="lg-4"/>
         </contents>
      </logical_group>
      <logical_group id="lg-5" display="no" color="cyan">
         <name>.cinit</name>
         <load_address>0x3f44d3</load_address>
         <run_address>0x3f44d3</run_address>
         <size>0x39</size>
         <contents>
            <object_component_ref idref="oc-54"/>
            <object_component_ref idref="oc-bf"/>
            <object_component_ref idref="oc-d3"/>
            <object_component_ref idref="oc-d7"/>
         </contents>
      </logical_group>
      <logical_group id="lg-6" display="no" color="cyan">
         <name>.pinit</name>
         <run_address>0x0</run_address>
         <size>0x0</size>
         <contents>
         </contents>
      </logical_group>
      <logical_group id="lg-7" display="no" color="cyan">
         <name>.text</name>
         <load_address>0x3f417e</load_address>
         <run_address>0x3f417e</run_address>
         <size>0x355</size>
         <contents>
            <object_component_ref idref="oc-d4"/>
            <object_component_ref idref="oc-d1"/>
            <object_component_ref idref="oc-52"/>
            <object_component_ref idref="oc-cf"/>
            <object_component_ref idref="oc-d0"/>
            <object_component_ref idref="oc-d6"/>
            <object_component_ref idref="oc-5a"/>
            <object_component_ref idref="oc-5b"/>
         </contents>
      </logical_group>
      <logical_group id="lg-8" display="no" color="cyan">
         <name>codestart</name>
         <load_address>0x3f7ff6</load_address>
         <run_address>0x3f7ff6</run_address>
         <size>0x2</size>
         <contents>
            <object_component_ref idref="oc-5c"/>
         </contents>
      </logical_group>
      <logical_group id="lg-9" display="no" color="cyan">
         <name>ramfuncs</name>
         <load_address>0x3f4000</load_address>
         <run_address>0x859f</run_address>
         <size>0x17e</size>
         <contents>
            <object_component_ref idref="oc-d5"/>
            <object_component_ref idref="oc-a1"/>
         </contents>
      </logical_group>
      <logical_group id="lg-a" display="no" color="cyan">
         <name>csmpasswds</name>
         <run_address>0x0</run_address>
         <size>0x0</size>
         <contents>
         </contents>
      </logical_group>
      <logical_group id="lg-b" display="no" color="cyan">
         <name>csm_rsvd</name>
         <run_address>0x0</run_address>
         <size>0x0</size>
         <contents>
         </contents>
      </logical_group>
      <logical_group id="lg-c" display="no" color="cyan">
         <name>.stack</name>
         <run_address>0x50</run_address>
         <size>0x300</size>
         <contents>
            <object_component_ref idref="oc-b8"/>
            <object_component_ref idref="oc-12f"/>
         </contents>
      </logical_group>
      <logical_group id="lg-d" display="no" color="cyan">
         <name>.ebss</name>
         <run_address>0x8800</run_address>
         <size>0x148</size>
         <contents>
            <object_component_ref idref="oc-55"/>
            <object_component_ref idref="oc-c0"/>
            <object_component_ref idref="oc-d8"/>
            <object_component_ref idref="oc-d2"/>
         </contents>
      </logical_group>
      <logical_group id="lg-e" display="no" color="cyan">
         <name>.esysmem</name>
         <run_address>0x0</run_address>
         <size>0x0</size>
         <contents>
         </contents>
      </logical_group>
      <logical_group id="lg-f" display="no" color="cyan">
         <name>.econst</name>
         <run_address>0x0</run_address>
         <size>0x0</size>
         <contents>
         </contents>
      </logical_group>
      <logical_group id="lg-10" display="no" color="cyan">
         <name>.switch</name>
         <run_address>0x0</run_address>
         <size>0x0</size>
         <contents>
         </contents>
      </logical_group>
      <logical_group id="lg-11" display="no" color="cyan">
         <name>IQmath</name>
         <run_address>0x0</run_address>
         <size>0x0</size>
         <contents>
         </contents>
      </logical_group>
      <logical_group id="lg-12" display="no" color="cyan">
         <name>IQmathTables</name>
         <run_address>0x0</run_address>
         <size>0x0</size>
         <contents>
         </contents>
      </logical_group>
      <logical_group id="lg-13" display="no" color="cyan">
         <name>FPUmathTables</name>
         <run_address>0x0</run_address>
         <size>0x0</size>
         <contents>
         </contents>
      </logical_group>
      <logical_group id="lg-14" display="no" color="cyan">
         <name>.reset</name>
         <load_address>0x3fffc0</load_address>
         <run_address>0x3fffc0</run_address>
         <size>0x2</size>
         <contents>
            <object_component_ref idref="oc-b9"/>
         </contents>
      </logical_group>
      <logical_group id="lg-15" display="no" color="cyan">
         <name>vectors</name>
         <run_address>0x3fffc2</run_address>
         <size>0x0</size>
         <contents>
         </contents>
      </logical_group>
      <logical_group id="lg-17" display="no" color="cyan">
         <name>PieVectTableFile</name>
         <run_address>0xd00</run_address>
         <size>0x100</size>
         <contents>
            <object_component_ref idref="oc-98"/>
         </contents>
      </logical_group>
      <logical_group id="lg-19" display="no" color="cyan">
         <name>EmuKeyVar</name>
         <run_address>0xd00</run_address>
         <size>0x1</size>
         <contents>
            <object_component_ref idref="oc-63"/>
         </contents>
      </logical_group>
      <logical_group id="lg-1a" display="no" color="cyan">
         <name>EmuBModeVar</name>
         <run_address>0xd01</run_address>
         <size>0x1</size>
         <contents>
            <object_component_ref idref="oc-64"/>
         </contents>
      </logical_group>
      <logical_group id="lg-1b" display="no" color="cyan">
         <name>FlashCallbackVar</name>
         <run_address>0xd02</run_address>
         <size>0x2</size>
         <contents>
            <object_component_ref idref="oc-65"/>
         </contents>
      </logical_group>
      <logical_group id="lg-1c" display="no" color="cyan">
         <name>FlashScalingVar</name>
         <run_address>0xd04</run_address>
         <size>0x2</size>
         <contents>
            <object_component_ref idref="oc-66"/>
         </contents>
      </logical_group>
      <logical_group id="lg-18" display="no" color="cyan">
         <name>GROUP_2</name>
         <run_address>0xd00</run_address>
         <size>0x6</size>
         <contents>
            <logical_group_ref idref="lg-19"/>
            <logical_group_ref idref="lg-1a"/>
            <logical_group_ref idref="lg-1b"/>
            <logical_group_ref idref="lg-1c"/>
         </contents>
      </logical_group>
      <overlay id="lg-16" display="no" color="cyan">
         <name>UNION_1</name>
         <run_address>0xd00</run_address>
         <size>0x100</size>
         <contents>
            <logical_group_ref idref="lg-17"/>
            <logical_group_ref idref="lg-18"/>
         </contents>
      </overlay>
      <logical_group id="lg-1d" display="no" color="cyan">
         <name>DevEmuRegsFile</name>
         <run_address>0x880</run_address>
         <size>0x4</size>
         <contents>
            <object_component_ref idref="oc-68"/>
         </contents>
      </logical_group>
      <logical_group id="lg-1e" display="no" color="cyan">
         <name>SysPwrCtrlRegsFile</name>
         <run_address>0x985</run_address>
         <size>0x3</size>
         <contents>
            <object_component_ref idref="oc-67"/>
         </contents>
      </logical_group>
      <logical_group id="lg-1f" display="no" color="cyan">
         <name>FlashRegsFile</name>
         <run_address>0xa80</run_address>
         <size>0x8</size>
         <contents>
            <object_component_ref idref="oc-69"/>
         </contents>
      </logical_group>
      <logical_group id="lg-20" display="no" color="cyan">
         <name>CsmRegsFile</name>
         <run_address>0xae0</run_address>
         <size>0x10</size>
         <contents>
            <object_component_ref idref="oc-73"/>
         </contents>
      </logical_group>
      <logical_group id="lg-21" display="no" color="cyan">
         <name>AdcResultFile</name>
         <run_address>0xb00</run_address>
         <size>0x10</size>
         <contents>
            <object_component_ref idref="oc-70"/>
         </contents>
      </logical_group>
      <logical_group id="lg-22" display="no" color="cyan">
         <name>CpuTimer0RegsFile</name>
         <run_address>0xc00</run_address>
         <size>0x8</size>
         <contents>
            <object_component_ref idref="oc-6a"/>
         </contents>
      </logical_group>
      <logical_group id="lg-23" display="no" color="cyan">
         <name>CpuTimer1RegsFile</name>
         <run_address>0xc08</run_address>
         <size>0x8</size>
         <contents>
            <object_component_ref idref="oc-6d"/>
         </contents>
      </logical_group>
      <logical_group id="lg-24" display="no" color="cyan">
         <name>CpuTimer2RegsFile</name>
         <run_address>0xc10</run_address>
         <size>0x8</size>
         <contents>
            <object_component_ref idref="oc-6b"/>
         </contents>
      </logical_group>
      <logical_group id="lg-25" display="no" color="cyan">
         <name>PieCtrlRegsFile</name>
         <run_address>0xce0</run_address>
         <size>0x1a</size>
         <contents>
            <object_component_ref idref="oc-79"/>
         </contents>
      </logical_group>
      <logical_group id="lg-26" display="no" color="cyan">
         <name>Cla1RegsFile</name>
         <run_address>0x1400</run_address>
         <size>0x40</size>
         <contents>
            <object_component_ref idref="oc-8e"/>
         </contents>
      </logical_group>
      <logical_group id="lg-27" display="no" color="cyan">
         <name>DmaRegsFile</name>
         <run_address>0x1000</run_address>
         <size>0xe0</size>
         <contents>
            <object_component_ref idref="oc-97"/>
         </contents>
      </logical_group>
      <logical_group id="lg-28" display="no" color="cyan">
         <name>ECanaRegsFile</name>
         <run_address>0x6000</run_address>
         <size>0x34</size>
         <contents>
            <object_component_ref idref="oc-88"/>
         </contents>
      </logical_group>
      <logical_group id="lg-29" display="no" color="cyan">
         <name>ECanaLAMRegsFile</name>
         <run_address>0x6040</run_address>
         <size>0x40</size>
         <contents>
            <object_component_ref idref="oc-8c"/>
         </contents>
      </logical_group>
      <logical_group id="lg-2a" display="no" color="cyan">
         <name>ECanaMboxesFile</name>
         <run_address>0x6100</run_address>
         <size>0x100</size>
         <contents>
            <object_component_ref idref="oc-99"/>
         </contents>
      </logical_group>
      <logical_group id="lg-2b" display="no" color="cyan">
         <name>ECanaMOTSRegsFile</name>
         <run_address>0x6080</run_address>
         <size>0x40</size>
         <contents>
            <object_component_ref idref="oc-8d"/>
         </contents>
      </logical_group>
      <logical_group id="lg-2c" display="no" color="cyan">
         <name>ECanaMOTORegsFile</name>
         <run_address>0x60c0</run_address>
         <size>0x40</size>
         <contents>
            <object_component_ref idref="oc-89"/>
         </contents>
      </logical_group>
      <logical_group id="lg-2d" display="no" color="cyan">
         <name>ECap1RegsFile</name>
         <run_address>0x6a00</run_address>
         <size>0x20</size>
         <contents>
            <object_component_ref idref="oc-81"/>
         </contents>
      </logical_group>
      <logical_group id="lg-2e" display="no" color="cyan">
         <name>ECap2RegsFile</name>
         <run_address>0x6a20</run_address>
         <size>0x20</size>
         <contents>
            <object_component_ref idref="oc-80"/>
         </contents>
      </logical_group>
      <logical_group id="lg-2f" display="no" color="cyan">
         <name>ECap3RegsFile</name>
         <run_address>0x6a40</run_address>
         <size>0x20</size>
         <contents>
            <object_component_ref idref="oc-82"/>
         </contents>
      </logical_group>
      <logical_group id="lg-30" display="no" color="cyan">
         <name>EQep1RegsFile</name>
         <run_address>0x6b00</run_address>
         <size>0x22</size>
         <contents>
            <object_component_ref idref="oc-85"/>
         </contents>
      </logical_group>
      <logical_group id="lg-31" display="no" color="cyan">
         <name>EQep2RegsFile</name>
         <run_address>0x6b40</run_address>
         <size>0x22</size>
         <contents>
            <object_component_ref idref="oc-83"/>
         </contents>
      </logical_group>
      <logical_group id="lg-32" display="no" color="cyan">
         <name>GpioCtrlRegsFile</name>
         <run_address>0x6f80</run_address>
         <size>0x40</size>
         <contents>
            <object_component_ref idref="oc-91"/>
         </contents>
      </logical_group>
      <logical_group id="lg-33" display="no" color="cyan">
         <name>GpioDataRegsFile</name>
         <run_address>0x6fc0</run_address>
         <size>0x20</size>
         <contents>
            <object_component_ref idref="oc-7b"/>
         </contents>
      </logical_group>
      <logical_group id="lg-34" display="no" color="cyan">
         <name>GpioIntRegsFile</name>
         <run_address>0x6fe0</run_address>
         <size>0x20</size>
         <contents>
            <object_component_ref idref="oc-7a"/>
         </contents>
      </logical_group>
      <logical_group id="lg-35" display="no" color="cyan">
         <name>HRCap1RegsFile</name>
         <run_address>0x6ac0</run_address>
         <size>0x20</size>
         <contents>
            <object_component_ref idref="oc-7e"/>
         </contents>
      </logical_group>
      <logical_group id="lg-36" display="no" color="cyan">
         <name>HRCap2RegsFile</name>
         <run_address>0x6ae0</run_address>
         <size>0x20</size>
         <contents>
            <object_component_ref idref="oc-7f"/>
         </contents>
      </logical_group>
      <logical_group id="lg-37" display="no" color="cyan">
         <name>HRCap3RegsFile</name>
         <run_address>0x6c80</run_address>
         <size>0x20</size>
         <contents>
            <object_component_ref idref="oc-7c"/>
         </contents>
      </logical_group>
      <logical_group id="lg-38" display="no" color="cyan">
         <name>HRCap4RegsFile</name>
         <run_address>0x6ca0</run_address>
         <size>0x20</size>
         <contents>
            <object_component_ref idref="oc-7d"/>
         </contents>
      </logical_group>
      <logical_group id="lg-39" display="no" color="cyan">
         <name>SysCtrlRegsFile</name>
         <run_address>0x7010</run_address>
         <size>0x30</size>
         <contents>
            <object_component_ref idref="oc-87"/>
         </contents>
      </logical_group>
      <logical_group id="lg-3a" display="no" color="cyan">
         <name>SpiaRegsFile</name>
         <run_address>0x7040</run_address>
         <size>0x10</size>
         <contents>
            <object_component_ref idref="oc-6f"/>
         </contents>
      </logical_group>
      <logical_group id="lg-3b" display="no" color="cyan">
         <name>SpibRegsFile</name>
         <run_address>0x7740</run_address>
         <size>0x10</size>
         <contents>
            <object_component_ref idref="oc-74"/>
         </contents>
      </logical_group>
      <logical_group id="lg-3c" display="no" color="cyan">
         <name>SciaRegsFile</name>
         <run_address>0x7050</run_address>
         <size>0x10</size>
         <contents>
            <object_component_ref idref="oc-71"/>
         </contents>
      </logical_group>
      <logical_group id="lg-3d" display="no" color="cyan">
         <name>ScibRegsFile</name>
         <run_address>0x7750</run_address>
         <size>0x10</size>
         <contents>
            <object_component_ref idref="oc-6e"/>
         </contents>
      </logical_group>
      <logical_group id="lg-3e" display="no" color="cyan">
         <name>NmiIntruptRegsFile</name>
         <run_address>0x7060</run_address>
         <size>0x10</size>
         <contents>
            <object_component_ref idref="oc-72"/>
         </contents>
      </logical_group>
      <logical_group id="lg-3f" display="no" color="cyan">
         <name>XIntruptRegsFile</name>
         <run_address>0x7070</run_address>
         <size>0x10</size>
         <contents>
            <object_component_ref idref="oc-75"/>
         </contents>
      </logical_group>
      <logical_group id="lg-40" display="no" color="cyan">
         <name>AdcRegsFile</name>
         <run_address>0x7100</run_address>
         <size>0x50</size>
         <contents>
            <object_component_ref idref="oc-96"/>
         </contents>
      </logical_group>
      <logical_group id="lg-41" display="no" color="cyan">
         <name>I2caRegsFile</name>
         <run_address>0x7900</run_address>
         <size>0x22</size>
         <contents>
            <object_component_ref idref="oc-84"/>
         </contents>
      </logical_group>
      <logical_group id="lg-42" display="no" color="cyan">
         <name>Comp1RegsFile</name>
         <run_address>0x6400</run_address>
         <size>0x14</size>
         <contents>
            <object_component_ref idref="oc-77"/>
         </contents>
      </logical_group>
      <logical_group id="lg-43" display="no" color="cyan">
         <name>Comp2RegsFile</name>
         <run_address>0x6420</run_address>
         <size>0x14</size>
         <contents>
            <object_component_ref idref="oc-76"/>
         </contents>
      </logical_group>
      <logical_group id="lg-44" display="no" color="cyan">
         <name>Comp3RegsFile</name>
         <run_address>0x6440</run_address>
         <size>0x14</size>
         <contents>
            <object_component_ref idref="oc-78"/>
         </contents>
      </logical_group>
      <logical_group id="lg-45" display="no" color="cyan">
         <name>EPwm1RegsFile</name>
         <run_address>0x6800</run_address>
         <size>0x40</size>
         <contents>
            <object_component_ref idref="oc-8b"/>
         </contents>
      </logical_group>
      <logical_group id="lg-46" display="no" color="cyan">
         <name>EPwm2RegsFile</name>
         <run_address>0x6840</run_address>
         <size>0x40</size>
         <contents>
            <object_component_ref idref="oc-8a"/>
         </contents>
      </logical_group>
      <logical_group id="lg-47" display="no" color="cyan">
         <name>EPwm3RegsFile</name>
         <run_address>0x6880</run_address>
         <size>0x40</size>
         <contents>
            <object_component_ref idref="oc-95"/>
         </contents>
      </logical_group>
      <logical_group id="lg-48" display="no" color="cyan">
         <name>EPwm4RegsFile</name>
         <run_address>0x68c0</run_address>
         <size>0x40</size>
         <contents>
            <object_component_ref idref="oc-93"/>
         </contents>
      </logical_group>
      <logical_group id="lg-49" display="no" color="cyan">
         <name>EPwm5RegsFile</name>
         <run_address>0x6900</run_address>
         <size>0x40</size>
         <contents>
            <object_component_ref idref="oc-94"/>
         </contents>
      </logical_group>
      <logical_group id="lg-4a" display="no" color="cyan">
         <name>EPwm6RegsFile</name>
         <run_address>0x6940</run_address>
         <size>0x40</size>
         <contents>
            <object_component_ref idref="oc-90"/>
         </contents>
      </logical_group>
      <logical_group id="lg-4b" display="no" color="cyan">
         <name>EPwm7RegsFile</name>
         <run_address>0x6980</run_address>
         <size>0x40</size>
         <contents>
            <object_component_ref idref="oc-8f"/>
         </contents>
      </logical_group>
      <logical_group id="lg-4c" display="no" color="cyan">
         <name>EPwm8RegsFile</name>
         <run_address>0x69c0</run_address>
         <size>0x40</size>
         <contents>
            <object_component_ref idref="oc-92"/>
         </contents>
      </logical_group>
      <logical_group id="lg-4d" display="no" color="cyan">
         <name>McbspaRegsFile</name>
         <run_address>0x5000</run_address>
         <size>0x24</size>
         <contents>
            <object_component_ref idref="oc-86"/>
         </contents>
      </logical_group>
      <logical_group id="lg-4e" display="no" color="cyan">
         <name>Usb0RegsFile</name>
         <run_address>0x4000</run_address>
         <size>0x454</size>
         <contents>
            <object_component_ref idref="oc-9a"/>
         </contents>
      </logical_group>
      <logical_group id="lg-4f" display="no" color="cyan">
         <name>CsmPwlFile</name>
         <run_address>0x3f7ff8</run_address>
         <size>0x8</size>
         <contents>
            <object_component_ref idref="oc-6c"/>
         </contents>
      </logical_group>
      <logical_group id="lg-50" display="no" color="cyan">
         <name>PartIdRegsFile</name>
         <run_address>0x3d7e80</run_address>
         <size>0x1</size>
         <contents>
            <object_component_ref idref="oc-62"/>
         </contents>
      </logical_group>
      <logical_group id="lg-124" display="never" color="cyan">
         <name>.debug_info</name>
         <load_address>0x0</load_address>
         <run_address>0x0</run_address>
         <size>0x21bcb</size>
         <contents>
            <object_component_ref idref="oc-53"/>
            <object_component_ref idref="oc-5d"/>
            <object_component_ref idref="oc-61"/>
            <object_component_ref idref="oc-9c"/>
            <object_component_ref idref="oc-a2"/>
            <object_component_ref idref="oc-ba"/>
            <object_component_ref idref="oc-be"/>
            <object_component_ref idref="oc-c5"/>
            <object_component_ref idref="oc-ca"/>
            <object_component_ref idref="oc-130"/>
         </contents>
      </logical_group>
      <logical_group id="lg-126" display="never" color="cyan">
         <name>.debug_frame</name>
         <load_address>0x0</load_address>
         <run_address>0x0</run_address>
         <size>0x43c</size>
         <contents>
            <object_component_ref idref="oc-56"/>
            <object_component_ref idref="oc-9d"/>
            <object_component_ref idref="oc-c1"/>
            <object_component_ref idref="oc-c6"/>
            <object_component_ref idref="oc-cb"/>
         </contents>
      </logical_group>
      <logical_group id="lg-128" display="never" color="cyan">
         <name>.debug_line</name>
         <load_address>0x0</load_address>
         <run_address>0x0</run_address>
         <size>0x740</size>
         <contents>
            <object_component_ref idref="oc-57"/>
            <object_component_ref idref="oc-5e"/>
            <object_component_ref idref="oc-9e"/>
            <object_component_ref idref="oc-a3"/>
            <object_component_ref idref="oc-bb"/>
            <object_component_ref idref="oc-c2"/>
            <object_component_ref idref="oc-c7"/>
            <object_component_ref idref="oc-cc"/>
         </contents>
      </logical_group>
      <logical_group id="lg-12a" display="never" color="cyan">
         <name>.debug_abbrev</name>
         <load_address>0x0</load_address>
         <run_address>0x0</run_address>
         <size>0x7a6</size>
         <contents>
            <object_component_ref idref="oc-58"/>
            <object_component_ref idref="oc-5f"/>
            <object_component_ref idref="oc-9b"/>
            <object_component_ref idref="oc-9f"/>
            <object_component_ref idref="oc-a4"/>
            <object_component_ref idref="oc-bc"/>
            <object_component_ref idref="oc-c3"/>
            <object_component_ref idref="oc-c8"/>
            <object_component_ref idref="oc-cd"/>
            <object_component_ref idref="oc-131"/>
         </contents>
      </logical_group>
      <logical_group id="lg-12c" display="never" color="cyan">
         <name>.debug_aranges</name>
         <load_address>0x0</load_address>
         <run_address>0x0</run_address>
         <size>0x1a8</size>
         <contents>
            <object_component_ref idref="oc-59"/>
            <object_component_ref idref="oc-60"/>
            <object_component_ref idref="oc-a0"/>
            <object_component_ref idref="oc-a5"/>
            <object_component_ref idref="oc-bd"/>
            <object_component_ref idref="oc-c4"/>
            <object_component_ref idref="oc-c9"/>
            <object_component_ref idref="oc-ce"/>
         </contents>
      </logical_group>
   </logical_group_list>
   <placement_map>
      <memory_area display="yes" color="green">
         <name>PRAML0</name>
         <page_id>0x0</page_id>
         <origin>0x8000</origin>
         <length>0x800</length>
         <used_space>0x71d</used_space>
         <unused_space>0xe3</unused_space>
         <attributes>RWIX</attributes>
         <usage_details>
            <allocated_space>
               <start_address>0x8000</start_address>
               <size>0x59f</size>
               <logical_group_ref idref="lg-2"/>
            </allocated_space>
            <allocated_space>
               <start_address>0x859f</start_address>
               <size>0x17e</size>
               <logical_group_ref idref="lg-9"/>
            </allocated_space>
            <available_space>
               <start_address>0x871d</start_address>
               <size>0xe3</size>
            </available_space>
         </usage_details>
      </memory_area>
      <memory_area display="yes" color="green">
         <name>OTP</name>
         <page_id>0x0</page_id>
         <origin>0x3d7800</origin>
         <length>0x400</length>
         <used_space>0x0</used_space>
         <unused_space>0x400</unused_space>
         <attributes>RWIX</attributes>
         <usage_details>
         </usage_details>
      </memory_area>
      <memory_area display="yes" color="green">
         <name>FLASHD</name>
         <page_id>0x0</page_id>
         <origin>0x3e8000</origin>
         <length>0x4000</length>
         <used_space>0x59f</used_space>
         <unused_space>0x3a61</unused_space>
         <attributes>RWIX</attributes>
         <usage_details>
            <allocated_space>
               <start_address>0x3e8000</start_address>
               <size>0x59f</size>
               <logical_group_ref idref="lg-2"/>
            </allocated_space>
            <available_space>
               <start_address>0x3e859f</start_address>
               <size>0x3a61</size>
            </available_space>
         </usage_details>
      </memory_area>
      <memory_area display="yes" color="green">
         <name>FLASHC</name>
         <page_id>0x0</page_id>
         <origin>0x3ec000</origin>
         <length>0x4000</length>
         <used_space>0x0</used_space>
         <unused_space>0x4000</unused_space>
         <attributes>RWIX</attributes>
         <usage_details>
         </usage_details>
      </memory_area>
      <memory_area display="yes" color="green">
         <name>FLASHA</name>
         <page_id>0x0</page_id>
         <origin>0x3f4000</origin>
         <length>0x3f80</length>
         <used_space>0x50c</used_space>
         <unused_space>0x3a74</unused_space>
         <attributes>RWIX</attributes>
         <usage_details>
            <allocated_space>
               <start_address>0x3f4000</start_address>
               <size>0x17e</size>
               <logical_group_ref idref="lg-9"/>
            </allocated_space>
            <allocated_space>
               <start_address>0x3f417e</start_address>
               <size>0x355</size>
               <logical_group_ref idref="lg-7"/>
            </allocated_space>
            <allocated_space>
               <start_address>0x3f44d3</start_address>
               <size>0x39</size>
               <logical_group_ref idref="lg-5"/>
            </allocated_space>
            <available_space>
               <start_address>0x3f450c</start_address>
               <size>0x3a74</size>
            </available_space>
         </usage_details>
      </memory_area>
      <memory_area display="yes" color="green">
         <name>CSM_RSVD</name>
         <page_id>0x0</page_id>
         <origin>0x3f7f80</origin>
         <length>0x76</length>
         <used_space>0x0</used_space>
         <unused_space>0x76</unused_space>
         <attributes>RWIX</attributes>
         <usage_details>
         </usage_details>
      </memory_area>
      <memory_area display="no" color="green">
         <name>BEGIN</name>
         <page_id>0x0</page_id>
         <origin>0x3f7ff6</origin>
         <length>0x2</length>
         <used_space>0x2</used_space>
         <unused_space>0x0</unused_space>
         <attributes>RWIX</attributes>
         <usage_details>
            <allocated_space>
               <start_address>0x3f7ff6</start_address>
               <size>0x2</size>
               <logical_group_ref idref="lg-8"/>
            </allocated_space>
         </usage_details>
      </memory_area>
      <memory_area display="no" color="green">
         <name>CSM_PWL_PROG</name>
         <page_id>0x0</page_id>
         <origin>0x3f7ff8</origin>
         <length>0x8</length>
         <used_space>0x0</used_space>
         <unused_space>0x8</unused_space>
         <attributes>RWIX</attributes>
         <usage_details>
         </usage_details>
      </memory_area>
      <memory_area display="yes" color="green">
         <name>FPUTABLES</name>
         <page_id>0x0</page_id>
         <origin>0x3fd860</origin>
         <length>0x6a0</length>
         <used_space>0x0</used_space>
         <unused_space>0x6a0</unused_space>
         <attributes>RWIX</attributes>
         <usage_details>
         </usage_details>
      </memory_area>
      <memory_area display="yes" color="green">
         <name>IQTABLES</name>
         <page_id>0x0</page_id>
         <origin>0x3fdf00</origin>
         <length>0xb50</length>
         <used_space>0x0</used_space>
         <unused_space>0xb50</unused_space>
         <attributes>RWIX</attributes>
         <usage_details>
         </usage_details>
      </memory_area>
      <memory_area display="yes" color="green">
         <name>IQTABLES2</name>
         <page_id>0x0</page_id>
         <origin>0x3fea50</origin>
         <length>0x8c</length>
         <used_space>0x0</used_space>
         <unused_space>0x8c</unused_space>
         <attributes>RWIX</attributes>
         <usage_details>
         </usage_details>
      </memory_area>
      <memory_area display="yes" color="green">
         <name>IQTABLES3</name>
         <page_id>0x0</page_id>
         <origin>0x3feadc</origin>
         <length>0xaa</length>
         <used_space>0x0</used_space>
         <unused_space>0xaa</unused_space>
         <attributes>RWIX</attributes>
         <usage_details>
         </usage_details>
      </memory_area>
      <memory_area display="yes" color="green">
         <name>ROM</name>
         <page_id>0x0</page_id>
         <origin>0x3ff3b0</origin>
         <length>0xc10</length>
         <used_space>0x0</used_space>
         <unused_space>0xc10</unused_space>
         <attributes>RWIX</attributes>
         <usage_details>
         </usage_details>
      </memory_area>
      <memory_area display="no" color="green">
         <name>RESET</name>
         <page_id>0x0</page_id>
         <origin>0x3fffc0</origin>
         <length>0x2</length>
         <used_space>0x0</used_space>
         <unused_space>0x2</unused_space>
         <attributes>RWIX</attributes>
         <usage_details>
         </usage_details>
      </memory_area>
      <memory_area display="no" color="green">
         <name>VECTORS</name>
         <page_id>0x0</page_id>
         <origin>0x3fffc2</origin>
         <length>0x3e</length>
         <used_space>0x0</used_space>
         <unused_space>0x3e</unused_space>
         <attributes>RWIX</attributes>
         <usage_details>
         </usage_details>
      </memory_area>
      <memory_area display="no" color="green">
         <name>BOOT_RSVD</name>
         <page_id>0x1</page_id>
         <origin>0x0</origin>
         <length>0x50</length>
         <used_space>0x0</used_space>
         <unused_space>0x50</unused_space>
         <attributes>RWIX</attributes>
         <usage_details>
         </usage_details>
      </memory_area>
      <memory_area display="yes" color="green">
         <name>RAMM0</name>
         <page_id>0x1</page_id>
         <origin>0x50</origin>
         <length>0x3b0</length>
         <used_space>0x300</used_space>
         <unused_space>0xb0</unused_space>
         <attributes>RWIX</attributes>
         <usage_details>
            <allocated_space>
               <start_address>0x50</start_address>
               <size>0x300</size>
               <logical_group_ref idref="lg-c"/>
            </allocated_space>
            <available_space>
               <start_address>0x350</start_address>
               <size>0xb0</size>
            </available_space>
         </usage_details>
      </memory_area>
      <memory_area display="yes" color="green">
         <name>RAMM1</name>
         <page_id>0x1</page_id>
         <origin>0x400</origin>
         <length>0x400</length>
         <used_space>0x0</used_space>
         <unused_space>0x400</unused_space>
         <attributes>RWIX</attributes>
         <usage_details>
         </usage_details>
      </memory_area>
      <memory_area display="yes" color="green">
         <name>DEV_EMU</name>
         <page_id>0x1</page_id>
         <origin>0x880</origin>
         <length>0x105</length>
         <used_space>0x4</used_space>
         <unused_space>0x101</unused_space>
         <attributes>RWIX</attributes>
         <usage_details>
            <allocated_space>
               <start_address>0x880</start_address>
               <size>0x4</size>
               <logical_group_ref idref="lg-1d"/>
            </allocated_space>
            <available_space>
               <start_address>0x884</start_address>
               <size>0x101</size>
            </available_space>
         </usage_details>
      </memory_area>
      <memory_area display="no" color="green">
         <name>SYS_PWR_CTL</name>
         <page_id>0x1</page_id>
         <origin>0x985</origin>
         <length>0x3</length>
         <used_space>0x3</used_space>
         <unused_space>0x0</unused_space>
         <attributes>RWIX</attributes>
         <usage_details>
            <allocated_space>
               <start_address>0x985</start_address>
               <size>0x3</size>
               <logical_group_ref idref="lg-1e"/>
            </allocated_space>
         </usage_details>
      </memory_area>
      <memory_area display="no" color="green">
         <name>FLASH_REGS</name>
         <page_id>0x1</page_id>
         <origin>0xa80</origin>
         <length>0x60</length>
         <used_space>0x8</used_space>
         <unused_space>0x58</unused_space>
         <attributes>RWIX</attributes>
         <usage_details>
            <allocated_space>
               <start_address>0xa80</start_address>
               <size>0x8</size>
               <logical_group_ref idref="lg-1f"/>
            </allocated_space>
            <available_space>
               <start_address>0xa88</start_address>
               <size>0x58</size>
            </available_space>
         </usage_details>
      </memory_area>
      <memory_area display="no" color="green">
         <name>CSM</name>
         <page_id>0x1</page_id>
         <origin>0xae0</origin>
         <length>0x20</length>
         <used_space>0x10</used_space>
         <unused_space>0x10</unused_space>
         <attributes>RWIX</attributes>
         <usage_details>
            <allocated_space>
               <start_address>0xae0</start_address>
               <size>0x10</size>
               <logical_group_ref idref="lg-20"/>
            </allocated_space>
            <available_space>
               <start_address>0xaf0</start_address>
               <size>0x10</size>
            </available_space>
         </usage_details>
      </memory_area>
      <memory_area display="no" color="green">
         <name>ADC_RESULT</name>
         <page_id>0x1</page_id>
         <origin>0xb00</origin>
         <length>0x20</length>
         <used_space>0x10</used_space>
         <unused_space>0x10</unused_space>
         <attributes>RWIX</attributes>
         <usage_details>
            <allocated_space>
[...]
      </symbol>
      <symbol id="sm-ec">
         <name>_Example_MemCopy</name>
         <value>0x3f442f</value>
         <object_component_ref idref="oc-d1"/>
      </symbol>
      <symbol id="sm-ed">
         <name>_MyCallbackCounter</name>
         <value>0x8800</value>
         <object_component_ref idref="oc-55"/>
      </symbol>
      <symbol id="sm-ee">
         <name>_Example_Error</name>
         <value>0x8706</value>
         <object_component_ref idref="oc-d5"/>
      </symbol>
      <symbol id="sm-ef">
         <name>_Example_CsmUnlock</name>
         <value>0x3f433e</value>
         <object_component_ref idref="oc-d1"/>
      </symbol>
      <symbol id="sm-f0">
         <name>_Sector</name>
         <value>0x8806</value>
         <object_component_ref idref="oc-55"/>
      </symbol>
      <symbol id="sm-f1">
         <name>_Example_Done</name>
         <value>0x870d</value>
         <object_component_ref idref="oc-d5"/>
      </symbol>
      <symbol id="sm-f2">
         <name>_Buffer</name>
         <value>0x8840</value>
         <object_component_ref idref="oc-55"/>
      </symbol>
      <symbol id="sm-f3">
         <name>_FlashStatus</name>
         <value>0x8802</value>
         <object_component_ref idref="oc-55"/>
      </symbol>
      <symbol id="sm-f4">
         <name>_MyCallbackFunction</name>
         <value>0x8711</value>
         <object_component_ref idref="oc-d5"/>
      </symbol>
      <symbol id="sm-f8">
         <name>_PRG_key2</name>
         <value>0x3f44c5</value>
         <object_component_ref idref="oc-5a"/>
      </symbol>
      <symbol id="sm-f9">
         <name>_PRG_key3</name>
         <value>0x3f44c6</value>
         <object_component_ref idref="oc-5a"/>
      </symbol>
      <symbol id="sm-fa">
         <name>_PRG_key0</name>
         <value>0x3f44c3</value>
         <object_component_ref idref="oc-5a"/>
      </symbol>
      <symbol id="sm-fb">
         <name>_PRG_key1</name>
         <value>0x3f44c4</value>
         <object_component_ref idref="oc-5a"/>
      </symbol>
      <symbol id="sm-fc">
         <name>_PRG_key6</name>
         <value>0x3f44c9</value>
         <object_component_ref idref="oc-5a"/>
      </symbol>
      <symbol id="sm-fd">
         <name>_PRG_key7</name>
         <value>0x3f44ca</value>
         <object_component_ref idref="oc-5a"/>
      </symbol>
      <symbol id="sm-fe">
         <name>_PRG_key4</name>
         <value>0x3f44c7</value>
         <object_component_ref idref="oc-5a"/>
      </symbol>
      <symbol id="sm-ff">
         <name>_PRG_key5</name>
         <value>0x3f44c8</value>
         <object_component_ref idref="oc-5a"/>
      </symbol>
      <symbol id="sm-10f">
         <name>code_start</name>
         <value>0x3f7ff6</value>
         <object_component_ref idref="oc-5c"/>
      </symbol>
      <symbol id="sm-188">
         <name>_Usb0Regs</name>
         <value>0x4000</value>
         <object_component_ref idref="oc-9a"/>
      </symbol>
      <symbol id="sm-189">
         <name>_GpioCtrlRegs</name>
         <value>0x6f80</value>
         <object_component_ref idref="oc-91"/>
      </symbol>
      <symbol id="sm-18a">
         <name>_PieVectTable</name>
         <value>0xd00</value>
         <object_component_ref idref="oc-98"/>
      </symbol>
      <symbol id="sm-18b">
         <name>_SysPwrCtrlRegs</name>
         <value>0x985</value>
         <object_component_ref idref="oc-67"/>
      </symbol>
      <symbol id="sm-18c">
         <name>_EmuBMode</name>
         <value>0xd01</value>
         <object_component_ref idref="oc-64"/>
      </symbol>
      <symbol id="sm-18d">
         <name>_CsmRegs</name>
         <value>0xae0</value>
         <object_component_ref idref="oc-73"/>
      </symbol>
      <symbol id="sm-18e">
         <name>_ECanaLAMRegs</name>
         <value>0x6040</value>
         <object_component_ref idref="oc-8c"/>
      </symbol>
      <symbol id="sm-18f">
         <name>_AdcResult</name>
         <value>0xb00</value>
         <object_component_ref idref="oc-70"/>
      </symbol>
      <symbol id="sm-190">
         <name>_EPwm4Regs</name>
         <value>0x68c0</value>
         <object_component_ref idref="oc-93"/>
      </symbol>
      <symbol id="sm-191">
         <name>_CpuTimer1Regs</name>
         <value>0xc08</value>
         <object_component_ref idref="oc-6d"/>
      </symbol>
      <symbol id="sm-192">
         <name>_SysCtrlRegs</name>
         <value>0x7010</value>
         <object_component_ref idref="oc-87"/>
      </symbol>
      <symbol id="sm-193">
         <name>_HRCap4Regs</name>
         <value>0x6ca0</value>
         <object_component_ref idref="oc-7d"/>
      </symbol>
      <symbol id="sm-194">
         <name>_EPwm5Regs</name>
         <value>0x6900</value>
         <object_component_ref idref="oc-94"/>
      </symbol>
      <symbol id="sm-195">
         <name>_SpiaRegs</name>
         <value>0x7040</value>
         <object_component_ref idref="oc-6f"/>
      </symbol>
      <symbol id="sm-196">
         <name>_ECanaMOTSRegs</name>
         <value>0x6080</value>
         <object_component_ref idref="oc-8d"/>
      </symbol>
      <symbol id="sm-197">
         <name>_DmaRegs</name>
         <value>0x1000</value>
         <object_component_ref idref="oc-97"/>
      </symbol>
      <symbol id="sm-198">
         <name>_FlashRegs</name>
         <value>0xa80</value>
         <object_component_ref idref="oc-69"/>
      </symbol>
      <symbol id="sm-199">
         <name>_CpuTimer0Regs</name>
         <value>0xc00</value>
         <object_component_ref idref="oc-6a"/>
      </symbol>
      <symbol id="sm-19a">
         <name>_DevEmuRegs</name>
         <value>0x880</value>
         <object_component_ref idref="oc-68"/>
      </symbol>
      <symbol id="sm-19b">
         <name>_EPwm6Regs</name>
         <value>0x6940</value>
         <object_component_ref idref="oc-90"/>
      </symbol>
      <symbol id="sm-19c">
         <name>_Comp1Regs</name>
         <value>0x6400</value>
         <object_component_ref idref="oc-77"/>
      </symbol>
      <symbol id="sm-19d">
         <name>_SciaRegs</name>
         <value>0x7050</value>
         <object_component_ref idref="oc-71"/>
      </symbol>
      <symbol id="sm-19e">
         <name>_GpioDataRegs</name>
         <value>0x6fc0</value>
         <object_component_ref idref="oc-7b"/>
      </symbol>
      <symbol id="sm-19f">
         <name>_CsmPwl</name>
         <value>0x3f7ff8</value>
         <object_component_ref idref="oc-6c"/>
      </symbol>
      <symbol id="sm-1a0">
         <name>_AdcRegs</name>
         <value>0x7100</value>
         <object_component_ref idref="oc-96"/>
      </symbol>
      <symbol id="sm-1a1">
         <name>_EPwm7Regs</name>
         <value>0x6980</value>
         <object_component_ref idref="oc-8f"/>
      </symbol>
      <symbol id="sm-1a2">
         <name>_Comp2Regs</name>
         <value>0x6420</value>
         <object_component_ref idref="oc-76"/>
      </symbol>
      <symbol id="sm-1a3">
         <name>_XIntruptRegs</name>
         <value>0x7070</value>
         <object_component_ref idref="oc-75"/>
      </symbol>
      <symbol id="sm-1a4">
         <name>_CpuTimer2Regs</name>
         <value>0xc10</value>
         <object_component_ref idref="oc-6b"/>
      </symbol>
      <symbol id="sm-1a5">
         <name>_HRCap1Regs</name>
         <value>0x6ac0</value>
         <object_component_ref idref="oc-7e"/>
      </symbol>
      <symbol id="sm-1a6">
         <name>_PieCtrlRegs</name>
         <value>0xce0</value>
         <object_component_ref idref="oc-79"/>
      </symbol>
      <symbol id="sm-1a7">
         <name>_SpibRegs</name>
         <value>0x7740</value>
         <object_component_ref idref="oc-74"/>
      </symbol>
      <symbol id="sm-1a8">
         <name>_ECanaRegs</name>
         <value>0x6000</value>
         <object_component_ref idref="oc-88"/>
      </symbol>
      <symbol id="sm-1a9">
         <name>_Comp3Regs</name>
         <value>0x6440</value>
         <object_component_ref idref="oc-78"/>
      </symbol>
      <symbol id="sm-1aa">
         <name>_ECap1Regs</name>
         <value>0x6a00</value>
         <object_component_ref idref="oc-81"/>
      </symbol>
      <symbol id="sm-1ab">
         <name>_EmuKey</name>
         <value>0xd00</value>
         <object_component_ref idref="oc-63"/>
      </symbol>
      <symbol id="sm-1ac">
         <name>_Cla1Regs</name>
         <value>0x1400</value>
         <object_component_ref idref="oc-8e"/>
      </symbol>
      <symbol id="sm-1ad">
         <name>_EQep1Regs</name>
         <value>0x6b00</value>
         <object_component_ref idref="oc-85"/>
      </symbol>
      <symbol id="sm-1ae">
         <name>_McbspaRegs</name>
         <value>0x5000</value>
         <object_component_ref idref="oc-86"/>
      </symbol>
      <symbol id="sm-1af">
         <name>_EPwm1Regs</name>
         <value>0x6800</value>
         <object_component_ref idref="oc-8b"/>
      </symbol>
      <symbol id="sm-1b0">
         <name>_ScibRegs</name>
         <value>0x7750</value>
         <object_component_ref idref="oc-6e"/>
      </symbol>
      <symbol id="sm-1b1">
         <name>_ECap2Regs</name>
         <value>0x6a20</value>
         <object_component_ref idref="oc-80"/>
      </symbol>
      <symbol id="sm-1b2">
         <name>_GpioIntRegs</name>
         <value>0x6fe0</value>
         <object_component_ref idref="oc-7a"/>
      </symbol>
      <symbol id="sm-1b3">
         <name>_EQep2Regs</name>
         <value>0x6b40</value>
         <object_component_ref idref="oc-83"/>
      </symbol>
      <symbol id="sm-1b4">
         <name>_PartIdRegs</name>
         <value>0x3d7e80</value>
         <object_component_ref idref="oc-62"/>
      </symbol>
      <symbol id="sm-1b5">
         <name>_HRCap3Regs</name>
         <value>0x6c80</value>
         <object_component_ref idref="oc-7c"/>
      </symbol>
      <symbol id="sm-1b6">
         <name>_EPwm8Regs</name>
         <value>0x69c0</value>
         <object_component_ref idref="oc-92"/>
      </symbol>
      <symbol id="sm-1b7">
         <name>_Flash_CPUScaleFactor</name>
         <value>0xd04</value>
         <object_component_ref idref="oc-66"/>
      </symbol>
      <symbol id="sm-1b8">
         <name>_EPwm2Regs</name>
         <value>0x6840</value>
         <object_component_ref idref="oc-8a"/>
      </symbol>
      <symbol id="sm-1b9">
         <name>_ECanaMboxes</name>
         <value>0x6100</value>
         <object_component_ref idref="oc-99"/>
      </symbol>
      <symbol id="sm-1ba">
         <name>_ECap3Regs</name>
         <value>0x6a40</value>
         <object_component_ref idref="oc-82"/>
      </symbol>
      <symbol id="sm-1bb">
         <name>_HRCap2Regs</name>
         <value>0x6ae0</value>
         <object_component_ref idref="oc-7f"/>
      </symbol>
      <symbol id="sm-1bc">
         <name>_NmiIntruptRegs</name>
         <value>0x7060</value>
         <object_component_ref idref="oc-72"/>
      </symbol>
      <symbol id="sm-1bd">
         <name>_ECanaMOTORegs</name>
         <value>0x60c0</value>
         <object_component_ref idref="oc-89"/>
      </symbol>
      <symbol id="sm-1be">
         <name>_Flash_CallbackPtr</name>
         <value>0xd02</value>
         <object_component_ref idref="oc-65"/>
      </symbol>
      <symbol id="sm-1bf">
         <name>_EPwm3Regs</name>
         <value>0x6880</value>
         <object_component_ref idref="oc-95"/>
      </symbol>
      <symbol id="sm-1c0">
         <name>_I2caRegs</name>
         <value>0x7900</value>
         <object_component_ref idref="oc-84"/>
      </symbol>
      <symbol id="sm-1d8">
         <name>_InitPll</name>
         <value>0x3f41aa</value>
         <object_component_ref idref="oc-d4"/>
      </symbol>
      <symbol id="sm-1d9">
         <name>_IntOsc1Sel</name>
         <value>0x3f42b4</value>
         <object_component_ref idref="oc-d4"/>
      </symbol>
      <symbol id="sm-1da">
         <name>_ExtOscSel</name>
         <value>0x3f42f4</value>
         <object_component_ref idref="oc-d4"/>
      </symbol>
      <symbol id="sm-1db">
         <name>_DisableDog</name>
         <value>0x3f41a2</value>
         <object_component_ref idref="oc-d4"/>
      </symbol>
      <symbol id="sm-1dc">
         <name>_InitPeripheralClocks</name>
         <value>0x3f422d</value>
         <object_component_ref idref="oc-d4"/>
      </symbol>
      <symbol id="sm-1dd">
         <name>_IntOsc2Sel</name>
         <value>0x3f42c4</value>
         <object_component_ref idref="oc-d4"/>
      </symbol>
      <symbol id="sm-1de">
         <name>_CsmUnlock</name>
         <value>0x3f4283</value>
         <object_component_ref idref="oc-d4"/>
      </symbol>
      <symbol id="sm-1df">
         <name>_InitPll2</name>
         <value>0x3f41ff</value>
         <object_component_ref idref="oc-d4"/>
      </symbol>
      <symbol id="sm-1e0">
         <name>_ServiceDog</name>
         <value>0x3f4198</value>
         <object_component_ref idref="oc-d4"/>
      </symbol>
      <symbol id="sm-1e1">
         <name>_XtalOscSel</name>
         <value>0x3f42d8</value>
         <object_component_ref idref="oc-d4"/>
      </symbol>
      <symbol id="sm-1e2">
         <name>_InitSysCtrl</name>
         <value>0x3f417e</value>
         <object_component_ref idref="oc-d4"/>
      </symbol>
      <symbol id="sm-1ee">
         <name>_DSP28x_usDelay</name>
         <value>0x8719</value>
         <object_component_ref idref="oc-a1"/>
      </symbol>
      <symbol id="sm-1f5">
         <name>_Flash2806x_Erase</name>
         <value>0x8109</value>
         <object_component_ref idref="oc-a6"/>
      </symbol>
      <symbol id="sm-23a">
         <name>_Fl2806x_EraseSector</name>
         <value>0x83eb</value>
         <object_component_ref idref="oc-a8"/>
      </symbol>
      <symbol id="sm-26c">
         <name>_Fl2806x_Init</name>
         <value>0x8549</value>
         <object_component_ref idref="oc-a9"/>
      </symbol>
      <symbol id="sm-27d">
         <name>_Fl28x_LeaveCmdMode</name>
         <value>0x826a</value>
         <object_component_ref idref="oc-aa"/>
      </symbol>
      <symbol id="sm-283">
         <name>_Fl28x_EnterCmdMode</name>
         <value>0x8277</value>
         <object_component_ref idref="oc-aa"/>
      </symbol>
      <symbol id="sm-28a">
         <name>_Fl28x_FlashRegSleep</name>
         <value>0x829c</value>
         <object_component_ref idref="oc-aa"/>
      </symbol>
      <symbol id="sm-290">
         <name>_Fl28x_OpenPulse</name>
         <value>0x82bb</value>
         <object_component_ref idref="oc-aa"/>
      </symbol>
      <symbol id="sm-29a">
         <name>_Fl28x_ClosePulse</name>
         <value>0x82cc</value>
         <object_component_ref idref="oc-aa"/>
      </symbol>
      <symbol id="sm-2a0">
         <name>_Fl28x_MaskAll</name>
         <value>0x82e3</value>
         <object_component_ref idref="oc-aa"/>
      </symbol>
      <symbol id="sm-2aa">
         <name>_Flash2806x_Program</name>
         <value>0x8028</value>
         <object_component_ref idref="oc-ab"/>
      </symbol>
      <symbol id="sm-2eb">
         <name>_Fl28x_ProgVerify</name>
         <value>0x82ee</value>
         <object_component_ref idref="oc-ac"/>
      </symbol>
      <symbol id="sm-301">
         <name>_Fl28x_ProgPulse</name>
         <value>0x832c</value>
         <object_component_ref idref="oc-ac"/>
      </symbol>
      <symbol id="sm-31d">
         <name>_Flash2806x_ToggleTest</name>
         <value>0x855f</value>
         <object_component_ref idref="oc-ad"/>
      </symbol>
      <symbol id="sm-330">
         <name>_Fl28x_WatchDogDisable</name>
         <value>0x8574</value>
         <object_component_ref idref="oc-ae"/>
      </symbol>
      <symbol id="sm-336">
         <name>_Fl28x_DisableNMI</name>
         <value>0x857c</value>
         <object_component_ref idref="oc-ae"/>
      </symbol>
      <symbol id="sm-342">
         <name>_Flash2806x_Verify</name>
         <value>0x84dc</value>
         <object_component_ref idref="oc-af"/>
      </symbol>
      <symbol id="sm-363">
         <name>_Flash2806x_APIVersionHex</name>
         <value>0x859c</value>
         <object_component_ref idref="oc-b0"/>
      </symbol>
      <symbol id="sm-36d">
         <name>_Fl2806x_ClearSector</name>
         <value>0x8515</value>
         <object_component_ref idref="oc-b1"/>
      </symbol>
      <symbol id="sm-38c">
         <name>_Fl2806x_CompactSector</name>
         <value>0x8447</value>
         <object_component_ref idref="oc-b2"/>
      </symbol>
      <symbol id="sm-3c5">
         <name>_Fl28x_Delay</name>
         <value>0x8588</value>
         <object_component_ref idref="oc-b3"/>
      </symbol>
      <symbol id="sm-3cf">
         <name>_Fl28x_DisableInt</name>
         <value>0x8595</value>
         <object_component_ref idref="oc-b4"/>
      </symbol>
      <symbol id="sm-3d0">
         <name>_Fl28x_RestoreInt</name>
         <value>0x8599</value>
         <object_component_ref idref="oc-b4"/>
      </symbol>
      <symbol id="sm-3d3">
         <name>_Fl28x_EraseVerify</name>
         <value>0x81d0</value>
         <object_component_ref idref="oc-b5"/>
      </symbol>
      <symbol id="sm-3e9">
         <name>_Fl28x_ErasePulse</name>
         <value>0x8218</value>
         <object_component_ref idref="oc-b5"/>
      </symbol>
      <symbol id="sm-407">
         <name>_Fl28x_ClearLoop</name>
         <value>0x849b</value>
         <object_component_ref idref="oc-b6"/>
      </symbol>
      <symbol id="sm-430">
         <name>_Fl28x_CompactVerify</name>
         <value>0x836e</value>
         <object_component_ref idref="oc-b7"/>
      </symbol>
      <symbol id="sm-446">
         <name>_Fl28x_CompactPulse</name>
         <value>0x83a8</value>
         <object_component_ref idref="oc-b7"/>
      </symbol>
      <symbol id="sm-478">
         <name>_c_int00</name>
         <value>0x3f4444</value>
         <object_component_ref idref="oc-52"/>
      </symbol>
      <symbol id="sm-479">
         <name>__stack</name>
         <value>0x50</value>
         <object_component_ref idref="oc-b8"/>
      </symbol>
      <symbol id="sm-48d">
         <name>C$$EXIT</name>
         <value>0x3f44a1</value>
         <object_component_ref idref="oc-d0"/>
      </symbol>
      <symbol id="sm-48e">
         <name>_exit</name>
         <value>0x3f44a3</value>
         <object_component_ref idref="oc-d0"/>
      </symbol>
      <symbol id="sm-48f">
         <name>___TI_cleanup_ptr</name>
         <value>0x8940</value>
         <object_component_ref idref="oc-c0"/>
      </symbol>
      <symbol id="sm-490">
         <name>_abort</name>
         <value>0x3f44a1</value>
         <object_component_ref idref="oc-d0"/>
      </symbol>
      <symbol id="sm-491">
         <name>___TI_dtors_ptr</name>
         <value>0x8942</value>
         <object_component_ref idref="oc-c0"/>
      </symbol>
      <symbol id="sm-4a6">
         <name>__unlock</name>
         <value>0x8946</value>
         <object_component_ref idref="oc-d8"/>
      </symbol>
      <symbol id="sm-4a7">
         <name>__lock</name>
         <value>0x8944</value>
         <object_component_ref idref="oc-d2"/>
      </symbol>
      <symbol id="sm-4a8">
         <name>__register_lock</name>
         <value>0x3f44be</value>
         <object_component_ref idref="oc-d6"/>
      </symbol>
      <symbol id="sm-4a9">
         <name>__nop</name>
         <value>0x3f44c2</value>
         <object_component_ref idref="oc-d6"/>
      </symbol>
      <symbol id="sm-4aa">
         <name>__register_unlock</name>
         <value>0x3f44ba</value>
         <object_component_ref idref="oc-d6"/>
      </symbol>
      <symbol id="sm-4ba">
         <name>__args_main</name>
         <value>0x3f4488</value>
         <object_component_ref idref="oc-cf"/>
      </symbol>
   </symbol_table>
   <title>Link successful</title>
</link_info>
