<?xml version="1.0"?>
<link_info>
   <banner>TMS320C2000 Linker PC v16.9.1.LTS</banner>
   <copyright>Copyright (c) 1996-2015 Texas Instruments Incorporated</copyright>
   <link_time>0x58e69bfd</link_time>
   <link_errors>0x0</link_errors>
   <output_file>C:/ti/controlSUITE/libs/utilities/flash_api/2833x/28333/v210/example_ccsv4/../example_ccsv4/Debug/Example_Flash28333_API.out</output_file>
   <entry_point>
      <name>code_start</name>
      <address>0x33fff6</address>
   </entry_point>
   <input_file_list>
      <input_file id="fl-2">
         <path>.\</path>
         <kind>object</kind>
         <file>DSP2833x_CSMPasswords.obj</file>
         <name>DSP2833x_CSMPasswords.obj</name>
      </input_file>
      <input_file id="fl-3">
         <path>.\</path>
         <kind>object</kind>
         <file>DSP2833x_CodeStartBranch.obj</file>
         <name>DSP2833x_CodeStartBranch.obj</name>
      </input_file>
      <input_file id="fl-4">
         <path>.\</path>
         <kind>object</kind>
         <file>Example_Flash2833x_API.obj</file>
         <name>Example_Flash2833x_API.obj</name>
      </input_file>
      <input_file id="fl-5">
         <path>.\</path>
         <kind>object</kind>
         <file>Example_Flash2833x_CsmKeys.obj</file>
         <name>Example_Flash2833x_CsmKeys.obj</name>
      </input_file>
      <input_file id="fl-6">
         <path>.\</path>
         <kind>object</kind>
         <file>Example_Flash2833x_GlobalVariableDefs.obj</file>
         <name>Example_Flash2833x_GlobalVariableDefs.obj</name>
      </input_file>
      <input_file id="fl-f">
         <path>C:\ti\controlSUITE\libs\utilities\flash_api\2833x\28333\v210\lib\</path>
         <kind>archive</kind>
         <file>Flash28333_API_V210.lib</file>
         <name>Flash28_Erase.obj</name>
      </input_file>
      <input_file id="fl-10">
         <path>C:\ti\controlSUITE\libs\utilities\flash_api\2833x\28333\v210\lib\</path>
         <kind>archive</kind>
         <file>Flash28333_API_V210.lib</file>
         <name>Flash28_EraseSector.obj</name>
      </input_file>
      <input_file id="fl-11">
         <path>C:\ti\controlSUITE\libs\utilities\flash_api\2833x\28333\v210\lib\</path>
         <kind>archive</kind>
         <file>Flash28333_API_V210.lib</file>
         <name>Flash28_Globals.obj</name>
      </input_file>
      <input_file id="fl-12">
         <path>C:\ti\controlSUITE\libs\utilities\flash_api\2833x\28333\v210\lib\</path>
         <kind>archive</kind>
         <file>Flash28333_API_V210.lib</file>
         <name>Flash28_Init.obj</name>
      </input_file>
      <input_file id="fl-13">
         <path>C:\ti\controlSUITE\libs\utilities\flash_api\2833x\28333\v210\lib\</path>
         <kind>archive</kind>
         <file>Flash28333_API_V210.lib</file>
         <name>Flash28_Internals.obj</name>
      </input_file>
      <input_file id="fl-14">
         <path>C:\ti\controlSUITE\libs\utilities\flash_api\2833x\28333\v210\lib\</path>
         <kind>archive</kind>
         <file>Flash28333_API_V210.lib</file>
         <name>Flash28_Prog.obj</name>
      </input_file>
      <input_file id="fl-15">
         <path>C:\ti\controlSUITE\libs\utilities\flash_api\2833x\28333\v210\lib\</path>
         <kind>archive</kind>
         <file>Flash28333_API_V210.lib</file>
         <name>Flash28_Prog_Pulse.obj</name>
      </input_file>
      <input_file id="fl-16">
         <path>C:\ti\controlSUITE\libs\utilities\flash_api\2833x\28333\v210\lib\</path>
         <kind>archive</kind>
         <file>Flash28333_API_V210.lib</file>
         <name>Flash28_ToggleTest.obj</name>
      </input_file>
      <input_file id="fl-17">
         <path>C:\ti\controlSUITE\libs\utilities\flash_api\2833x\28333\v210\lib\</path>
         <kind>archive</kind>
         <file>Flash28333_API_V210.lib</file>
         <name>Flash28_Utils.obj</name>
      </input_file>
      <input_file id="fl-18">
         <path>C:\ti\controlSUITE\libs\utilities\flash_api\2833x\28333\v210\lib\</path>
         <kind>archive</kind>
         <file>Flash28333_API_V210.lib</file>
         <name>Flash28_Verify.obj</name>
      </input_file>
      <input_file id="fl-19">
         <path>C:\ti\controlSUITE\libs\utilities\flash_api\2833x\28333\v210\lib\</path>
         <kind>archive</kind>
         <file>Flash28333_API_V210.lib</file>
         <name>Flash28_Version.obj</name>
      </input_file>
      <input_file id="fl-1a">
         <path>C:\ti\controlSUITE\libs\utilities\flash_api\2833x\28333\v210\lib\</path>
         <kind>archive</kind>
         <file>Flash28333_API_V210.lib</file>
         <name>Flash28_Version_Hex.obj</name>
      </input_file>
      <input_file id="fl-1b">
         <path>C:\ti\controlSUITE\libs\utilities\flash_api\2833x\28333\v210\lib\</path>
         <kind>archive</kind>
         <file>Flash28333_API_V210.lib</file>
         <name>Flash28_ClearSector.obj</name>
      </input_file>
      <input_file id="fl-1c">
         <path>C:\ti\controlSUITE\libs\utilities\flash_api\2833x\28333\v210\lib\</path>
         <kind>archive</kind>
         <file>Flash28333_API_V210.lib</file>
         <name>Flash28_CompactSector.obj</name>
      </input_file>
      <input_file id="fl-1d">
         <path>C:\ti\controlSUITE\libs\utilities\flash_api\2833x\28333\v210\lib\</path>
         <kind>archive</kind>
         <file>Flash28333_API_V210.lib</file>
         <name>Flash28_Delay.obj</name>
      </input_file>
      <input_file id="fl-1e">
         <path>C:\ti\controlSUITE\libs\utilities\flash_api\2833x\28333\v210\lib\</path>
         <kind>archive</kind>
         <file>Flash28333_API_V210.lib</file>
         <name>Flash28_DisInt.obj</name>
      </input_file>
      <input_file id="fl-1f">
         <path>C:\ti\controlSUITE\libs\utilities\flash_api\2833x\28333\v210\lib\</path>
         <kind>archive</kind>
         <file>Flash28333_API_V210.lib</file>
         <name>Flash28_Erase_Pulse.obj</name>
      </input_file>
      <input_file id="fl-20">
         <path>C:\ti\controlSUITE\libs\utilities\flash_api\2833x\28333\v210\lib\</path>
         <kind>archive</kind>
         <file>Flash28333_API_V210.lib</file>
         <name>Flash28_ClearLoop.obj</name>
      </input_file>
      <input_file id="fl-21">
         <path>C:\ti\controlSUITE\libs\utilities\flash_api\2833x\28333\v210\lib\</path>
         <kind>archive</kind>
         <file>Flash28333_API_V210.lib</file>
         <name>Flash28_Compact_Pulse.obj</name>
      </input_file>
      <input_file id="fl-22">
         <path>C:\ti\ccsv7\tools\compiler\ti-cgt-c2000_16.9.1.LTS\lib\</path>
         <kind>archive</kind>
         <file>rts2800_fpu32.lib</file>
         <name>boot28.obj</name>
      </input_file>
      <input_file id="fl-23">
         <path>C:\ti\ccsv7\tools\compiler\ti-cgt-c2000_16.9.1.LTS\lib\</path>
         <kind>archive</kind>
         <file>rts2800_fpu32.lib</file>
         <name>cpy_tbl.obj</name>
      </input_file>
      <input_file id="fl-24">
         <path>C:\ti\ccsv7\tools\compiler\ti-cgt-c2000_16.9.1.LTS\lib\</path>
         <kind>archive</kind>
         <file>rts2800_fpu32.lib</file>
         <name>exit.obj</name>
      </input_file>
      <input_file id="fl-25">
         <path>C:\ti\ccsv7\tools\compiler\ti-cgt-c2000_16.9.1.LTS\lib\</path>
         <kind>archive</kind>
         <file>rts2800_fpu32.lib</file>
         <name>memcpy.obj</name>
      </input_file>
      <input_file id="fl-26">
         <path>C:\ti\ccsv7\tools\compiler\ti-cgt-c2000_16.9.1.LTS\lib\</path>
         <kind>archive</kind>
         <file>rts2800_fpu32.lib</file>
         <name>pre_init.obj</name>
      </input_file>
      <input_file id="fl-27">
         <path>C:\ti\ccsv7\tools\compiler\ti-cgt-c2000_16.9.1.LTS\lib\</path>
         <kind>archive</kind>
         <file>rts2800_fpu32.lib</file>
         <name>startup.obj</name>
      </input_file>
      <input_file id="fl-28">
         <path>C:\ti\ccsv7\tools\compiler\ti-cgt-c2000_16.9.1.LTS\lib\</path>
         <kind>archive</kind>
         <file>rts2800_fpu32.lib</file>
         <name>_lock.obj</name>
      </input_file>
      <input_file id="fl-29">
         <path>C:\ti\ccsv7\tools\compiler\ti-cgt-c2000_16.9.1.LTS\lib\</path>
         <kind>archive</kind>
         <file>rts2800_fpu32.lib</file>
         <name>args_main.obj</name>
      </input_file>
   </input_file_list>
   <object_component_list>
      <object_component id="oc-61">
         <name>FlashRegsFile</name>
         <uninitialized>true</uninitialized>
         <run_address>0xa80</run_address>
         <size>0x8</size>
         <input_file_ref idref="fl-6"/>
      </object_component>
      <object_component id="oc-63">
         <name>CsmRegsFile</name>
         <uninitialized>true</uninitialized>
         <run_address>0xae0</run_address>
         <size>0x10</size>
         <input_file_ref idref="fl-6"/>
      </object_component>
      <object_component id="oc-66">
         <name>GpioCtrlRegsFile</name>
         <uninitialized>true</uninitialized>
         <run_address>0x6f80</run_address>
         <size>0x2e</size>
         <input_file_ref idref="fl-6"/>
      </object_component>
      <object_component id="oc-65">
         <name>GpioDataRegsFile</name>
         <uninitialized>true</uninitialized>
         <run_address>0x6fc0</run_address>
         <size>0x20</size>
         <input_file_ref idref="fl-6"/>
      </object_component>
      <object_component id="oc-64">
         <name>SysCtrlRegsFile</name>
         <uninitialized>true</uninitialized>
         <run_address>0x7010</run_address>
         <size>0x20</size>
         <input_file_ref idref="fl-6"/>
      </object_component>
      <object_component id="oc-62">
         <name>CsmPwlFile</name>
         <uninitialized>true</uninitialized>
         <run_address>0x33fff8</run_address>
         <size>0x8</size>
         <input_file_ref idref="fl-6"/>
      </object_component>
      <object_component id="oc-e8">
         <name>.econst:_Sector$1</name>
         <load_address>0x320000</load_address>
         <run_address>0x8000</run_address>
         <size>0x20</size>
         <input_file_ref idref="fl-f"/>
      </object_component>
      <object_component id="oc-e9">
         <name>.econst:_SecKey$2</name>
         <load_address>0x320020</load_address>
         <run_address>0x8020</run_address>
         <size>0x8</size>
         <input_file_ref idref="fl-f"/>
      </object_component>
      <object_component id="oc-7d">
         <name>.text</name>
         <load_address>0x320028</load_address>
         <run_address>0x8028</run_address>
         <size>0xaa</size>
         <input_file_ref idref="fl-14"/>
      </object_component>
      <object_component id="oc-68">
         <name>.text</name>
         <load_address>0x3200d2</load_address>
         <run_address>0x80d2</run_address>
         <size>0xa0</size>
         <input_file_ref idref="fl-f"/>
      </object_component>
      <object_component id="oc-b0">
         <name>.text</name>
         <load_address>0x320172</load_address>
         <run_address>0x8172</run_address>
         <size>0x9a</size>
         <input_file_ref idref="fl-1f"/>
      </object_component>
      <object_component id="oc-79">
         <name>.text</name>
         <load_address>0x32020c</load_address>
         <run_address>0x820c</run_address>
         <size>0x84</size>
         <input_file_ref idref="fl-13"/>
      </object_component>
      <object_component id="oc-82">
         <name>.text</name>
         <load_address>0x320290</load_address>
         <run_address>0x8290</run_address>
         <size>0x80</size>
         <input_file_ref idref="fl-15"/>
      </object_component>
      <object_component id="oc-b8">
         <name>.text</name>
         <load_address>0x320310</load_address>
         <run_address>0x8310</run_address>
         <size>0x7d</size>
         <input_file_ref idref="fl-21"/>
      </object_component>
      <object_component id="oc-6d">
         <name>.text</name>
         <load_address>0x32038d</load_address>
         <run_address>0x838d</run_address>
         <size>0x5a</size>
         <input_file_ref idref="fl-10"/>
      </object_component>
      <object_component id="oc-a3">
         <name>.text</name>
         <load_address>0x3203e7</load_address>
         <run_address>0x83e7</run_address>
         <size>0x53</size>
         <input_file_ref idref="fl-1c"/>
      </object_component>
      <object_component id="oc-8f">
         <name>.text</name>
         <load_address>0x32043a</load_address>
         <run_address>0x843a</run_address>
         <size>0x44</size>
         <input_file_ref idref="fl-18"/>
      </object_component>
      <object_component id="oc-b4">
         <name>.text</name>
         <load_address>0x32047e</load_address>
         <run_address>0x847e</run_address>
         <size>0x41</size>
         <input_file_ref idref="fl-20"/>
      </object_component>
      <object_component id="oc-9e">
         <name>.text</name>
         <load_address>0x3204bf</load_address>
         <run_address>0x84bf</run_address>
         <size>0x33</size>
         <input_file_ref idref="fl-1b"/>
      </object_component>
      <object_component id="oc-74">
         <name>.text</name>
         <load_address>0x3204f2</load_address>
         <run_address>0x84f2</run_address>
         <size>0x29</size>
         <input_file_ref idref="fl-12"/>
      </object_component>
      <object_component id="oc-86">
         <name>.text</name>
         <load_address>0x32051b</load_address>
         <run_address>0x851b</run_address>
         <size>0x15</size>
         <input_file_ref idref="fl-16"/>
      </object_component>
      <object_component id="oc-8b">
         <name>.text</name>
         <load_address>0x320530</load_address>
         <run_address>0x8530</run_address>
         <size>0x14</size>
         <input_file_ref idref="fl-17"/>
      </object_component>
      <object_component id="oc-a8">
         <name>.text</name>
         <load_address>0x320544</load_address>
         <run_address>0x8544</run_address>
         <size>0xd</size>
         <input_file_ref idref="fl-1d"/>
      </object_component>
      <object_component id="oc-ac">
         <name>.text</name>
         <load_address>0x320551</load_address>
         <run_address>0x8551</run_address>
         <size>0x7</size>
         <input_file_ref idref="fl-1e"/>
      </object_component>
      <object_component id="oc-94">
         <name>.text</name>
         <load_address>0x320558</load_address>
         <run_address>0x8558</run_address>
         <size>0x5</size>
         <input_file_ref idref="fl-19"/>
      </object_component>
      <object_component id="oc-99">
         <name>.text</name>
         <load_address>0x32055d</load_address>
         <run_address>0x855d</run_address>
         <size>0x3</size>
         <input_file_ref idref="fl-1a"/>
      </object_component>
      <object_component id="oc-59">
         <name>.cinit</name>
         <load_address>0x33822f</load_address>
         <run_address>0x33822f</run_address>
         <size>0x23</size>
         <input_file_ref idref="fl-4"/>
      </object_component>
      <object_component id="oc-c9">
         <name>.cinit</name>
         <load_address>0x338252</load_address>
         <run_address>0x338252</run_address>
         <size>0xe</size>
         <input_file_ref idref="fl-24"/>
      </object_component>
      <object_component id="oc-72">
         <name>.cinit</name>
         <load_address>0x338260</load_address>
         <run_address>0x338260</run_address>
         <size>0xa</size>
         <input_file_ref idref="fl-11"/>
      </object_component>
      <object_component id="oc-f2">
         <name>.cinit:__lock</name>
         <load_address>0x33826a</load_address>
         <run_address>0x33826a</run_address>
         <size>0x5</size>
         <input_file_ref idref="fl-28"/>
      </object_component>
      <object_component id="oc-f5">
         <name>.cinit:__unlock</name>
         <load_address>0x33826f</load_address>
         <run_address>0x33826f</run_address>
         <size>0x5</size>
         <input_file_ref idref="fl-28"/>
      </object_component>
      <object_component id="oc-f0">
         <name>.text</name>
         <load_address>0x338000</load_address>
         <run_address>0x338000</run_address>
         <size>0x139</size>
         <input_file_ref idref="fl-4"/>
      </object_component>
      <object_component id="oc-bc">
         <name>.text</name>
         <load_address>0x338139</load_address>
         <run_address>0x338139</run_address>
         <size>0x56</size>
         <input_file_ref idref="fl-22"/>
      </object_component>
      <object_component id="oc-ee">
         <name>.text</name>
         <load_address>0x33818f</load_address>
         <run_address>0x33818f</run_address>
         <size>0x29</size>
         <input_file_ref idref="fl-24"/>
      </object_component>
      <object_component id="oc-eb">
         <name>.text</name>
         <load_address>0x3381b8</load_address>
         <run_address>0x3381b8</run_address>
         <size>0x24</size>
         <input_file_ref idref="fl-23"/>
      </object_component>
      <object_component id="oc-ef">
         <name>.text</name>
         <load_address>0x3381dc</load_address>
         <run_address>0x3381dc</run_address>
         <size>0x1e</size>
         <input_file_ref idref="fl-25"/>
      </object_component>
      <object_component id="oc-ed">
         <name>.text</name>
         <load_address>0x3381fa</load_address>
         <run_address>0x3381fa</run_address>
         <size>0x19</size>
         <input_file_ref idref="fl-29"/>
      </object_component>
      <object_component id="oc-f4">
         <name>.text</name>
         <load_address>0x338213</load_address>
         <run_address>0x338213</run_address>
         <size>0x9</size>
         <input_file_ref idref="fl-28"/>
      </object_component>
      <object_component id="oc-53">
         <name>.text</name>
         <load_address>0x33821c</load_address>
         <run_address>0x33821c</run_address>
         <size>0x8</size>
         <input_file_ref idref="fl-3"/>
      </object_component>
      <object_component id="oc-5f">
         <name>.text</name>
         <load_address>0x338224</load_address>
         <run_address>0x338224</run_address>
         <size>0x8</size>
         <input_file_ref idref="fl-5"/>
      </object_component>
      <object_component id="oc-ea">
         <name>.text</name>
         <load_address>0x33822c</load_address>
         <run_address>0x33822c</run_address>
         <size>0x2</size>
         <input_file_ref idref="fl-26"/>
      </object_component>
      <object_component id="oc-ec">
         <name>.text</name>
         <load_address>0x33822e</load_address>
         <run_address>0x33822e</run_address>
         <size>0x1</size>
         <input_file_ref idref="fl-27"/>
      </object_component>
      <object_component id="oc-50">
         <name>codestart</name>
         <load_address>0x33fff6</load_address>
         <run_address>0x33fff6</run_address>
         <size>0x2</size>
         <input_file_ref idref="fl-3"/>
      </object_component>
      <object_component id="oc-f3">
         <name>ramfuncs</name>
         <load_address>0x320560</load_address>
         <run_address>0x8560</run_address>
         <size>0x16e</size>
         <input_file_ref idref="fl-4"/>
      </object_component>
      <object_component id="oc-51">
         <name>csmpasswds</name>
         <load_address>0x33fff8</load_address>
         <run_address>0x33fff8</run_address>
         <size>0x8</size>
         <input_file_ref idref="fl-2"/>
      </object_component>
      <object_component id="oc-52">
         <name>csm_rsvd</name>
         <load_address>0x33ff80</load_address>
         <run_address>0x33ff80</run_address>
         <size>0x76</size>
         <input_file_ref idref="fl-2"/>
      </object_component>
      <object_component id="oc-bd">
         <name>.stack</name>
         <uninitialized>true</uninitialized>
         <run_address>0x400</run_address>
         <size>0x0</size>
         <input_file_ref idref="fl-22"/>
      </object_component>
      <object_component id="oc-14e">
         <name>.stack</name>
         <uninitialized>true</uninitialized>
         <run_address>0x400</run_address>
         <size>0x0</size>
      </object_component>
      <object_component id="oc-5a">
         <name>.ebss</name>
         <uninitialized>true</uninitialized>
         <run_address>0xc000</run_address>
         <size>0x540</size>
         <input_file_ref idref="fl-4"/>
      </object_component>
      <object_component id="oc-73">
         <name>.ebss</name>
         <uninitialized>true</uninitialized>
         <run_address>0xc546</run_address>
         <size>0x4</size>
         <input_file_ref idref="fl-11"/>
      </object_component>
      <object_component id="oc-ca">
         <name>.ebss</name>
         <uninitialized>true</uninitialized>
         <run_address>0xc540</run_address>
         <size>0x6</size>
         <input_file_ref idref="fl-24"/>
      </object_component>
      <object_component id="oc-f6">
         <name>.ebss:__unlock</name>
         <uninitialized>true</uninitialized>
         <run_address>0xc54c</run_address>
         <size>0x2</size>
         <input_file_ref idref="fl-28"/>
      </object_component>
      <object_component id="oc-f1">
         <name>.ebss:__lock</name>
         <uninitialized>true</uninitialized>
         <run_address>0xc54a</run_address>
         <size>0x2</size>
         <input_file_ref idref="fl-28"/>
      </object_component>
      <object_component id="oc-be">
         <name>.reset</name>
         <load_address>0x3fffc0</load_address>
         <run_address>0x3fffc0</run_address>
         <size>0x2</size>
         <input_file_ref idref="fl-22"/>
      </object_component>
      <object_component id="oc-54">
         <name>.debug_info</name>
         <load_address>0x0</load_address>
         <run_address>0x0</run_address>
         <size>0x208</size>
         <input_file_ref idref="fl-3"/>
      </object_component>
      <object_component id="oc-58">
         <name>.debug_info</name>
         <load_address>0x208</load_address>
         <run_address>0x208</run_address>
         <size>0x3fa6</size>
         <input_file_ref idref="fl-4"/>
      </object_component>
      <object_component id="oc-60">
         <name>.debug_info</name>
         <load_address>0x41ae</load_address>
         <run_address>0x41ae</run_address>
         <size>0x2fc3</size>
         <input_file_ref idref="fl-6"/>
      </object_component>
      <object_component id="oc-69">
         <name>.debug_info</name>
         <load_address>0x7171</load_address>
         <run_address>0x7171</run_address>
         <size>0x967</size>
         <input_file_ref idref="fl-f"/>
      </object_component>
      <object_component id="oc-6e">
         <name>.debug_info</name>
         <load_address>0x7ad8</load_address>
         <run_address>0x7ad8</run_address>
         <size>0x93a</size>
         <input_file_ref idref="fl-10"/>
      </object_component>
      <object_component id="oc-75">
         <name>.debug_info</name>
         <load_address>0x8412</load_address>
         <run_address>0x8412</run_address>
         <size>0x649</size>
         <input_file_ref idref="fl-12"/>
      </object_component>
      <object_component id="oc-7a">
         <name>.debug_info</name>
         <load_address>0x8a5b</load_address>
         <run_address>0x8a5b</run_address>
         <size>0x223</size>
         <input_file_ref idref="fl-13"/>
      </object_component>
      <object_component id="oc-7e">
         <name>.debug_info</name>
         <load_address>0x8c7e</load_address>
         <run_address>0x8c7e</run_address>
         <size>0x9f6</size>
         <input_file_ref idref="fl-14"/>
      </object_component>
      <object_component id="oc-83">
         <name>.debug_info</name>
         <load_address>0x9674</load_address>
         <run_address>0x9674</run_address>
         <size>0x25c</size>
         <input_file_ref idref="fl-15"/>
      </object_component>
      <object_component id="oc-87">
         <name>.debug_info</name>
         <load_address>0x98d0</load_address>
         <run_address>0x98d0</run_address>
         <size>0x6ae</size>
         <input_file_ref idref="fl-16"/>
      </object_component>
      <object_component id="oc-8c">
         <name>.debug_info</name>
         <load_address>0x9f7e</load_address>
         <run_address>0x9f7e</run_address>
         <size>0xd5</size>
         <input_file_ref idref="fl-17"/>
      </object_component>
      <object_component id="oc-90">
         <name>.debug_info</name>
         <load_address>0xa053</load_address>
         <run_address>0xa053</run_address>
         <size>0x7d8</size>
         <input_file_ref idref="fl-18"/>
      </object_component>
      <object_component id="oc-95">
         <name>.debug_info</name>
         <load_address>0xa82b</load_address>
         <run_address>0xa82b</run_address>
         <size>0x506</size>
         <input_file_ref idref="fl-19"/>
      </object_component>
      <object_component id="oc-9a">
         <name>.debug_info</name>
         <load_address>0xad31</load_address>
         <run_address>0xad31</run_address>
         <size>0x518</size>
         <input_file_ref idref="fl-1a"/>
      </object_component>
      <object_component id="oc-9f">
         <name>.debug_info</name>
         <load_address>0xb249</load_address>
         <run_address>0xb249</run_address>
         <size>0x73c</size>
         <input_file_ref idref="fl-1b"/>
      </object_component>
      <object_component id="oc-a4">
         <name>.debug_info</name>
         <load_address>0xb985</load_address>
         <run_address>0xb985</run_address>
         <size>0x94b</size>
         <input_file_ref idref="fl-1c"/>
      </object_component>
      <object_component id="oc-a9">
         <name>.debug_info</name>
         <load_address>0xc2d0</load_address>
         <run_address>0xc2d0</run_address>
         <size>0xa8</size>
         <input_file_ref idref="fl-1d"/>
      </object_component>
      <object_component id="oc-ad">
         <name>.debug_info</name>
         <load_address>0xc378</load_address>
         <run_address>0xc378</run_address>
         <size>0xb0</size>
         <input_file_ref idref="fl-1e"/>
      </object_component>
      <object_component id="oc-b1">
         <name>.debug_info</name>
         <load_address>0xc428</load_address>
         <run_address>0xc428</run_address>
         <size>0x266</size>
         <input_file_ref idref="fl-1f"/>
      </object_component>
      <object_component id="oc-b5">
         <name>.debug_info</name>
         <load_address>0xc68e</load_address>
         <run_address>0xc68e</run_address>
         <size>0xe6</size>
         <input_file_ref idref="fl-20"/>
      </object_component>
      <object_component id="oc-b9">
         <name>.debug_info</name>
         <load_address>0xc774</load_address>
         <run_address>0xc774</run_address>
         <size>0x265</size>
         <input_file_ref idref="fl-21"/>
      </object_component>
      <object_component id="oc-bf">
         <name>.debug_info</name>
         <load_address>0xc9d9</load_address>
         <run_address>0xc9d9</run_address>
         <size>0x16b</size>
         <input_file_ref idref="fl-22"/>
      </object_component>
      <object_component id="oc-c3">
         <name>.debug_info</name>
         <load_address>0xcb44</load_address>
         <run_address>0xcb44</run_address>
         <size>0x5c1</size>
         <input_file_ref idref="fl-23"/>
      </object_component>
      <object_component id="oc-c8">
         <name>.debug_info</name>
         <load_address>0xd105</load_address>
         <run_address>0xd105</run_address>
         <size>0x5ab</size>
         <input_file_ref idref="fl-24"/>
      </object_component>
      <object_component id="oc-cf">
         <name>.debug_info</name>
         <load_address>0xd6b0</load_address>
         <run_address>0xd6b0</run_address>
         <size>0x46f</size>
         <input_file_ref idref="fl-25"/>
      </object_component>
      <object_component id="oc-d4">
         <name>.debug_info</name>
         <load_address>0xdb1f</load_address>
         <run_address>0xdb1f</run_address>
         <size>0x3e2</size>
         <input_file_ref idref="fl-26"/>
      </object_component>
      <object_component id="oc-d9">
         <name>.debug_info</name>
         <load_address>0xdf01</load_address>
         <run_address>0xdf01</run_address>
         <size>0x3df</size>
         <input_file_ref idref="fl-27"/>
      </object_component>
      <object_component id="oc-de">
         <name>.debug_info</name>
         <load_address>0xe2e0</load_address>
         <run_address>0xe2e0</run_address>
         <size>0x501</size>
         <input_file_ref idref="fl-28"/>
      </object_component>
      <object_component id="oc-e3">
         <name>.debug_info</name>
         <load_address>0xe7e1</load_address>
         <run_address>0xe7e1</run_address>
         <size>0x4ce</size>
         <input_file_ref idref="fl-29"/>
      </object_component>
      <object_component id="oc-14f">
         <name>.debug_info</name>
         <load_address>0xecaf</load_address>
         <run_address>0xecaf</run_address>
         <size>0xc4</size>
      </object_component>
      <object_component id="oc-55">
         <name>.debug_line</name>
         <load_address>0x0</load_address>
         <run_address>0x0</run_address>
         <size>0xa3</size>
         <input_file_ref idref="fl-3"/>
      </object_component>
      <object_component id="oc-5c">
         <name>.debug_line</name>
         <load_address>0xa3</load_address>
         <run_address>0xa3</run_address>
         <size>0x2b6</size>
         <input_file_ref idref="fl-4"/>
      </object_component>
      <object_component id="oc-6b">
         <name>.debug_line</name>
         <load_address>0x359</load_address>
         <run_address>0x359</run_address>
         <size>0xb3</size>
         <input_file_ref idref="fl-f"/>
      </object_component>
      <object_component id="oc-70">
         <name>.debug_line</name>
         <load_address>0x40c</load_address>
         <run_address>0x40c</run_address>
         <size>0x8d</size>
         <input_file_ref idref="fl-10"/>
      </object_component>
      <object_component id="oc-77">
         <name>.debug_line</name>
         <load_address>0x499</load_address>
         <run_address>0x499</run_address>
         <size>0x5b</size>
         <input_file_ref idref="fl-12"/>
      </object_component>
      <object_component id="oc-7b">
         <name>.debug_line</name>
         <load_address>0x4f4</load_address>
         <run_address>0x4f4</run_address>
         <size>0xe2</size>
         <input_file_ref idref="fl-13"/>
      </object_component>
      <object_component id="oc-80">
         <name>.debug_line</name>
         <load_address>0x5d6</load_address>
         <run_address>0x5d6</run_address>
         <size>0xe8</size>
         <input_file_ref idref="fl-14"/>
      </object_component>
      <object_component id="oc-84">
         <name>.debug_line</name>
         <load_address>0x6be</load_address>
         <run_address>0x6be</run_address>
         <size>0xa8</size>
         <input_file_ref idref="fl-15"/>
      </object_component>
      <object_component id="oc-89">
         <name>.debug_line</name>
         <load_address>0x766</load_address>
         <run_address>0x766</run_address>
         <size>0x50</size>
         <input_file_ref idref="fl-16"/>
      </object_component>
      <object_component id="oc-8d">
         <name>.debug_line</name>
         <load_address>0x7b6</load_address>
         <run_address>0x7b6</run_address>
         <size>0x57</size>
         <input_file_ref idref="fl-17"/>
      </object_component>
      <object_component id="oc-92">
         <name>.debug_line</name>
         <load_address>0x80d</load_address>
         <run_address>0x80d</run_address>
         <size>0x65</size>
         <input_file_ref idref="fl-18"/>
      </object_component>
      <object_component id="oc-97">
         <name>.debug_line</name>
         <load_address>0x872</load_address>
         <run_address>0x872</run_address>
         <size>0x43</size>
         <input_file_ref idref="fl-19"/>
      </object_component>
      <object_component id="oc-9c">
         <name>.debug_line</name>
         <load_address>0x8b5</load_address>
         <run_address>0x8b5</run_address>
         <size>0x47</size>
         <input_file_ref idref="fl-1a"/>
      </object_component>
      <object_component id="oc-a1">
         <name>.debug_line</name>
         <load_address>0x8fc</load_address>
         <run_address>0x8fc</run_address>
         <size>0x5a</size>
         <input_file_ref idref="fl-1b"/>
      </object_component>
      <object_component id="oc-a6">
         <name>.debug_line</name>
         <load_address>0x956</load_address>
         <run_address>0x956</run_address>
         <size>0x9b</size>
         <input_file_ref idref="fl-1c"/>
      </object_component>
      <object_component id="oc-aa">
         <name>.debug_line</name>
         <load_address>0x9f1</load_address>
         <run_address>0x9f1</run_address>
         <size>0x45</size>
         <input_file_ref idref="fl-1d"/>
      </object_component>
      <object_component id="oc-ae">
         <name>.debug_line</name>
         <load_address>0xa36</load_address>
         <run_address>0xa36</run_address>
         <size>0x44</size>
         <input_file_ref idref="fl-1e"/>
      </object_component>
      <object_component id="oc-b2">
         <name>.debug_line</name>
         <load_address>0xa7a</load_address>
         <run_address>0xa7a</run_address>
         <size>0xbb</size>
         <input_file_ref idref="fl-1f"/>
      </object_component>
      <object_component id="oc-b6">
         <name>.debug_line</name>
         <load_address>0xb35</load_address>
         <run_address>0xb35</run_address>
         <size>0x7a</size>
         <input_file_ref idref="fl-20"/>
      </object_component>
      <object_component id="oc-ba">
         <name>.debug_line</name>
         <load_address>0xbaf</load_address>
         <run_address>0xbaf</run_address>
         <size>0xa8</size>
         <input_file_ref idref="fl-21"/>
      </object_component>
      <object_component id="oc-c0">
         <name>.debug_line</name>
         <load_address>0xc57</load_address>
         <run_address>0xc57</run_address>
         <size>0x7e</size>
         <input_file_ref idref="fl-22"/>
      </object_component>
      <object_component id="oc-c5">
         <name>.debug_line</name>
         <load_address>0xcd5</load_address>
         <run_address>0xcd5</run_address>
         <size>0x50</size>
         <input_file_ref idref="fl-23"/>
      </object_component>
      <object_component id="oc-cc">
         <name>.debug_line</name>
         <load_address>0xd25</load_address>
         <run_address>0xd25</run_address>
         <size>0x65</size>
         <input_file_ref idref="fl-24"/>
      </object_component>
      <object_component id="oc-d1">
         <name>.debug_line</name>
         <load_address>0xd8a</load_address>
         <run_address>0xd8a</run_address>
         <size>0x62</size>
         <input_file_ref idref="fl-25"/>
      </object_component>
      <object_component id="oc-d6">
         <name>.debug_line</name>
         <load_address>0xdec</load_address>
         <run_address>0xdec</run_address>
         <size>0x3e</size>
         <input_file_ref idref="fl-26"/>
      </object_component>
      <object_component id="oc-db">
         <name>.debug_line</name>
         <load_address>0xe2a</load_address>
         <run_address>0xe2a</run_address>
         <size>0x3a</size>
         <input_file_ref idref="fl-27"/>
      </object_component>
      <object_component id="oc-e0">
         <name>.debug_line</name>
         <load_address>0xe64</load_address>
         <run_address>0xe64</run_address>
         <size>0x5e</size>
         <input_file_ref idref="fl-28"/>
      </object_component>
      <object_component id="oc-e5">
         <name>.debug_line</name>
         <load_address>0xec2</load_address>
         <run_address>0xec2</run_address>
         <size>0x55</size>
         <input_file_ref idref="fl-29"/>
      </object_component>
      <object_component id="oc-56">
         <name>.debug_abbrev</name>
         <load_address>0x0</load_address>
         <run_address>0x0</run_address>
         <size>0x21</size>
         <input_file_ref idref="fl-3"/>
      </object_component>
      <object_component id="oc-5d">
         <name>.debug_abbrev</name>
         <load_address>0x21</load_address>
         <run_address>0x21</run_address>
         <size>0x1cc</size>
         <input_file_ref idref="fl-4"/>
      </object_component>
      <object_component id="oc-67">
         <name>.debug_abbrev</name>
         <load_address>0x1ed</load_address>
         <run_address>0x1ed</run_address>
         <size>0x9c</size>
         <input_file_ref idref="fl-6"/>
      </object_component>
      <object_component id="oc-6c">
         <name>.debug_abbrev</name>
         <load_address>0x289</load_address>
         <run_address>0x289</run_address>
         <size>0x122</size>
         <input_file_ref idref="fl-f"/>
      </object_component>
      <object_component id="oc-71">
         <name>.debug_abbrev</name>
         <load_address>0x3ab</load_address>
         <run_address>0x3ab</run_address>
         <size>0x11f</size>
         <input_file_ref idref="fl-10"/>
      </object_component>
      <object_component id="oc-78">
         <name>.debug_abbrev</name>
         <load_address>0x4ca</load_address>
         <run_address>0x4ca</run_address>
         <size>0xca</size>
         <input_file_ref idref="fl-12"/>
      </object_component>
      <object_component id="oc-7c">
         <name>.debug_abbrev</name>
         <load_address>0x594</load_address>
         <run_address>0x594</run_address>
         <size>0x44</size>
         <input_file_ref idref="fl-13"/>
      </object_component>
      <object_component id="oc-81">
         <name>.debug_abbrev</name>
         <load_address>0x5d8</load_address>
         <run_address>0x5d8</run_address>
         <size>0x11f</size>
         <input_file_ref idref="fl-14"/>
      </object_component>
      <object_component id="oc-85">
         <name>.debug_abbrev</name>
         <load_address>0x6f7</load_address>
         <run_address>0x6f7</run_address>
         <size>0x38</size>
         <input_file_ref idref="fl-15"/>
      </object_component>
      <object_component id="oc-8a">
         <name>.debug_abbrev</name>
         <load_address>0x72f</load_address>
         <run_address>0x72f</run_address>
         <size>0x105</size>
         <input_file_ref idref="fl-16"/>
      </object_component>
      <object_component id="oc-8e">
         <name>.debug_abbrev</name>
         <load_address>0x834</load_address>
         <run_address>0x834</run_address>
         <size>0x2a</size>
         <input_file_ref idref="fl-17"/>
      </object_component>
      <object_component id="oc-93">
         <name>.debug_abbrev</name>
         <load_address>0x85e</load_address>
         <run_address>0x85e</run_address>
         <size>0x113</size>
         <input_file_ref idref="fl-18"/>
      </object_component>
      <object_component id="oc-98">
         <name>.debug_abbrev</name>
         <load_address>0x971</load_address>
         <run_address>0x971</run_address>
         <size>0x79</size>
         <input_file_ref idref="fl-19"/>
      </object_component>
      <object_component id="oc-9d">
         <name>.debug_abbrev</name>
         <load_address>0x9ea</load_address>
         <run_address>0x9ea</run_address>
         <size>0x79</size>
         <input_file_ref idref="fl-1a"/>
      </object_component>
      <object_component id="oc-a2">
         <name>.debug_abbrev</name>
         <load_address>0xa63</load_address>
         <run_address>0xa63</run_address>
         <size>0xc3</size>
         <input_file_ref idref="fl-1b"/>
      </object_component>
      <object_component id="oc-a7">
         <name>.debug_abbrev</name>
         <load_address>0xb26</load_address>
         <run_address>0xb26</run_address>
         <size>0x111</size>
         <input_file_ref idref="fl-1c"/>
      </object_component>
      <object_component id="oc-ab">
         <name>.debug_abbrev</name>
         <load_address>0xc37</load_address>
         <run_address>0xc37</run_address>
         <size>0x2a</size>
         <input_file_ref idref="fl-1d"/>
      </object_component>
      <object_component id="oc-af">
         <name>.debug_abbrev</name>
         <load_address>0xc61</load_address>
         <run_address>0xc61</run_address>
         <size>0x2a</size>
         <input_file_ref idref="fl-1e"/>
      </object_component>
      <object_component id="oc-b3">
         <name>.debug_abbrev</name>
         <load_address>0xc8b</load_address>
         <run_address>0xc8b</run_address>
         <size>0x38</size>
         <input_file_ref idref="fl-1f"/>
      </object_component>
      <object_component id="oc-b7">
         <name>.debug_abbrev</name>
         <load_address>0xcc3</load_address>
         <run_address>0xcc3</run_address>
         <size>0x44</size>
         <input_file_ref idref="fl-20"/>
      </object_component>
      <object_component id="oc-bb">
         <name>.debug_abbrev</name>
         <load_address>0xd07</load_address>
         <run_address>0xd07</run_address>
         <size>0x38</size>
         <input_file_ref idref="fl-21"/>
      </object_component>
      <object_component id="oc-c1">
         <name>.debug_abbrev</name>
         <load_address>0xd3f</load_address>
         <run_address>0xd3f</run_address>
         <size>0x46</size>
         <input_file_ref idref="fl-22"/>
      </object_component>
      <object_component id="oc-c6">
         <name>.debug_abbrev</name>
         <load_address>0xd85</load_address>
         <run_address>0xd85</run_address>
         <size>0xfc</size>
         <input_file_ref idref="fl-23"/>
      </object_component>
      <object_component id="oc-cd">
         <name>.debug_abbrev</name>
         <load_address>0xe81</load_address>
         <run_address>0xe81</run_address>
         <size>0x142</size>
         <input_file_ref idref="fl-24"/>
      </object_component>
      <object_component id="oc-d2">
         <name>.debug_abbrev</name>
         <load_address>0xfc3</load_address>
         <run_address>0xfc3</run_address>
         <size>0xa8</size>
         <input_file_ref idref="fl-25"/>
      </object_component>
      <object_component id="oc-d7">
         <name>.debug_abbrev</name>
         <load_address>0x106b</load_address>
         <run_address>0x106b</run_address>
         <size>0x68</size>
         <input_file_ref idref="fl-26"/>
      </object_component>
      <object_component id="oc-dc">
         <name>.debug_abbrev</name>
         <load_address>0x10d3</load_address>
         <run_address>0x10d3</run_address>
         <size>0x66</size>
         <input_file_ref idref="fl-27"/>
      </object_component>
      <object_component id="oc-e1">
         <name>.debug_abbrev</name>
         <load_address>0x1139</load_address>
         <run_address>0x1139</run_address>
         <size>0xb2</size>
         <input_file_ref idref="fl-28"/>
      </object_component>
      <object_component id="oc-e6">
         <name>.debug_abbrev</name>
         <load_address>0x11eb</load_address>
         <run_address>0x11eb</run_address>
         <size>0xfe</size>
         <input_file_ref idref="fl-29"/>
      </object_component>
      <object_component id="oc-150">
         <name>.debug_abbrev</name>
         <load_address>0x12e9</load_address>
         <run_address>0x12e9</run_address>
         <size>0xf</size>
      </object_component>
      <object_component id="oc-57">
         <name>.debug_aranges</name>
         <load_address>0x0</load_address>
         <run_address>0x0</run_address>
         <size>0x28</size>
         <input_file_ref idref="fl-3"/>
      </object_component>
      <object_component id="oc-5e">
         <name>.debug_aranges</name>
         <load_address>0x28</load_address>
         <run_address>0x28</run_address>
         <size>0x58</size>
         <input_file_ref idref="fl-4"/>
      </object_component>
      <object_component id="oc-c2">
         <name>.debug_aranges</name>
         <load_address>0x80</load_address>
         <run_address>0x80</run_address>
         <size>0x20</size>
         <input_file_ref idref="fl-22"/>
      </object_component>
      <object_component id="oc-c7">
         <name>.debug_aranges</name>
         <load_address>0xa0</load_address>
         <run_address>0xa0</run_address>
         <size>0x20</size>
         <input_file_ref idref="fl-23"/>
      </object_component>
      <object_component id="oc-ce">
         <name>.debug_aranges</name>
         <load_address>0xc0</load_address>
         <run_address>0xc0</run_address>
         <size>0x28</size>
         <input_file_ref idref="fl-24"/>
      </object_component>
      <object_component id="oc-d3">
         <name>.debug_aranges</name>
         <load_address>0xe8</load_address>
         <run_address>0xe8</run_address>
         <size>0x20</size>
         <input_file_ref idref="fl-25"/>
      </object_component>
      <object_component id="oc-d8">
         <name>.debug_aranges</name>
         <load_address>0x108</load_address>
         <run_address>0x108</run_address>
         <size>0x20</size>
         <input_file_ref idref="fl-26"/>
      </object_component>
      <object_component id="oc-dd">
         <name>.debug_aranges</name>
         <load_address>0x128</load_address>
         <run_address>0x128</run_address>
         <size>0x20</size>
         <input_file_ref idref="fl-27"/>
      </object_component>
      <object_component id="oc-e2">
         <name>.debug_aranges</name>
         <load_address>0x148</load_address>
         <run_address>0x148</run_address>
         <size>0x30</size>
         <input_file_ref idref="fl-28"/>
      </object_component>
      <object_component id="oc-e7">
         <name>.debug_aranges</name>
         <load_address>0x178</load_address>
         <run_address>0x178</run_address>
         <size>0x20</size>
         <input_file_ref idref="fl-29"/>
      </object_component>
      <object_component id="oc-5b">
         <name>.debug_frame</name>
         <load_address>0x0</load_address>
         <run_address>0x0</run_address>
         <size>0xff</size>
         <input_file_ref idref="fl-4"/>
      </object_component>
      <object_component id="oc-6a">
         <name>.debug_frame</name>
         <load_address>0xff</load_address>
         <run_address>0xff</run_address>
         <size>0xcd</size>
         <input_file_ref idref="fl-f"/>
      </object_component>
      <object_component id="oc-6f">
         <name>.debug_frame</name>
         <load_address>0x1cc</load_address>
         <run_address>0x1cc</run_address>
         <size>0xcd</size>
         <input_file_ref idref="fl-10"/>
      </object_component>
      <object_component id="oc-76">
         <name>.debug_frame</name>
         <load_address>0x299</load_address>
         <run_address>0x299</run_address>
         <size>0xd0</size>
         <input_file_ref idref="fl-12"/>
      </object_component>
      <object_component id="oc-7f">
         <name>.debug_frame</name>
         <load_address>0x369</load_address>
         <run_address>0x369</run_address>
         <size>0xcd</size>
         <input_file_ref idref="fl-14"/>
      </object_component>
      <object_component id="oc-88">
         <name>.debug_frame</name>
         <load_address>0x436</load_address>
         <run_address>0x436</run_address>
         <size>0xd0</size>
         <input_file_ref idref="fl-16"/>
      </object_component>
      <object_component id="oc-91">
         <name>.debug_frame</name>
         <load_address>0x506</load_address>
         <run_address>0x506</run_address>
         <size>0xfd</size>
         <input_file_ref idref="fl-18"/>
      </object_component>
      <object_component id="oc-96">
         <name>.debug_frame</name>
         <load_address>0x603</load_address>
         <run_address>0x603</run_address>
         <size>0xc6</size>
         <input_file_ref idref="fl-19"/>
      </object_component>
      <object_component id="oc-9b">
         <name>.debug_frame</name>
         <load_address>0x6c9</load_address>
         <run_address>0x6c9</run_address>
         <size>0xc6</size>
         <input_file_ref idref="fl-1a"/>
      </object_component>
      <object_component id="oc-a0">
         <name>.debug_frame</name>
         <load_address>0x78f</load_address>
         <run_address>0x78f</run_address>
         <size>0xcc</size>
         <input_file_ref idref="fl-1b"/>
      </object_component>
      <object_component id="oc-a5">
         <name>.debug_frame</name>
         <load_address>0x85b</load_address>
         <run_address>0x85b</run_address>
         <size>0xcd</size>
         <input_file_ref idref="fl-1c"/>
      </object_component>
      <object_component id="oc-c4">
         <name>.debug_frame</name>
         <load_address>0x928</load_address>
         <run_address>0x928</run_address>
         <size>0x64</size>
         <input_file_ref idref="fl-23"/>
      </object_component>
      <object_component id="oc-cb">
         <name>.debug_frame</name>
         <load_address>0x98c</load_address>
         <run_address>0x98c</run_address>
         <size>0x61</size>
         <input_file_ref idref="fl-24"/>
      </object_component>
      <object_component id="oc-d0">
         <name>.debug_frame</name>
         <load_address>0x9ed</load_address>
         <run_address>0x9ed</run_address>
         <size>0x43</size>
         <input_file_ref idref="fl-25"/>
      </object_component>
      <object_component id="oc-d5">
         <name>.debug_frame</name>
         <load_address>0xa30</load_address>
         <run_address>0xa30</run_address>
         <size>0x43</size>
         <input_file_ref idref="fl-26"/>
      </object_component>
      <object_component id="oc-da">
         <name>.debug_frame</name>
         <load_address>0xa73</load_address>
         <run_address>0xa73</run_address>
         <size>0x43</size>
         <input_file_ref idref="fl-27"/>
      </object_component>
      <object_component id="oc-df">
         <name>.debug_frame</name>
         <load_address>0xab6</load_address>
         <run_address>0xab6</run_address>
         <size>0x6d</size>
         <input_file_ref idref="fl-28"/>
      </object_component>
      <object_component id="oc-e4">
         <name>.debug_frame</name>
         <load_address>0xb23</load_address>
         <run_address>0xb23</run_address>
         <size>0x43</size>
         <input_file_ref idref="fl-29"/>
      </object_component>
   </object_component_list>
   <logical_group_list>
      <logical_group id="lg-2" display="no" color="cyan">
         <name>PieVectTableFile</name>
         <run_address>0x0</run_address>
         <size>0x0</size>
         <contents>
         </contents>
      </logical_group>
      <logical_group id="lg-3" display="no" color="cyan">
         <name>DevEmuRegsFile</name>
         <run_address>0x0</run_address>
         <size>0x0</size>
         <contents>
         </contents>
      </logical_group>
      <logical_group id="lg-4" display="no" color="cyan">
         <name>FlashRegsFile</name>
         <run_address>0xa80</run_address>
         <size>0x8</size>
         <contents>
            <object_component_ref idref="oc-61"/>
         </contents>
      </logical_group>
      <logical_group id="lg-5" display="no" color="cyan">
         <name>CsmRegsFile</name>
         <run_address>0xae0</run_address>
         <size>0x10</size>
         <contents>
            <object_component_ref idref="oc-63"/>
         </contents>
      </logical_group>
      <logical_group id="lg-6" display="no" color="cyan">
         <name>AdcMirrorFile</name>
         <run_address>0x0</run_address>
         <size>0x0</size>
         <contents>
         </contents>
      </logical_group>
      <logical_group id="lg-7" display="no" color="cyan">
         <name>XintfRegsFile</name>
         <run_address>0x0</run_address>
         <size>0x0</size>
         <contents>
         </contents>
      </logical_group>
      <logical_group id="lg-8" display="no" color="cyan">
         <name>CpuTimer0RegsFile</name>
         <run_address>0x0</run_address>
         <size>0x0</size>
         <contents>
         </contents>
      </logical_group>
      <logical_group id="lg-9" display="no" color="cyan">
         <name>CpuTimer1RegsFile</name>
         <run_address>0x0</run_address>
         <size>0x0</size>
         <contents>
         </contents>
      </logical_group>
      <logical_group id="lg-a" display="no" color="cyan">
         <name>CpuTimer2RegsFile</name>
         <run_address>0x0</run_address>
         <size>0x0</size>
         <contents>
         </contents>
      </logical_group>
      <logical_group id="lg-b" display="no" color="cyan">
         <name>PieCtrlRegsFile</name>
         <run_address>0x0</run_address>
         <size>0x0</size>
         <contents>
         </contents>
      </logical_group>
      <logical_group id="lg-c" display="no" color="cyan">
         <name>DmaRegsFile</name>
         <run_address>0x0</run_address>
         <size>0x0</size>
         <contents>
         </contents>
      </logical_group>
      <logical_group id="lg-d" display="no" color="cyan">
         <name>McbspaRegsFile</name>
         <run_address>0x0</run_address>
         <size>0x0</size>
         <contents>
         </contents>
      </logical_group>
      <logical_group id="lg-e" display="no" color="cyan">
         <name>McbspbRegsFile</name>
         <run_address>0x0</run_address>
         <size>0x0</size>
         <contents>
         </contents>
      </logical_group>
      <logical_group id="lg-f" display="no" color="cyan">
         <name>ECanaRegsFile</name>
         <run_address>0x0</run_address>
         <size>0x0</size>
         <contents>
         </contents>
      </logical_group>
      <logical_group id="lg-10" display="no" color="cyan">
         <name>ECanaLAMRegsFile</name>
         <run_address>0x0</run_address>
         <size>0x0</size>
         <contents>
         </contents>
      </logical_group>
      <logical_group id="lg-11" display="no" color="cyan">
         <name>ECanaMboxesFile</name>
         <run_address>0x0</run_address>
         <size>0x0</size>
         <contents>
         </contents>
      </logical_group>
      <logical_group id="lg-12" display="no" color="cyan">
         <name>ECanaMOTSRegsFile</name>
         <run_address>0x0</run_address>
         <size>0x0</size>
         <contents>
         </contents>
      </logical_group>
      <logical_group id="lg-13" display="no" color="cyan">
         <name>ECanaMOTORegsFile</name>
         <run_address>0x0</run_address>
         <size>0x0</size>
         <contents>
         </contents>
      </logical_group>
      <logical_group id="lg-14" display="no" color="cyan">
         <name>ECanbRegsFile</name>
         <run_address>0x0</run_address>
         <size>0x0</size>
         <contents>
         </contents>
      </logical_group>
      <logical_group id="lg-15" display="no" color="cyan">
         <name>ECanbLAMRegsFile</name>
         <run_address>0x0</run_address>
         <size>0x0</size>
         <contents>
         </contents>
      </logical_group>
      <logical_group id="lg-16" display="no" color="cyan">
         <name>ECanbMboxesFile</name>
         <run_address>0x0</run_address>
         <size>0x0</size>
         <contents>
         </contents>
      </logical_group>
      <logical_group id="lg-17" display="no" color="cyan">
         <name>ECanbMOTSRegsFile</name>
         <run_address>0x0</run_address>
         <size>0x0</size>
         <contents>
         </contents>
      </logical_group>
      <logical_group id="lg-18" display="no" color="cyan">
         <name>ECanbMOTORegsFile</name>
         <run_address>0x0</run_address>
         <size>0x0</size>
         <contents>
         </contents>
      </logical_group>
      <logical_group id="lg-19" display="no" color="cyan">
         <name>EPwm1RegsFile</name>
         <run_address>0x0</run_address>
         <size>0x0</size>
         <contents>
         </contents>
      </logical_group>
      <logical_group id="lg-1a" display="no" color="cyan">
         <name>EPwm2RegsFile</name>
         <run_address>0x0</run_address>
         <size>0x0</size>
         <contents>
         </contents>
      </logical_group>
      <logical_group id="lg-1b" display="no" color="cyan">
         <name>EPwm3RegsFile</name>
         <run_address>0x0</run_address>
         <size>0x0</size>
         <contents>
         </contents>
      </logical_group>
      <logical_group id="lg-1c" display="no" color="cyan">
         <name>EPwm4RegsFile</name>
         <run_address>0x0</run_address>
         <size>0x0</size>
         <contents>
         </contents>
      </logical_group>
      <logical_group id="lg-1d" display="no" color="cyan">
         <name>EPwm5RegsFile</name>
         <run_address>0x0</run_address>
         <size>0x0</size>
         <contents>
         </contents>
      </logical_group>
      <logical_group id="lg-1e" display="no" color="cyan">
         <name>EPwm6RegsFile</name>
         <run_address>0x0</run_address>
         <size>0x0</size>
         <contents>
         </contents>
      </logical_group>
      <logical_group id="lg-1f" display="no" color="cyan">
         <name>ECap1RegsFile</name>
         <run_address>0x0</run_address>
         <size>0x0</size>
         <contents>
         </contents>
      </logical_group>
      <logical_group id="lg-20" display="no" color="cyan">
         <name>ECap2RegsFile</name>
         <run_address>0x0</run_address>
         <size>0x0</size>
         <contents>
         </contents>
      </logical_group>
      <logical_group id="lg-21" display="no" color="cyan">
         <name>ECap3RegsFile</name>
         <run_address>0x0</run_address>
         <size>0x0</size>
         <contents>
         </contents>
      </logical_group>
      <logical_group id="lg-22" display="no" color="cyan">
         <name>ECap4RegsFile</name>
         <run_address>0x0</run_address>
         <size>0x0</size>
         <contents>
         </contents>
      </logical_group>
      <logical_group id="lg-23" display="no" color="cyan">
         <name>ECap5RegsFile</name>
         <run_address>0x0</run_address>
         <size>0x0</size>
         <contents>
         </contents>
      </logical_group>
      <logical_group id="lg-24" display="no" color="cyan">
         <name>ECap6RegsFile</name>
         <run_address>0x0</run_address>
         <size>0x0</size>
         <contents>
         </contents>
      </logical_group>
      <logical_group id="lg-25" display="no" color="cyan">
         <name>EQep1RegsFile</name>
         <run_address>0x0</run_address>
         <size>0x0</size>
         <contents>
         </contents>
      </logical_group>
      <logical_group id="lg-26" display="no" color="cyan">
         <name>EQep2RegsFile</name>
         <run_address>0x0</run_address>
         <size>0x0</size>
         <contents>
         </contents>
      </logical_group>
      <logical_group id="lg-27" display="no" color="cyan">
         <name>GpioCtrlRegsFile</name>
         <run_address>0x6f80</run_address>
         <size>0x2e</size>
         <contents>
            <object_component_ref idref="oc-66"/>
         </contents>
      </logical_group>
      <logical_group id="lg-28" display="no" color="cyan">
         <name>GpioDataRegsFile</name>
         <run_address>0x6fc0</run_address>
         <size>0x20</size>
         <contents>
            <object_component_ref idref="oc-65"/>
         </contents>
      </logical_group>
      <logical_group id="lg-29" display="no" color="cyan">
         <name>GpioIntRegsFile</name>
         <run_address>0x0</run_address>
         <size>0x0</size>
         <contents>
         </contents>
      </logical_group>
      <logical_group id="lg-2a" display="no" color="cyan">
         <name>SysCtrlRegsFile</name>
         <run_address>0x7010</run_address>
         <size>0x20</size>
         <contents>
            <object_component_ref idref="oc-64"/>
         </contents>
      </logical_group>
      <logical_group id="lg-2b" display="no" color="cyan">
         <name>SpiaRegsFile</name>
         <run_address>0x0</run_address>
         <size>0x0</size>
         <contents>
         </contents>
      </logical_group>
      <logical_group id="lg-2c" display="no" color="cyan">
         <name>SciaRegsFile</name>
         <run_address>0x0</run_address>
         <size>0x0</size>
         <contents>
         </contents>
      </logical_group>
      <logical_group id="lg-2d" display="no" color="cyan">
         <name>XIntruptRegsFile</name>
         <run_address>0x0</run_address>
         <size>0x0</size>
         <contents>
         </contents>
      </logical_group>
      <logical_group id="lg-2e" display="no" color="cyan">
         <name>AdcRegsFile</name>
         <run_address>0x0</run_address>
         <size>0x0</size>
         <contents>
         </contents>
      </logical_group>
      <logical_group id="lg-2f" display="no" color="cyan">
         <name>ScibRegsFile</name>
         <run_address>0x0</run_address>
         <size>0x0</size>
         <contents>
         </contents>
      </logical_group>
      <logical_group id="lg-30" display="no" color="cyan">
         <name>ScicRegsFile</name>
         <run_address>0x0</run_address>
         <size>0x0</size>
         <contents>
         </contents>
      </logical_group>
      <logical_group id="lg-31" display="no" color="cyan">
         <name>I2caRegsFile</name>
         <run_address>0x0</run_address>
         <size>0x0</size>
         <contents>
         </contents>
      </logical_group>
      <logical_group id="lg-32" display="no" color="cyan">
         <name>CsmPwlFile</name>
         <run_address>0x33fff8</run_address>
         <size>0x8</size>
         <contents>
            <object_component_ref idref="oc-62"/>
         </contents>
      </logical_group>
      <logical_group id="lg-33" display="no" color="cyan">
         <name>PartIdRegsFile</name>
         <run_address>0x0</run_address>
         <size>0x0</size>
         <contents>
         </contents>
      </logical_group>
      <logical_group id="lg-35" display="no" color="cyan">
         <name>Flash28_API.1</name>
         <load_address>0x320000</load_address>
         <run_address>0x8000</run_address>
         <size>0x28</size>
         <contents>
            <object_component_ref idref="oc-e8"/>
            <object_component_ref idref="oc-e9"/>
         </contents>
      </logical_group>
      <logical_group id="lg-36" display="no" color="cyan">
         <name>Flash28_API.2</name>
         <load_address>0x320028</load_address>
         <run_address>0x8028</run_address>
         <size>0x538</size>
         <contents>
            <object_component_ref idref="oc-7d"/>
            <object_component_ref idref="oc-68"/>
            <object_component_ref idref="oc-b0"/>
            <object_component_ref idref="oc-79"/>
            <object_component_ref idref="oc-82"/>
            <object_component_ref idref="oc-b8"/>
            <object_component_ref idref="oc-6d"/>
            <object_component_ref idref="oc-a3"/>
            <object_component_ref idref="oc-8f"/>
            <object_component_ref idref="oc-b4"/>
            <object_component_ref idref="oc-9e"/>
            <object_component_ref idref="oc-74"/>
            <object_component_ref idref="oc-86"/>
            <object_component_ref idref="oc-8b"/>
            <object_component_ref idref="oc-a8"/>
            <object_component_ref idref="oc-ac"/>
            <object_component_ref idref="oc-94"/>
            <object_component_ref idref="oc-99"/>
         </contents>
      </logical_group>
      <logical_group id="lg-34" display="no" color="cyan">
         <name>Flash28_API</name>
         <load_address>0x320000</load_address>
         <run_address>0x8000</run_address>
         <size>0x560</size>
         <contents>
            <logical_group_ref idref="lg-35"/>
            <logical_group_ref idref="lg-36"/>
         </contents>
      </logical_group>
      <logical_group id="lg-37" display="no" color="cyan">
         <name>.cinit</name>
         <load_address>0x33822f</load_address>
         <run_address>0x33822f</run_address>
         <size>0x47</size>
         <contents>
            <object_component_ref idref="oc-59"/>
            <object_component_ref idref="oc-c9"/>
            <object_component_ref idref="oc-72"/>
            <object_component_ref idref="oc-f2"/>
            <object_component_ref idref="oc-f5"/>
         </contents>
      </logical_group>
      <logical_group id="lg-38" display="no" color="cyan">
         <name>.pinit</name>
         <run_address>0x0</run_address>
         <size>0x0</size>
         <contents>
         </contents>
      </logical_group>
      <logical_group id="lg-39" display="no" color="cyan">
         <name>.text</name>
         <load_address>0x338000</load_address>
         <run_address>0x338000</run_address>
         <size>0x22f</size>
         <contents>
            <object_component_ref idref="oc-f0"/>
            <object_component_ref idref="oc-bc"/>
            <object_component_ref idref="oc-ee"/>
            <object_component_ref idref="oc-eb"/>
            <object_component_ref idref="oc-ef"/>
            <object_component_ref idref="oc-ed"/>
            <object_component_ref idref="oc-f4"/>
            <object_component_ref idref="oc-53"/>
            <object_component_ref idref="oc-5f"/>
            <object_component_ref idref="oc-ea"/>
            <object_component_ref idref="oc-ec"/>
         </contents>
      </logical_group>
      <logical_group id="lg-3a" display="no" color="cyan">
         <name>codestart</name>
         <load_address>0x33fff6</load_address>
         <run_address>0x33fff6</run_address>
         <size>0x2</size>
         <contents>
            <object_component_ref idref="oc-50"/>
         </contents>
      </logical_group>
      <logical_group id="lg-3b" display="no" color="cyan">
         <name>ramfuncs</name>
         <load_address>0x320560</load_address>
         <run_address>0x8560</run_address>
         <size>0x16e</size>
         <contents>
            <object_component_ref idref="oc-f3"/>
         </contents>
      </logical_group>
      <logical_group id="lg-3c" display="no" color="cyan">
         <name>csmpasswds</name>
         <load_address>0x33fff8</load_address>
         <run_address>0x33fff8</run_address>
         <size>0x8</size>
         <contents>
            <object_component_ref idref="oc-51"/>
         </contents>
      </logical_group>
      <logical_group id="lg-3d" display="no" color="cyan">
         <name>csm_rsvd</name>
         <load_address>0x33ff80</load_address>
         <run_address>0x33ff80</run_address>
         <size>0x76</size>
         <contents>
            <object_component_ref idref="oc-52"/>
         </contents>
      </logical_group>
      <logical_group id="lg-3e" display="no" color="cyan">
         <name>.stack</name>
         <run_address>0x400</run_address>
         <size>0x300</size>
         <contents>
            <object_component_ref idref="oc-bd"/>
            <object_component_ref idref="oc-14e"/>
         </contents>
      </logical_group>
      <logical_group id="lg-3f" display="no" color="cyan">
         <name>.ebss</name>
         <run_address>0xc000</run_address>
         <size>0x54e</size>
         <contents>
            <object_component_ref idref="oc-5a"/>
            <object_component_ref idref="oc-73"/>
            <object_component_ref idref="oc-ca"/>
            <object_component_ref idref="oc-f6"/>
            <object_component_ref idref="oc-f1"/>
         </contents>
      </logical_group>
      <logical_group id="lg-40" display="no" color="cyan">
         <name>.esysmem</name>
         <run_address>0x0</run_address>
         <size>0x0</size>
         <contents>
         </contents>
      </logical_group>
      <logical_group id="lg-41" display="no" color="cyan">
         <name>.econst</name>
         <run_address>0x0</run_address>
         <size>0x0</size>
         <contents>
         </contents>
      </logical_group>
      <logical_group id="lg-42" display="no" color="cyan">
         <name>.switch</name>
         <run_address>0x0</run_address>
         <size>0x0</size>
         <contents>
         </contents>
      </logical_group>
      <logical_group id="lg-43" display="no" color="cyan">
         <name>IQmath</name>
         <run_address>0x0</run_address>
         <size>0x0</size>
         <contents>
         </contents>
      </logical_group>
      <logical_group id="lg-44" display="no" color="cyan">
         <name>IQmathTables</name>
         <run_address>0x0</run_address>
         <size>0x0</size>
         <contents>
         </contents>
      </logical_group>
      <logical_group id="lg-45" display="no" color="cyan">
         <name>IQmathTables2</name>
         <run_address>0x0</run_address>
         <size>0x0</size>
         <contents>
         </contents>
      </logical_group>
      <logical_group id="lg-46" display="no" color="cyan">
         <name>FPUmathTables</name>
         <run_address>0x0</run_address>
         <size>0x0</size>
         <contents>
         </contents>
      </logical_group>
      <logical_group id="lg-47" display="no" color="cyan">
         <name>DMARAML4</name>
         <run_address>0x0</run_address>
         <size>0x0</size>
         <contents>
         </contents>
      </logical_group>
      <logical_group id="lg-48" display="no" color="cyan">
         <name>DMARAML5</name>
         <run_address>0x0</run_address>
         <size>0x0</size>
         <contents>
         </contents>
      </logical_group>
      <logical_group id="lg-49" display="no" color="cyan">
         <name>DMARAML6</name>
         <run_address>0x0</run_address>
         <size>0x0</size>
         <contents>
         </contents>
      </logical_group>
      <logical_group id="lg-4a" display="no" color="cyan">
         <name>DMARAML7</name>
         <run_address>0x0</run_address>
         <size>0x0</size>
         <contents>
         </contents>
      </logical_group>
      <logical_group id="lg-4b" display="no" color="cyan">
         <name>ZONE7DATA</name>
         <run_address>0x0</run_address>
         <size>0x0</size>
         <contents>
         </contents>
      </logical_group>
      <logical_group id="lg-4c" display="no" color="cyan">
         <name>.reset</name>
         <load_address>0x3fffc0</load_address>
         <run_address>0x3fffc0</run_address>
         <size>0x2</size>
         <contents>
            <object_component_ref idref="oc-be"/>
         </contents>
      </logical_group>
      <logical_group id="lg-4d" display="no" color="cyan">
         <name>vectors</name>
         <run_address>0x3fffc2</run_address>
         <size>0x0</size>
         <contents>
         </contents>
      </logical_group>
      <logical_group id="lg-4e" display="no" color="cyan">
         <name>.adc_cal</name>
         <run_address>0x0</run_address>
         <size>0x0</size>
         <contents>
         </contents>
      </logical_group>
      <logical_group id="lg-142" display="never" color="cyan">
         <name>.debug_info</name>
         <load_address>0x0</load_address>
         <run_address>0x0</run_address>
         <size>0xed73</size>
         <contents>
            <object_component_ref idref="oc-54"/>
            <object_component_ref idref="oc-58"/>
            <object_component_ref idref="oc-60"/>
            <object_component_ref idref="oc-69"/>
            <object_component_ref idref="oc-6e"/>
            <object_component_ref idref="oc-75"/>
            <object_component_ref idref="oc-7a"/>
            <object_component_ref idref="oc-7e"/>
            <object_component_ref idref="oc-83"/>
            <object_component_ref idref="oc-87"/>
            <object_component_ref idref="oc-8c"/>
            <object_component_ref idref="oc-90"/>
            <object_component_ref idref="oc-95"/>
            <object_component_ref idref="oc-9a"/>
            <object_component_ref idref="oc-9f"/>
            <object_component_ref idref="oc-a4"/>
            <object_component_ref idref="oc-a9"/>
            <object_component_ref idref="oc-ad"/>
            <object_component_ref idref="oc-b1"/>
            <object_component_ref idref="oc-b5"/>
            <object_component_ref idref="oc-b9"/>
            <object_component_ref idref="oc-bf"/>
            <object_component_ref idref="oc-c3"/>
            <object_component_ref idref="oc-c8"/>
            <object_component_ref idref="oc-cf"/>
            <object_component_ref idref="oc-d4"/>
            <object_component_ref idref="oc-d9"/>
            <object_component_ref idref="oc-de"/>
            <object_component_ref idref="oc-e3"/>
            <object_component_ref idref="oc-14f"/>
         </contents>
      </logical_group>
      <logical_group id="lg-144" display="never" color="cyan">
         <name>.debug_line</name>
         <load_address>0x0</load_address>
         <run_address>0x0</run_address>
         <size>0xf17</size>
         <contents>
            <object_component_ref idref="oc-55"/>
            <object_component_ref idref="oc-5c"/>
            <object_component_ref idref="oc-6b"/>
            <object_component_ref idref="oc-70"/>
            <object_component_ref idref="oc-77"/>
            <object_component_ref idref="oc-7b"/>
            <object_component_ref idref="oc-80"/>
            <object_component_ref idref="oc-84"/>
            <object_component_ref idref="oc-89"/>
            <object_component_ref idref="oc-8d"/>
            <object_component_ref idref="oc-92"/>
            <object_component_ref idref="oc-97"/>
            <object_component_ref idref="oc-9c"/>
            <object_component_ref idref="oc-a1"/>
            <object_component_ref idref="oc-a6"/>
            <object_component_ref idref="oc-aa"/>
            <object_component_ref idref="oc-ae"/>
            <object_component_ref idref="oc-b2"/>
            <object_component_ref idref="oc-b6"/>
            <object_component_ref idref="oc-ba"/>
            <object_component_ref idref="oc-c0"/>
            <object_component_ref idref="oc-c5"/>
            <object_component_ref idref="oc-cc"/>
            <object_component_ref idref="oc-d1"/>
            <object_component_ref idref="oc-d6"/>
            <object_component_ref idref="oc-db"/>
            <object_component_ref idref="oc-e0"/>
            <object_component_ref idref="oc-e5"/>
         </contents>
      </logical_group>
      <logical_group id="lg-146" display="never" color="cyan">
         <name>.debug_abbrev</name>
         <load_address>0x0</load_address>
         <run_address>0x0</run_address>
         <size>0x12f8</size>
         <contents>
            <object_component_ref idref="oc-56"/>
            <object_component_ref idref="oc-5d"/>
            <object_component_ref idref="oc-67"/>
            <object_component_ref idref="oc-6c"/>
            <object_component_ref idref="oc-71"/>
            <object_component_ref idref="oc-78"/>
            <object_component_ref idref="oc-7c"/>
            <object_component_ref idref="oc-81"/>
            <object_component_ref idref="oc-85"/>
            <object_component_ref idref="oc-8a"/>
            <object_component_ref idref="oc-8e"/>
            <object_component_ref idref="oc-93"/>
            <object_component_ref idref="oc-98"/>
            <object_component_ref idref="oc-9d"/>
            <object_component_ref idref="oc-a2"/>
            <object_component_ref idref="oc-a7"/>
            <object_component_ref idref="oc-ab"/>
            <object_component_ref idref="oc-af"/>
            <object_component_ref idref="oc-b3"/>
            <object_component_ref idref="oc-b7"/>
            <object_component_ref idref="oc-bb"/>
            <object_component_ref idref="oc-c1"/>
            <object_component_ref idref="oc-c6"/>
            <object_component_ref idref="oc-cd"/>
            <object_component_ref idref="oc-d2"/>
            <object_component_ref idref="oc-d7"/>
            <object_component_ref idref="oc-dc"/>
            <object_component_ref idref="oc-e1"/>
            <object_component_ref idref="oc-e6"/>
            <object_component_ref idref="oc-150"/>
         </contents>
      </logical_group>
      <logical_group id="lg-148" display="never" color="cyan">
         <name>.debug_aranges</name>
         <load_address>0x0</load_address>
         <run_address>0x0</run_address>
         <size>0x198</size>
         <contents>
            <object_component_ref idref="oc-57"/>
            <object_component_ref idref="oc-5e"/>
            <object_component_ref idref="oc-c2"/>
            <object_component_ref idref="oc-c7"/>
            <object_component_ref idref="oc-ce"/>
            <object_component_ref idref="oc-d3"/>
            <object_component_ref idref="oc-d8"/>
            <object_component_ref idref="oc-dd"/>
            <object_component_ref idref="oc-e2"/>
            <object_component_ref idref="oc-e7"/>
         </contents>
      </logical_group>
      <logical_group id="lg-14a" display="never" color="cyan">
         <name>.debug_frame</name>
         <load_address>0x0</load_address>
         <run_address>0x0</run_address>
         <size>0xb66</size>
         <contents>
            <object_component_ref idref="oc-5b"/>
            <object_component_ref idref="oc-6a"/>
            <object_component_ref idref="oc-6f"/>
            <object_component_ref idref="oc-76"/>
            <object_component_ref idref="oc-7f"/>
            <object_component_ref idref="oc-88"/>
            <object_component_ref idref="oc-91"/>
            <object_component_ref idref="oc-96"/>
            <object_component_ref idref="oc-9b"/>
            <object_component_ref idref="oc-a0"/>
            <object_component_ref idref="oc-a5"/>
            <object_component_ref idref="oc-c4"/>
            <object_component_ref idref="oc-cb"/>
            <object_component_ref idref="oc-d0"/>
            <object_component_ref idref="oc-d5"/>
            <object_component_ref idref="oc-da"/>
            <object_component_ref idref="oc-df"/>
            <object_component_ref idref="oc-e4"/>
         </contents>
      </logical_group>
   </logical_group_list>
   <placement_map>
      <memory_area display="yes" color="green">
         <name>ZONE0</name>
         <page_id>0x0</page_id>
         <origin>0x4000</origin>
         <length>0x1000</length>
         <used_space>0x0</used_space>
         <unused_space>0x1000</unused_space>
         <attributes>RWIX</attributes>
         <usage_details>
         </usage_details>
      </memory_area>
      <memory_area display="yes" color="green">
         <name>RAML0</name>
         <page_id>0x0</page_id>
         <origin>0x8000</origin>
         <length>0x1000</length>
         <used_space>0x6ce</used_space>
         <unused_space>0x932</unused_space>
         <attributes>RWIX</attributes>
         <usage_details>
            <allocated_space>
               <start_address>0x8000</start_address>
               <size>0x560</size>
               <logical_group_ref idref="lg-34"/>
            </allocated_space>
            <allocated_space>
               <start_address>0x8560</start_address>
               <size>0x16e</size>
               <logical_group_ref idref="lg-3b"/>
            </allocated_space>
            <available_space>
               <start_address>0x86ce</start_address>
               <size>0x932</size>
            </available_space>
         </usage_details>
[...]
         <length>0x10</length>
         <used_space>0x0</used_space>
         <unused_space>0x10</unused_space>
         <attributes>RWIX</attributes>
         <usage_details>
         </usage_details>
      </memory_area>
      <memory_area display="no" color="green">
         <name>XINTRUPT</name>
         <page_id>0x1</page_id>
         <origin>0x7070</origin>
         <length>0x10</length>
         <used_space>0x0</used_space>
         <unused_space>0x10</unused_space>
         <attributes>RWIX</attributes>
         <usage_details>
         </usage_details>
      </memory_area>
      <memory_area display="no" color="green">
         <name>ADC</name>
         <page_id>0x1</page_id>
         <origin>0x7100</origin>
         <length>0x20</length>
         <used_space>0x0</used_space>
         <unused_space>0x20</unused_space>
         <attributes>RWIX</attributes>
         <usage_details>
         </usage_details>
      </memory_area>
      <memory_area display="no" color="green">
         <name>SCIB</name>
         <page_id>0x1</page_id>
         <origin>0x7750</origin>
         <length>0x10</length>
         <used_space>0x0</used_space>
         <unused_space>0x10</unused_space>
         <attributes>RWIX</attributes>
         <usage_details>
         </usage_details>
      </memory_area>
      <memory_area display="no" color="green">
         <name>SCIC</name>
         <page_id>0x1</page_id>
         <origin>0x7770</origin>
         <length>0x10</length>
         <used_space>0x0</used_space>
         <unused_space>0x10</unused_space>
         <attributes>RWIX</attributes>
         <usage_details>
         </usage_details>
      </memory_area>
      <memory_area display="no" color="green">
         <name>I2CA</name>
         <page_id>0x1</page_id>
         <origin>0x7900</origin>
         <length>0x40</length>
         <used_space>0x0</used_space>
         <unused_space>0x40</unused_space>
         <attributes>RWIX</attributes>
         <usage_details>
         </usage_details>
      </memory_area>
      <memory_area display="yes" color="green">
         <name>RAML4</name>
         <page_id>0x1</page_id>
         <origin>0xc000</origin>
         <length>0x1000</length>
         <used_space>0x54e</used_space>
         <unused_space>0xab2</unused_space>
         <attributes>RWIX</attributes>
         <usage_details>
            <allocated_space>
               <start_address>0xc000</start_address>
               <size>0x54e</size>
               <logical_group_ref idref="lg-3f"/>
            </allocated_space>
            <available_space>
               <start_address>0xc54e</start_address>
               <size>0xab2</size>
            </available_space>
         </usage_details>
      </memory_area>
      <memory_area display="yes" color="green">
         <name>RAML5</name>
         <page_id>0x1</page_id>
         <origin>0xd000</origin>
         <length>0x1000</length>
         <used_space>0x0</used_space>
         <unused_space>0x1000</unused_space>
         <attributes>RWIX</attributes>
         <usage_details>
         </usage_details>
      </memory_area>
      <memory_area display="yes" color="green">
         <name>RAML6</name>
         <page_id>0x1</page_id>
         <origin>0xe000</origin>
         <length>0x1000</length>
         <used_space>0x0</used_space>
         <unused_space>0x1000</unused_space>
         <attributes>RWIX</attributes>
         <usage_details>
         </usage_details>
      </memory_area>
      <memory_area display="yes" color="green">
         <name>RAML7</name>
         <page_id>0x1</page_id>
         <origin>0xf000</origin>
         <length>0x1000</length>
         <used_space>0x0</used_space>
         <unused_space>0x1000</unused_space>
         <attributes>RWIX</attributes>
         <usage_details>
         </usage_details>
      </memory_area>
      <memory_area display="yes" color="green">
         <name>ZONE7B</name>
         <page_id>0x1</page_id>
         <origin>0x20fc00</origin>
         <length>0x400</length>
         <used_space>0x0</used_space>
         <unused_space>0x400</unused_space>
         <attributes>RWIX</attributes>
         <usage_details>
         </usage_details>
      </memory_area>
      <memory_area display="yes" color="green">
         <name>FLASHB</name>
         <page_id>0x1</page_id>
         <origin>0x330000</origin>
         <length>0x8000</length>
         <used_space>0x0</used_space>
         <unused_space>0x8000</unused_space>
         <attributes>RWIX</attributes>
         <usage_details>
         </usage_details>
      </memory_area>
      <memory_area display="no" color="green">
         <name>CSM_PWL</name>
         <page_id>0x1</page_id>
         <origin>0x33fff8</origin>
         <length>0x8</length>
         <used_space>0x8</used_space>
         <unused_space>0x0</unused_space>
         <attributes>RWIX</attributes>
         <usage_details>
            <allocated_space>
               <start_address>0x33fff8</start_address>
               <size>0x8</size>
               <logical_group_ref idref="lg-32"/>
            </allocated_space>
         </usage_details>
      </memory_area>
      <memory_area display="no" color="green">
         <name>PARTID</name>
         <page_id>0x1</page_id>
         <origin>0x380090</origin>
         <length>0x1</length>
         <used_space>0x0</used_space>
         <unused_space>0x1</unused_space>
         <attributes>RWIX</attributes>
         <usage_details>
         </usage_details>
      </memory_area>
   </placement_map>
   <symbol_table>
      <symbol id="sm-0">
         <name>_Flash28_API_LoadStart</name>
         <value>0x320000</value>
      </symbol>
      <symbol id="sm-1">
         <name>_Flash28_API_LoadEnd</name>
         <value>0x320560</value>
      </symbol>
      <symbol id="sm-2">
         <name>_Flash28_API_RunStart</name>
         <value>0x8000</value>
      </symbol>
      <symbol id="sm-3">
         <name>_RamfuncsLoadStart</name>
         <value>0x320560</value>
      </symbol>
      <symbol id="sm-4">
         <name>_RamfuncsLoadEnd</name>
         <value>0x3206ce</value>
      </symbol>
      <symbol id="sm-5">
         <name>_RamfuncsRunStart</name>
         <value>0x8560</value>
      </symbol>
      <symbol id="sm-6">
         <name>cinit</name>
         <value>0x33822f</value>
      </symbol>
      <symbol id="sm-7">
         <name>___cinit__</name>
         <value>0x33822f</value>
      </symbol>
      <symbol id="sm-8">
         <name>pinit</name>
         <value>0xffffffff</value>
      </symbol>
      <symbol id="sm-9">
         <name>___pinit__</name>
         <value>0xffffffff</value>
      </symbol>
      <symbol id="sm-a">
         <name>binit</name>
         <value>0xffffffff</value>
      </symbol>
      <symbol id="sm-b">
         <name>___binit__</name>
         <value>0xffffffff</value>
      </symbol>
      <symbol id="sm-c">
         <name>__STACK_SIZE</name>
         <value>0x300</value>
      </symbol>
      <symbol id="sm-d">
         <name>__STACK_END</name>
         <value>0x700</value>
      </symbol>
      <symbol id="sm-e">
         <name>___c_args__</name>
         <value>0xffffffff</value>
      </symbol>
      <symbol id="sm-f">
         <name>.text</name>
         <value>0x338000</value>
      </symbol>
      <symbol id="sm-10">
         <name>___text__</name>
         <value>0x338000</value>
      </symbol>
      <symbol id="sm-11">
         <name>etext</name>
         <value>0x33822f</value>
      </symbol>
      <symbol id="sm-12">
         <name>___etext__</name>
         <value>0x33822f</value>
      </symbol>
      <symbol id="sm-13">
         <name>___TI_pprof_out_hndl</name>
         <value>0xffffffff</value>
      </symbol>
      <symbol id="sm-14">
         <name>___TI_prof_data_start</name>
         <value>0xffffffff</value>
      </symbol>
      <symbol id="sm-15">
         <name>___TI_prof_data_size</name>
         <value>0xffffffff</value>
      </symbol>
      <symbol id="sm-ca">
         <name>code_start</name>
         <value>0x33fff6</value>
         <object_component_ref idref="oc-50"/>
      </symbol>
      <symbol id="sm-102">
         <name>_main</name>
         <value>0x338000</value>
         <object_component_ref idref="oc-f0"/>
      </symbol>
      <symbol id="sm-103">
         <name>_Example_CallFlashAPI</name>
         <value>0x8560</value>
         <object_component_ref idref="oc-f3"/>
      </symbol>
      <symbol id="sm-104">
         <name>_Example_ToggleTest</name>
         <value>0x33809d</value>
         <object_component_ref idref="oc-f0"/>
      </symbol>
      <symbol id="sm-105">
         <name>_Example_MemCopy</name>
         <value>0x338126</value>
         <object_component_ref idref="oc-f0"/>
      </symbol>
      <symbol id="sm-106">
         <name>_MyCallbackCounter</name>
         <value>0xc000</value>
         <object_component_ref idref="oc-5a"/>
      </symbol>
      <symbol id="sm-107">
         <name>_Example_Error</name>
         <value>0x86bb</value>
         <object_component_ref idref="oc-f3"/>
      </symbol>
      <symbol id="sm-108">
         <name>_Example_CsmUnlock</name>
         <value>0x33804e</value>
         <object_component_ref idref="oc-f0"/>
      </symbol>
      <symbol id="sm-109">
         <name>_Sector</name>
         <value>0xc006</value>
         <object_component_ref idref="oc-5a"/>
      </symbol>
      <symbol id="sm-10a">
         <name>_Example_Done</name>
         <value>0x86c2</value>
         <object_component_ref idref="oc-f3"/>
      </symbol>
      <symbol id="sm-10b">
         <name>_Buffer</name>
         <value>0xc040</value>
         <object_component_ref idref="oc-5a"/>
      </symbol>
      <symbol id="sm-10c">
         <name>_FlashStatus</name>
         <value>0xc002</value>
         <object_component_ref idref="oc-5a"/>
      </symbol>
      <symbol id="sm-10d">
         <name>_MyCallbackFunction</name>
         <value>0x86c6</value>
         <object_component_ref idref="oc-f3"/>
      </symbol>
      <symbol id="sm-111">
         <name>_PRG_key2</name>
         <value>0x338226</value>
         <object_component_ref idref="oc-5f"/>
      </symbol>
      <symbol id="sm-112">
         <name>_PRG_key3</name>
         <value>0x338227</value>
         <object_component_ref idref="oc-5f"/>
      </symbol>
      <symbol id="sm-113">
         <name>_PRG_key0</name>
         <value>0x338224</value>
         <object_component_ref idref="oc-5f"/>
      </symbol>
      <symbol id="sm-114">
         <name>_PRG_key1</name>
         <value>0x338225</value>
         <object_component_ref idref="oc-5f"/>
      </symbol>
      <symbol id="sm-115">
         <name>_PRG_key6</name>
         <value>0x33822a</value>
         <object_component_ref idref="oc-5f"/>
      </symbol>
      <symbol id="sm-116">
         <name>_PRG_key7</name>
         <value>0x33822b</value>
         <object_component_ref idref="oc-5f"/>
      </symbol>
      <symbol id="sm-117">
         <name>_PRG_key4</name>
         <value>0x338228</value>
         <object_component_ref idref="oc-5f"/>
      </symbol>
      <symbol id="sm-118">
         <name>_PRG_key5</name>
         <value>0x338229</value>
         <object_component_ref idref="oc-5f"/>
      </symbol>
      <symbol id="sm-12a">
         <name>_GpioCtrlRegs</name>
         <value>0x6f80</value>
         <object_component_ref idref="oc-66"/>
      </symbol>
      <symbol id="sm-12b">
         <name>_CsmRegs</name>
         <value>0xae0</value>
         <object_component_ref idref="oc-63"/>
      </symbol>
      <symbol id="sm-12c">
         <name>_SysCtrlRegs</name>
         <value>0x7010</value>
         <object_component_ref idref="oc-64"/>
      </symbol>
      <symbol id="sm-12d">
         <name>_FlashRegs</name>
         <value>0xa80</value>
         <object_component_ref idref="oc-61"/>
      </symbol>
      <symbol id="sm-12e">
         <name>_GpioDataRegs</name>
         <value>0x6fc0</value>
         <object_component_ref idref="oc-65"/>
      </symbol>
      <symbol id="sm-12f">
         <name>_CsmPwl</name>
         <value>0x33fff8</value>
         <object_component_ref idref="oc-62"/>
      </symbol>
      <symbol id="sm-15f">
         <name>_Flash28333_Erase</name>
         <value>0x80d2</value>
         <object_component_ref idref="oc-68"/>
      </symbol>
      <symbol id="sm-185">
         <name>_Fl28333_EraseSector</name>
         <value>0x838d</value>
         <object_component_ref idref="oc-6d"/>
      </symbol>
      <symbol id="sm-18c">
         <name>_Flash_CallbackPtr</name>
         <value>0xc546</value>
         <object_component_ref idref="oc-73"/>
      </symbol>
      <symbol id="sm-18d">
         <name>_Flash_CPUScaleFactor</name>
         <value>0xc548</value>
         <object_component_ref idref="oc-73"/>
      </symbol>
      <symbol id="sm-19e">
         <name>_Fl28333_Init</name>
         <value>0x84f2</value>
         <object_component_ref idref="oc-74"/>
      </symbol>
      <symbol id="sm-1a8">
         <name>_Fl28x_FlashRegSleep</name>
         <value>0x823e</value>
         <object_component_ref idref="oc-79"/>
      </symbol>
      <symbol id="sm-1a9">
         <name>_Fl28x_MaskAll</name>
         <value>0x8285</value>
         <object_component_ref idref="oc-79"/>
      </symbol>
      <symbol id="sm-1aa">
         <name>_Fl28x_EnterCmdMode</name>
         <value>0x8219</value>
         <object_component_ref idref="oc-79"/>
      </symbol>
      <symbol id="sm-1ab">
         <name>_Fl28x_OpenPulse</name>
         <value>0x825d</value>
         <object_component_ref idref="oc-79"/>
      </symbol>
      <symbol id="sm-1ac">
         <name>_Fl28x_LeaveCmdMode</name>
         <value>0x820c</value>
         <object_component_ref idref="oc-79"/>
      </symbol>
      <symbol id="sm-1ad">
         <name>_Fl28x_ClosePulse</name>
         <value>0x826e</value>
         <object_component_ref idref="oc-79"/>
      </symbol>
      <symbol id="sm-1d5">
         <name>_Flash28333_Program</name>
         <value>0x8028</value>
         <object_component_ref idref="oc-7d"/>
      </symbol>
      <symbol id="sm-1de">
         <name>_Fl28x_ProgPulse</name>
         <value>0x82ce</value>
         <object_component_ref idref="oc-82"/>
      </symbol>
      <symbol id="sm-1df">
         <name>_Fl28x_ProgVerify</name>
         <value>0x8290</value>
         <object_component_ref idref="oc-82"/>
      </symbol>
      <symbol id="sm-1ed">
         <name>_Flash28333_ToggleTest</name>
         <value>0x851b</value>
         <object_component_ref idref="oc-86"/>
      </symbol>
      <symbol id="sm-1f6">
         <name>_Fl28x_WatchDogDisable</name>
         <value>0x8530</value>
         <object_component_ref idref="oc-8b"/>
      </symbol>
      <symbol id="sm-1f7">
         <name>_Fl28x_DisableNMI</name>
         <value>0x8538</value>
         <object_component_ref idref="oc-8b"/>
      </symbol>
      <symbol id="sm-20e">
         <name>_Flash28333_Verify</name>
         <value>0x843a</value>
         <object_component_ref idref="oc-8f"/>
      </symbol>
      <symbol id="sm-219">
         <name>_Flash28333_APIVersion</name>
         <value>0x8558</value>
         <object_component_ref idref="oc-94"/>
      </symbol>
      <symbol id="sm-224">
         <name>_Flash28333_APIVersionHex</name>
         <value>0x855d</value>
         <object_component_ref idref="oc-99"/>
      </symbol>
      <symbol id="sm-232">
         <name>_Fl28333_ClearSector</name>
         <value>0x84bf</value>
         <object_component_ref idref="oc-9e"/>
      </symbol>
      <symbol id="sm-25d">
         <name>_Fl28333_CompactSector</name>
         <value>0x83e7</value>
         <object_component_ref idref="oc-a3"/>
      </symbol>
      <symbol id="sm-267">
         <name>_Fl28x_Delay</name>
         <value>0x8544</value>
         <object_component_ref idref="oc-a8"/>
      </symbol>
      <symbol id="sm-26f">
         <name>_Fl28x_RestoreInt</name>
         <value>0x8555</value>
         <object_component_ref idref="oc-ac"/>
      </symbol>
      <symbol id="sm-270">
         <name>_Fl28x_DisableInt</name>
         <value>0x8551</value>
         <object_component_ref idref="oc-ac"/>
      </symbol>
      <symbol id="sm-27b">
         <name>_Fl28x_EraseVerify</name>
         <value>0x8172</value>
         <object_component_ref idref="oc-b0"/>
      </symbol>
      <symbol id="sm-27c">
         <name>_Fl28x_ErasePulse</name>
         <value>0x81ba</value>
         <object_component_ref idref="oc-b0"/>
      </symbol>
      <symbol id="sm-28c">
         <name>_Fl28x_ClearLoop</name>
         <value>0x847e</value>
         <object_component_ref idref="oc-b4"/>
      </symbol>
      <symbol id="sm-295">
         <name>_Fl28x_CompactVerify</name>
         <value>0x8310</value>
         <object_component_ref idref="oc-b8"/>
      </symbol>
      <symbol id="sm-296">
         <name>_Fl28x_CompactPulse</name>
         <value>0x834a</value>
         <object_component_ref idref="oc-b8"/>
      </symbol>
      <symbol id="sm-2b1">
         <name>_c_int00</name>
         <value>0x338139</value>
         <object_component_ref idref="oc-bc"/>
      </symbol>
      <symbol id="sm-2b2">
         <name>__stack</name>
         <value>0x400</value>
         <object_component_ref idref="oc-bd"/>
      </symbol>
      <symbol id="sm-2c1">
         <name>_copy_in</name>
         <value>0x3381b8</value>
         <object_component_ref idref="oc-eb"/>
      </symbol>
      <symbol id="sm-2d5">
         <name>C$$EXIT</name>
         <value>0x33818f</value>
         <object_component_ref idref="oc-ee"/>
      </symbol>
      <symbol id="sm-2d6">
         <name>_exit</name>
         <value>0x338191</value>
         <object_component_ref idref="oc-ee"/>
      </symbol>
      <symbol id="sm-2d7">
         <name>___TI_cleanup_ptr</name>
         <value>0xc542</value>
         <object_component_ref idref="oc-ca"/>
      </symbol>
      <symbol id="sm-2d8">
         <name>___TI_enable_exit_profile_output</name>
         <value>0xc540</value>
         <object_component_ref idref="oc-ca"/>
      </symbol>
      <symbol id="sm-2d9">
         <name>_abort</name>
         <value>0x33818f</value>
         <object_component_ref idref="oc-ee"/>
      </symbol>
      <symbol id="sm-2da">
         <name>___TI_dtors_ptr</name>
         <value>0xc544</value>
         <object_component_ref idref="oc-ca"/>
      </symbol>
      <symbol id="sm-2eb">
         <name>_memcpy</name>
         <value>0x3381dc</value>
         <object_component_ref idref="oc-ef"/>
      </symbol>
      <symbol id="sm-2f7">
         <name>__system_pre_init</name>
         <value>0x33822c</value>
         <object_component_ref idref="oc-ea"/>
      </symbol>
      <symbol id="sm-303">
         <name>__system_post_cinit</name>
         <value>0x33822e</value>
         <object_component_ref idref="oc-ec"/>
      </symbol>
      <symbol id="sm-317">
         <name>__unlock</name>
         <value>0xc54c</value>
         <object_component_ref idref="oc-f6"/>
      </symbol>
      <symbol id="sm-318">
         <name>__lock</name>
         <value>0xc54a</value>
         <object_component_ref idref="oc-f1"/>
      </symbol>
      <symbol id="sm-319">
         <name>__register_lock</name>
         <value>0x338217</value>
         <object_component_ref idref="oc-f4"/>
      </symbol>
      <symbol id="sm-31a">
         <name>__nop</name>
         <value>0x33821b</value>
         <object_component_ref idref="oc-f4"/>
      </symbol>
      <symbol id="sm-31b">
         <name>__register_unlock</name>
         <value>0x338213</value>
         <object_component_ref idref="oc-f4"/>
      </symbol>
      <symbol id="sm-32a">
         <name>__args_main</name>
         <value>0x3381fa</value>
         <object_component_ref idref="oc-ed"/>
      </symbol>
   </symbol_table>
   <title>Link successful</title>
</link_info>
