******************************************************************************
TMS320C1x/C2x/C2xx/C5x COFF Linker           Version 7.00                   
******************************************************************************
>> Linked Sun Jul 29 20:09:20 2001

OUTPUT FILE NAME:   <fft.out>
ENTRY POINT SYMBOL: "_c_int0"  address: 0000035a


MEMORY CONFIGURATION

           name     origin    length      used    attributes    fill
         --------  --------  ---------  --------  ----------  --------
PAGE 0: VECS      00000000  00000003f  00000030     RWIX      
         CODE      00000040  0000007ff  000007e1     RWIX      

PAGE 1: Ext_Ram   00008000  000000700  0000063f     RWIX      


SECTION ALLOCATION MAP

 output                                  attributes/
section   page    origin      length       input sections
--------  ----  ----------  ----------   ----------------
vectors    0    00000000    00000030     
                  00000000    00000030     Vectors.obj (vectors)

.text      0    00000040    000005c9     
                  00000040    00000150     fft.obj (.text)
                  00000190    00000000     Vectors.obj (.text)
                  00000190    000001ca     Process.obj (.text)
                  0000035a    0000003f     Boot.obj (.text)
                  00000399    0000007a     System.obj (.text)
                  00000413    0000008d     rts2xx.lib : idiv.obj (.text)
                  000004a0    000000ea                : ldiv.obj (.text)
                  0000058a    0000002e                : saverest.obj (.text)
                  000005b8    00000050                : exit.obj (.text)
                  00000608    00000001                : f_error.obj (.text)

.switch    0    00000040    00000000     UNINITIALIZED

.data      1    00008000    00000000     UNINITIALIZED
                  00008000    00000000     fft.obj (.data)
                  00008000    00000000     rts2xx.lib : f_error.obj (.data)
                  00008000    00000000                : exit.obj (.data)
                  00008000    00000000                : saverest.obj (.data)
                  00008000    00000000                : ldiv.obj (.data)
                  00008000    00000000                : idiv.obj (.data)
                  00008000    00000000     System.obj (.data)
                  00008000    00000000     Vectors.obj (.data)
                  00008000    00000000     Boot.obj (.data)
                  00008000    00000000     Process.obj (.data)

.bss       1    00008000    0000023f     UNINITIALIZED
                  00008000    00000202     Process.obj (.bss)
                  00008202    00000000     rts2xx.lib : ldiv.obj (.bss)
                  00008202    00000000                : idiv.obj (.bss)
                  00008202    00000000     Vectors.obj (.bss)
                  00008202    00000000     rts2xx.lib : f_error.obj (.bss)
                  00008202    00000000     Boot.obj (.bss)
                  00008202    00000000     rts2xx.lib : saverest.obj (.bss)
                  00008202    00000022                : exit.obj (.bss)
                  00008224    0000001a     fft.obj (.bss)
                  0000823e    00000001     System.obj (.bss)

.heap      1    00008000    00000000     UNINITIALIZED

.stack     1    0000823f    00000400     UNINITIALIZED
                  0000823f    00000000     Boot.obj (.stack)

.sysmem    1    00008000    00000000     UNINITIALIZED

.cinit     0    00000609    00000218     
                  00000609    0000000d     fft.obj (.cinit)
                  00000616    00000204     Process.obj (.cinit)
                  0000081a    00000006     rts2xx.lib : exit.obj (.cinit)
                  00000820    00000001     --HOLE-- [fill = 0000]


GLOBAL SYMBOLS

address  name                             address  name
-------- ----                             -------- ----
00008000 .bss                             00000000 _vector
00008000 .data                            00000040 .text
00000040 .text                            00000040 _init_GPT1
00000605 C$$EXIT                          00000067 _init_GPT2
00000413 I$$DIV                           00000088 _init_ADC
0000044f I$$MOD                           000000a3 _shuffle_and_read
000005a2 I$$REST                          000000cd _copy_input_to_complex
0000058a I$$SAVE                          000000fa _main
000004a0 L$$DIVS                          0000016d _c_int2
00000512 L$$DIVU                          00000190 _FFT
000004db L$$MODS                          0000035a _c_int0
00000532 L$$MODU                          00000399 _bad_trap
00000190 _FFT                             000003a0 _init_system
00000400 __STACK_SIZE                     000003be _wait_ms
00008203 __cleanup_ptr                    00000400 __STACK_SIZE
00000605 _abort                           00000413 I$$DIV
000005e6 _atexit                          0000044f I$$MOD
00000399 _bad_trap                        000004a0 L$$DIVS
0000035a _c_int0                          000004db L$$MODS
0000016d _c_int2                          00000512 L$$DIVU
0000823e _configdata                      00000532 L$$MODU
000000cd _copy_input_to_complex           0000058a I$$SAVE
000005b8 _exit                            000005a2 I$$REST
00000608 _f$$error                        000005b8 _exit
00000088 _init_ADC                        000005e6 _atexit
00000040 _init_GPT1                       00000605 C$$EXIT
00000067 _init_GPT2                       00000605 _abort
000003a0 _init_system                     00000608 _f$$error
00008225 _input_buffer                    00000609 cinit
000000fa _main                            00000609 etext
00008224 _perform_fft                     00008000 edata
000000a3 _shuffle_and_read                00008000 .data
00000000 _vector                          00008000 .bss
00008000 _w                               00008000 _w
000003be _wait_ms                         00008203 __cleanup_ptr
0000822e _y                               00008224 _perform_fft
00000609 cinit                            00008225 _input_buffer
00008000 edata                            0000822e _y
0000823f end                              0000823e _configdata
00000609 etext                            0000823f end
ffffffff pinit                            ffffffff pinit

[41 symbols]
