******************************************************************************
             TMS320C2000 Linker PC v5.2.3                      
******************************************************************************
>> Linked Wed Jul 28 14:25:10 2010

OUTPUT FILE NAME:   <Example_Flash2802x_API.out>
ENTRY POINT SYMBOL: "code_start"  address: 003f7ff6


MEMORY CONFIGURATION

         name            origin    length      used     unused   attr    fill
----------------------  --------  ---------  --------  --------  ----  --------
PAGE 0:
  PRAML0                00008000   00000800  00000168  00000698  RWIX
  OTP                   003d7800   00000400  00000000  00000400  RWIX
  FLASHD                003f4000   00001000  00000000  00001000  RWIX
  FLASHC                003f5000   00001000  00000000  00001000  RWIX
  FLASHA                003f7000   00000f80  000003a8  00000bd8  RWIX
  CSM_RSVD              003f7f80   00000076  00000076  00000000  RWIX
  BEGIN                 003f7ff6   00000002  00000002  00000000  RWIX
  CSM_PWL_PROG          003f7ff8   00000008  00000008  00000000  RWIX
  IQTABLES              003fe000   00000b50  00000000  00000b50  RWIX
  IQTABLES2             003feb50   0000008c  00000000  0000008c  RWIX
  IQTABLES3             003febdc   000000aa  00000000  000000aa  RWIX
  ROM                   003ff27c   00000d44  00000000  00000d44  RWIX
  RESET                 003fffc0   00000002  00000000  00000002  RWIX
  VECTORS               003fffc2   0000003e  00000000  0000003e  RWIX

PAGE 1:
  BOOT_RSVD             00000000   00000050  00000000  00000050  RWIX
  RAMM0                 00000050   000003b0  00000200  000001b0  RWIX
  RAMM1                 00000400   00000400  00000000  00000400  RWIX
  DEV_EMU               00000880   00000180  00000000  00000180  RWIX
  FLASH_REGS            00000a80   00000060  00000008  00000058  RWIX
  CSM                   00000ae0   00000010  00000010  00000000  RWIX
  ADC_RESULT            00000b00   00000020  00000000  00000020  RWIX
  CPU_TIMER0            00000c00   00000008  00000000  00000008  RWIX
  CPU_TIMER1            00000c08   00000008  00000000  00000008  RWIX
  CPU_TIMER2            00000c10   00000008  00000000  00000008  RWIX
  PIE_CTRL              00000ce0   00000020  00000000  00000020  RWIX
  PIE_VECT              00000d00   00000100  00000006  000000fa  RWIX
  COMP1                 00006400   00000020  00000000  00000020  RWIX
  COMP2                 00006420   00000020  00000000  00000020  RWIX
  EPWM1                 00006800   00000040  00000000  00000040  RWIX
  EPWM2                 00006840   00000040  00000000  00000040  RWIX
  EPWM3                 00006880   00000040  00000000  00000040  RWIX
  EPWM4                 000068c0   00000040  00000000  00000040  RWIX
  ECAP1                 00006a00   00000020  00000000  00000020  RWIX
  GPIOCTRL              00006f80   00000040  00000040  00000000  RWIX
  GPIODAT               00006fc0   00000020  00000020  00000000  RWIX
  GPIOINT               00006fe0   00000020  00000000  00000020  RWIX
  SYSTEM                00007010   00000020  0000001f  00000001  RWIX
  SPIA                  00007040   00000010  00000000  00000010  RWIX
  SCIA                  00007050   00000010  00000000  00000010  RWIX
  NMIINTRUPT            00007060   00000010  00000000  00000010  RWIX
  XINTRUPT              00007070   00000010  00000000  00000010  RWIX
  ADC                   00007100   00000080  00000000  00000080  RWIX
  I2CA                  00007900   00000040  00000000  00000040  RWIX
  DRAML0                00008800   00000800  00000148  000006b8  RWIX
  PARTID                003d7fff   00000001  00000000  00000001  RWIX
  FLASHB                003f6000   00001000  00000000  00001000  RWIX
  CSM_PWL               003f7ff8   00000008  00000008  00000000  RWIX


SECTION ALLOCATION MAP

 output                                  attributes/
section   page    origin      length       input sections
--------  ----  ----------  ----------   ----------------
.pinit     0    003f7000    00000000     UNINITIALIZED

ramfuncs   0    003f7000    00000168     RUN ADDR = 00008000
                  003f7000    00000168     Example_Flash2802x_API.obj (ramfuncs)

.text      0    003f7168    00000217     
                  003f7168    0000016f     Example_Flash2802x_API.obj (.text)
                  003f72d7    00000044     rts2800_ml.lib : boot.obj (.text)
                  003f731b    0000001b                    : args_main.obj (.text)
                  003f7336    00000019                    : exit.obj (.text)
                  003f734f    00000017                    : fs_cmp.obj (.text)
                  003f7366    00000009                    : _lock.obj (.text)
                  003f736f    00000008     DSP2802x_CodeStartBranch.obj (.text)
                  003f7377    00000008     Example_Flash2802x_CsmKeys.obj (.text)

.cinit     0    003f737f    00000029     
                  003f737f    00000013     Example_Flash2802x_API.obj (.cinit)
                  003f7392    0000000a     rts2800_ml.lib : _lock.obj (.cinit)
                  003f739c    0000000a                    : exit.obj (.cinit)
                  003f73a6    00000002     --HOLE-- [fill = 0]

csm_rsvd   0    003f7f80    00000076     
                  003f7f80    00000076     DSP2802x_CSMPasswords.obj (csm_rsvd)

codestart 
*          0    003f7ff6    00000002     
                  003f7ff6    00000002     DSP2802x_CodeStartBranch.obj (codestart)

csmpasswds 
*          0    003f7ff8    00000008     
                  003f7ff8    00000008     DSP2802x_CSMPasswords.obj (csmpasswds)

.reset     0    003fffc0    00000002     DSECT
                  003fffc0    00000002     rts2800_ml.lib : boot.obj (.reset)

vectors    0    003fffc2    00000000     DSECT

.stack     1    00000050    00000200     UNINITIALIZED
                  00000050    00000200     --HOLE--

FlashRegsFile 
*          1    00000a80    00000008     UNINITIALIZED
                  00000a80    00000008     Example_Flash2802x_GlobalVariableDefs.obj (FlashRegsFile)

CsmRegsFile 
*          1    00000ae0    00000010     UNINITIALIZED
                  00000ae0    00000010     Example_Flash2802x_GlobalVariableDefs.obj (CsmRegsFile)

PieVectTableFile 
*          1    00000d00    00000000     UNINITIALIZED

EmuKeyVar 
*          1    00000d00    00000001     UNINITIALIZED
                  00000d00    00000001     Example_Flash2802x_API.obj (EmuKeyVar)

EmuBModeVar 
*          1    00000d01    00000001     UNINITIALIZED
                  00000d01    00000001     Example_Flash2802x_API.obj (EmuBModeVar)

FlashCallbackVar 
*          1    00000d02    00000002     UNINITIALIZED
                  00000d02    00000002     Example_Flash2802x_API.obj (FlashCallbackVar)

FlashScalingVar 
*          1    00000d04    00000002     UNINITIALIZED
                  00000d04    00000002     Example_Flash2802x_API.obj (FlashScalingVar)

GpioCtrlRegsFile 
*          1    00006f80    00000040     UNINITIALIZED
                  00006f80    00000040     Example_Flash2802x_GlobalVariableDefs.obj (GpioCtrlRegsFile)

GpioDataRegsFile 
*          1    00006fc0    00000020     UNINITIALIZED
                  00006fc0    00000020     Example_Flash2802x_GlobalVariableDefs.obj (GpioDataRegsFile)

SysCtrlRegsFile 
*          1    00007010    0000001f     UNINITIALIZED
                  00007010    0000001f     Example_Flash2802x_GlobalVariableDefs.obj (SysCtrlRegsFile)

.ebss      1    00008800    00000148     UNINITIALIZED
                  00008800    00000140     Example_Flash2802x_API.obj (.ebss)
                  00008940    00000004     rts2800_ml.lib : _lock.obj (.ebss)
                  00008944    00000004                    : exit.obj (.ebss)

CsmPwlFile 
*          1    003f7ff8    00000008     UNINITIALIZED
                  003f7ff8    00000008     Example_Flash2802x_GlobalVariableDefs.obj (CsmPwlFile)


GLOBAL SYMBOLS: SORTED ALPHABETICALLY BY Name 

address    name
--------   ----
003f7168   .text
003f7336   C$$EXIT
003f734f   FS$$CMP
00008840   _Buffer
003f7ff8   _CsmPwl
00000ae0   _CsmRegs
00000d01   _EmuBMode
00000d00   _EmuKey
00008000   _Example_CallFlashAPI
003f71c7   _Example_CsmUnlock
0000815c   _Example_Done
00008155   _Example_Error
003f72c2   _Example_MemCopy
003f7216   _Example_ToggleTest
003ffe70   _Flash2802x_APIVersion
003ffe75   _Flash2802x_APIVersionHex
003ff98e   _Flash2802x_Erase
003ff8d2   _Flash2802x_Program
003ffe21   _Flash2802x_ToggleTest
003ffdc4   _Flash2802x_Verify
00000a80   _FlashRegs
00008802   _FlashStatus
00000d04   _Flash_CPUScaleFactor
00000d02   _Flash_CallbackPtr
00006f80   _GpioCtrlRegs
00006fc0   _GpioDataRegs
00008800   _MyCallbackCounter
00008160   _MyCallbackFunction
003f7377   _PRG_key0
003f7378   _PRG_key1
003f7379   _PRG_key2
003f737a   _PRG_key3
003f737b   _PRG_key4
003f737c   _PRG_key5
003f737d   _PRG_key6
003f737e   _PRG_key7
003f7168   _RamfuncsLoadEnd
003f7000   _RamfuncsLoadStart
00008000   _RamfuncsRunStart
00008806   _Sector
00007010   _SysCtrlRegs
00000250   __STACK_END
00000200   __STACK_SIZE
ffffffff   ___binit__
ffffffff   ___c_args__
003f737f   ___cinit__
003f737f   ___etext__
ffffffff   ___pinit__
003f7168   ___text__
003f731b   __args_main
00008944   __cleanup_ptr
00008946   __dtors_ptr
00008942   __lock
003f736e   __nop
003f736a   __register_lock
003f7366   __register_unlock
00000050   __stack
00008940   __unlock
003f7336   _abort
003f72d7   _c_int00
003f7338   _exit
003f7168   _main
ffffffff   binit
003f737f   cinit
003f7ff6   code_start
003f737f   etext
ffffffff   pinit


GLOBAL SYMBOLS: SORTED BY Symbol Address 

address    name
--------   ----
00000050   __stack
00000200   __STACK_SIZE
00000250   __STACK_END
00000a80   _FlashRegs
00000ae0   _CsmRegs
00000d00   _EmuKey
00000d01   _EmuBMode
00000d02   _Flash_CallbackPtr
00000d04   _Flash_CPUScaleFactor
00006f80   _GpioCtrlRegs
00006fc0   _GpioDataRegs
00007010   _SysCtrlRegs
00008000   _Example_CallFlashAPI
00008000   _RamfuncsRunStart
00008155   _Example_Error
0000815c   _Example_Done
00008160   _MyCallbackFunction
00008800   _MyCallbackCounter
00008802   _FlashStatus
00008806   _Sector
00008840   _Buffer
00008940   __unlock
00008942   __lock
00008944   __cleanup_ptr
00008946   __dtors_ptr
003f7000   _RamfuncsLoadStart
003f7168   .text
003f7168   _RamfuncsLoadEnd
003f7168   ___text__
003f7168   _main
003f71c7   _Example_CsmUnlock
003f7216   _Example_ToggleTest
003f72c2   _Example_MemCopy
003f72d7   _c_int00
003f731b   __args_main
003f7336   C$$EXIT
003f7336   _abort
003f7338   _exit
003f734f   FS$$CMP
003f7366   __register_unlock
003f736a   __register_lock
003f736e   __nop
003f7377   _PRG_key0
003f7378   _PRG_key1
003f7379   _PRG_key2
003f737a   _PRG_key3
003f737b   _PRG_key4
003f737c   _PRG_key5
003f737d   _PRG_key6
003f737e   _PRG_key7
003f737f   ___cinit__
003f737f   ___etext__
003f737f   cinit
003f737f   etext
003f7ff6   code_start
003f7ff8   _CsmPwl
003ff8d2   _Flash2802x_Program
003ff98e   _Flash2802x_Erase
003ffdc4   _Flash2802x_Verify
003ffe21   _Flash2802x_ToggleTest
003ffe70   _Flash2802x_APIVersion
003ffe75   _Flash2802x_APIVersionHex
ffffffff   ___binit__
ffffffff   ___c_args__
ffffffff   ___pinit__
ffffffff   binit
ffffffff   pinit

[67 symbols]
